Archive member included to satisfy reference by file (symbol)

/home/koutakimura/workspace/ProjectFolder/ARM/STM32CubeIDE/I2S_F429_LQFP144/libarm_cortexM4lf_math.a(arm_sin_f32.o)
                              Core/Src/dtm.o (arm_sin_f32)
/home/koutakimura/workspace/ProjectFolder/ARM/STM32CubeIDE/I2S_F429_LQFP144/libarm_cortexM4lf_math.a(arm_common_tables.o)
                              /home/koutakimura/workspace/ProjectFolder/ARM/STM32CubeIDE/I2S_F429_LQFP144/libarm_cortexM4lf_math.a(arm_sin_f32.o) (sinTable_f32)
/opt/st/stm32cubeide_1.5.0/plugins/com.st.stm32cube.ide.mcu.externaltools.gnu-tools-for-stm32.7-2018-q2-update.linux64_1.5.0.202011040924/tools/bin/../lib/gcc/arm-none-eabi/7.3.1/../../../../arm-none-eabi/lib/thumb/v7e-m/fpv4-sp/hard/libc_nano.a(lib_a-errno.o)
                              Core/Src/syscalls.o (__errno)
/opt/st/stm32cubeide_1.5.0/plugins/com.st.stm32cube.ide.mcu.externaltools.gnu-tools-for-stm32.7-2018-q2-update.linux64_1.5.0.202011040924/tools/bin/../lib/gcc/arm-none-eabi/7.3.1/../../../../arm-none-eabi/lib/thumb/v7e-m/fpv4-sp/hard/libc_nano.a(lib_a-exit.o)
                              /opt/st/stm32cubeide_1.5.0/plugins/com.st.stm32cube.ide.mcu.externaltools.gnu-tools-for-stm32.7-2018-q2-update.linux64_1.5.0.202011040924/tools/bin/../lib/gcc/arm-none-eabi/7.3.1/../../../../arm-none-eabi/lib/thumb/v7e-m/fpv4-sp/hard/crt0.o (exit)
/opt/st/stm32cubeide_1.5.0/plugins/com.st.stm32cube.ide.mcu.externaltools.gnu-tools-for-stm32.7-2018-q2-update.linux64_1.5.0.202011040924/tools/bin/../lib/gcc/arm-none-eabi/7.3.1/../../../../arm-none-eabi/lib/thumb/v7e-m/fpv4-sp/hard/libc_nano.a(lib_a-impure.o)
                              /opt/st/stm32cubeide_1.5.0/plugins/com.st.stm32cube.ide.mcu.externaltools.gnu-tools-for-stm32.7-2018-q2-update.linux64_1.5.0.202011040924/tools/bin/../lib/gcc/arm-none-eabi/7.3.1/../../../../arm-none-eabi/lib/thumb/v7e-m/fpv4-sp/hard/libc_nano.a(lib_a-exit.o) (_global_impure_ptr)
/opt/st/stm32cubeide_1.5.0/plugins/com.st.stm32cube.ide.mcu.externaltools.gnu-tools-for-stm32.7-2018-q2-update.linux64_1.5.0.202011040924/tools/bin/../lib/gcc/arm-none-eabi/7.3.1/../../../../arm-none-eabi/lib/thumb/v7e-m/fpv4-sp/hard/libc_nano.a(lib_a-init.o)
                              /opt/st/stm32cubeide_1.5.0/plugins/com.st.stm32cube.ide.mcu.externaltools.gnu-tools-for-stm32.7-2018-q2-update.linux64_1.5.0.202011040924/tools/bin/../lib/gcc/arm-none-eabi/7.3.1/../../../../arm-none-eabi/lib/thumb/v7e-m/fpv4-sp/hard/crt0.o (__libc_init_array)
/opt/st/stm32cubeide_1.5.0/plugins/com.st.stm32cube.ide.mcu.externaltools.gnu-tools-for-stm32.7-2018-q2-update.linux64_1.5.0.202011040924/tools/bin/../lib/gcc/arm-none-eabi/7.3.1/../../../../arm-none-eabi/lib/thumb/v7e-m/fpv4-sp/hard/libc_nano.a(lib_a-memset.o)
                              /opt/st/stm32cubeide_1.5.0/plugins/com.st.stm32cube.ide.mcu.externaltools.gnu-tools-for-stm32.7-2018-q2-update.linux64_1.5.0.202011040924/tools/bin/../lib/gcc/arm-none-eabi/7.3.1/../../../../arm-none-eabi/lib/thumb/v7e-m/fpv4-sp/hard/crt0.o (memset)
/opt/st/stm32cubeide_1.5.0/plugins/com.st.stm32cube.ide.mcu.externaltools.gnu-tools-for-stm32.7-2018-q2-update.linux64_1.5.0.202011040924/tools/bin/../lib/gcc/arm-none-eabi/7.3.1/../../../../arm-none-eabi/lib/thumb/v7e-m/fpv4-sp/hard/libc_nano.a(lib_a-rand.o)
                              Core/Src/dtm.o (rand)
/opt/st/stm32cubeide_1.5.0/plugins/com.st.stm32cube.ide.mcu.externaltools.gnu-tools-for-stm32.7-2018-q2-update.linux64_1.5.0.202011040924/tools/bin/../lib/gcc/arm-none-eabi/7.3.1/../../../../arm-none-eabi/lib/thumb/v7e-m/fpv4-sp/hard/libc_nano.a(lib_a-malloc.o)
                              /opt/st/stm32cubeide_1.5.0/plugins/com.st.stm32cube.ide.mcu.externaltools.gnu-tools-for-stm32.7-2018-q2-update.linux64_1.5.0.202011040924/tools/bin/../lib/gcc/arm-none-eabi/7.3.1/../../../../arm-none-eabi/lib/thumb/v7e-m/fpv4-sp/hard/libc_nano.a(lib_a-rand.o) (malloc)
/opt/st/stm32cubeide_1.5.0/plugins/com.st.stm32cube.ide.mcu.externaltools.gnu-tools-for-stm32.7-2018-q2-update.linux64_1.5.0.202011040924/tools/bin/../lib/gcc/arm-none-eabi/7.3.1/../../../../arm-none-eabi/lib/thumb/v7e-m/fpv4-sp/hard/libc_nano.a(lib_a-nano-freer.o)
                              /opt/st/stm32cubeide_1.5.0/plugins/com.st.stm32cube.ide.mcu.externaltools.gnu-tools-for-stm32.7-2018-q2-update.linux64_1.5.0.202011040924/tools/bin/../lib/gcc/arm-none-eabi/7.3.1/../../../../arm-none-eabi/lib/thumb/v7e-m/fpv4-sp/hard/libc_nano.a(lib_a-malloc.o) (_free_r)
/opt/st/stm32cubeide_1.5.0/plugins/com.st.stm32cube.ide.mcu.externaltools.gnu-tools-for-stm32.7-2018-q2-update.linux64_1.5.0.202011040924/tools/bin/../lib/gcc/arm-none-eabi/7.3.1/../../../../arm-none-eabi/lib/thumb/v7e-m/fpv4-sp/hard/libc_nano.a(lib_a-nano-mallocr.o)
[...]
Memory Configuration

Name             Origin             Length             Attributes
CCMRAM           0x0000000010000000 0x0000000000010000 xrw
RAM              0x0000000020000000 0x0000000000030000 xrw
FLASH            0x0000000008000000 0x0000000000200000 xr
*default*        0x0000000000000000 0xffffffffffffffff

Linker script and memory map

LOAD /opt/st/stm32cubeide_1.5.0/plugins/com.st.stm32cube.ide.mcu.externaltools.gnu-tools-for-stm32.7-2018-q2-update.linux64_1.5.0.202011040924/tools/bin/../lib/gcc/arm-none-eabi/7.3.1/thumb/v7e-m/fpv4-sp/hard/crti.o
LOAD /opt/st/stm32cubeide_1.5.0/plugins/com.st.stm32cube.ide.mcu.externaltools.gnu-tools-for-stm32.7-2018-q2-update.linux64_1.5.0.202011040924/tools/bin/../lib/gcc/arm-none-eabi/7.3.1/thumb/v7e-m/fpv4-sp/hard/crtbegin.o
LOAD /opt/st/stm32cubeide_1.5.0/plugins/com.st.stm32cube.ide.mcu.externaltools.gnu-tools-for-stm32.7-2018-q2-update.linux64_1.5.0.202011040924/tools/bin/../lib/gcc/arm-none-eabi/7.3.1/../../../../arm-none-eabi/lib/thumb/v7e-m/fpv4-sp/hard/crt0.o
LOAD Core/Src/dtm.o
LOAD Core/Src/main.o
LOAD Core/Src/ssd1306.o
LOAD Core/Src/stm32f4xx_hal_msp.o
LOAD Core/Src/stm32f4xx_it.o
LOAD Core/Src/string.o
LOAD Core/Src/syscalls.o
LOAD Core/Src/sysmem.o
LOAD Core/Src/system_stm32f4xx.o
LOAD Core/Src/tft.o
LOAD Core/Src/timer.o
LOAD Core/Startup/startup_stm32f429zitx.o
LOAD Drivers/STM32F4xx_HAL_Driver/Src/stm32f4xx_hal.o
LOAD Drivers/STM32F4xx_HAL_Driver/Src/stm32f4xx_hal_cortex.o
LOAD Drivers/STM32F4xx_HAL_Driver/Src/stm32f4xx_hal_dma.o
LOAD Drivers/STM32F4xx_HAL_Driver/Src/stm32f4xx_hal_dma_ex.o
LOAD Drivers/STM32F4xx_HAL_Driver/Src/stm32f4xx_hal_exti.o
LOAD Drivers/STM32F4xx_HAL_Driver/Src/stm32f4xx_hal_flash.o
LOAD Drivers/STM32F4xx_HAL_Driver/Src/stm32f4xx_hal_flash_ex.o
LOAD Drivers/STM32F4xx_HAL_Driver/Src/stm32f4xx_hal_flash_ramfunc.o
LOAD Drivers/STM32F4xx_HAL_Driver/Src/stm32f4xx_hal_gpio.o
LOAD Drivers/STM32F4xx_HAL_Driver/Src/stm32f4xx_hal_i2c.o
LOAD Drivers/STM32F4xx_HAL_Driver/Src/stm32f4xx_hal_i2c_ex.o
LOAD Drivers/STM32F4xx_HAL_Driver/Src/stm32f4xx_hal_i2s.o
LOAD Drivers/STM32F4xx_HAL_Driver/Src/stm32f4xx_hal_i2s_ex.o
LOAD Drivers/STM32F4xx_HAL_Driver/Src/stm32f4xx_hal_pwr.o
LOAD Drivers/STM32F4xx_HAL_Driver/Src/stm32f4xx_hal_pwr_ex.o
LOAD Drivers/STM32F4xx_HAL_Driver/Src/stm32f4xx_hal_rcc.o
LOAD Drivers/STM32F4xx_HAL_Driver/Src/stm32f4xx_hal_rcc_ex.o
LOAD Drivers/STM32F4xx_HAL_Driver/Src/stm32f4xx_hal_spi.o
LOAD Drivers/STM32F4xx_HAL_Driver/Src/stm32f4xx_hal_tim.o
LOAD Drivers/STM32F4xx_HAL_Driver/Src/stm32f4xx_hal_tim_ex.o
LOAD /home/koutakimura/workspace/ProjectFolder/ARM/STM32CubeIDE/I2S_F429_LQFP144/libarm_cortexM4lf_math.a
START GROUP
LOAD /opt/st/stm32cubeide_1.5.0/plugins/com.st.stm32cube.ide.mcu.externaltools.gnu-tools-for-stm32.7-2018-q2-update.linux64_1.5.0.202011040924/tools/bin/../lib/gcc/arm-none-eabi/7.3.1/../../../../arm-none-eabi/lib/thumb/v7e-m/fpv4-sp/hard/libc_nano.a
LOAD /opt/st/stm32cubeide_1.5.0/plugins/com.st.stm32cube.ide.mcu.externaltools.gnu-tools-for-stm32.7-2018-q2-update.linux64_1.5.0.202011040924/tools/bin/../lib/gcc/arm-none-eabi/7.3.1/../../../../arm-none-eabi/lib/thumb/v7e-m/fpv4-sp/hard/libm.a
END GROUP
START GROUP
LOAD /opt/st/stm32cubeide_1.5.0/plugins/com.st.stm32cube.ide.mcu.externaltools.gnu-tools-for-stm32.7-2018-q2-update.linux64_1.5.0.202011040924/tools/bin/../lib/gcc/arm-none-eabi/7.3.1/thumb/v7e-m/fpv4-sp/hard/libgcc.a
LOAD /opt/st/stm32cubeide_1.5.0/plugins/com.st.stm32cube.ide.mcu.externaltools.gnu-tools-for-stm32.7-2018-q2-update.linux64_1.5.0.202011040924/tools/bin/../lib/gcc/arm-none-eabi/7.3.1/../../../../arm-none-eabi/lib/thumb/v7e-m/fpv4-sp/hard/libc_nano.a
END GROUP
START GROUP
LOAD /opt/st/stm32cubeide_1.5.0/plugins/com.st.stm32cube.ide.mcu.externaltools.gnu-tools-for-stm32.7-2018-q2-update.linux64_1.5.0.202011040924/tools/bin/../lib/gcc/arm-none-eabi/7.3.1/thumb/v7e-m/fpv4-sp/hard/libgcc.a
LOAD /opt/st/stm32cubeide_1.5.0/plugins/com.st.stm32cube.ide.mcu.externaltools.gnu-tools-for-stm32.7-2018-q2-update.linux64_1.5.0.202011040924/tools/bin/../lib/gcc/arm-none-eabi/7.3.1/../../../../arm-none-eabi/lib/thumb/v7e-m/fpv4-sp/hard/libc_nano.a
LOAD /opt/st/stm32cubeide_1.5.0/plugins/com.st.stm32cube.ide.mcu.externaltools.gnu-tools-for-stm32.7-2018-q2-update.linux64_1.5.0.202011040924/tools/bin/../lib/gcc/arm-none-eabi/7.3.1/../../../../arm-none-eabi/lib/thumb/v7e-m/fpv4-sp/hard/libnosys.a
END GROUP
START GROUP
LOAD /opt/st/stm32cubeide_1.5.0/plugins/com.st.stm32cube.ide.mcu.externaltools.gnu-tools-for-stm32.7-2018-q2-update.linux64_1.5.0.202011040924/tools/bin/../lib/gcc/arm-none-eabi/7.3.1/thumb/v7e-m/fpv4-sp/hard/libgcc.a
LOAD /opt/st/stm32cubeide_1.5.0/plugins/com.st.stm32cube.ide.mcu.externaltools.gnu-tools-for-stm32.7-2018-q2-update.linux64_1.5.0.202011040924/tools/bin/../lib/gcc/arm-none-eabi/7.3.1/../../../../arm-none-eabi/lib/thumb/v7e-m/fpv4-sp/hard/libc_nano.a
LOAD /opt/st/stm32cubeide_1.5.0/plugins/com.st.stm32cube.ide.mcu.externaltools.gnu-tools-for-stm32.7-2018-q2-update.linux64_1.5.0.202011040924/tools/bin/../lib/gcc/arm-none-eabi/7.3.1/../../../../arm-none-eabi/lib/thumb/v7e-m/fpv4-sp/hard/libnosys.a
END GROUP
LOAD /opt/st/stm32cubeide_1.5.0/plugins/com.st.stm32cube.ide.mcu.externaltools.gnu-tools-for-stm32.7-2018-q2-update.linux64_1.5.0.202011040924/tools/bin/../lib/gcc/arm-none-eabi/7.3.1/thumb/v7e-m/fpv4-sp/hard/crtend.o
LOAD /opt/st/stm32cubeide_1.5.0/plugins/com.st.stm32cube.ide.mcu.externaltools.gnu-tools-for-stm32.7-2018-q2-update.linux64_1.5.0.202011040924/tools/bin/../lib/gcc/arm-none-eabi/7.3.1/thumb/v7e-m/fpv4-sp/hard/crtn.o
                0x0000000020030000                _estack = (ORIGIN (RAM) + LENGTH (RAM))
                0x0000000000000200                _Min_Heap_Size = 0x200
                0x0000000000000400                _Min_Stack_Size = 0x400

.isr_vector     0x0000000008000000      0x1ac
                0x0000000008000000                . = ALIGN (0x4)
 *(.isr_vector)
 .isr_vector    0x0000000008000000      0x1ac Core/Startup/startup_stm32f429zitx.o
                0x0000000008000000                g_pfnVectors
                0x00000000080001ac                . = ALIGN (0x4)

.text           0x00000000080001ac     0x5d20
                0x00000000080001ac                . = ALIGN (0x4)
 *(.text)
 .text          0x00000000080001ac       0x40 /opt/st/stm32cubeide_1.5.0/plugins/com.st.stm32cube.ide.mcu.externaltools.gnu-tools-for-stm32.7-2018-q2-update.linux64_1.5.0.202011040924/tools/bin/../lib/gcc/arm-none-eabi/7.3.1/thumb/v7e-m/fpv4-sp/hard/crtbegin.o
 .text          0x00000000080001ec      0x378 /opt/st/stm32cubeide_1.5.0/plugins/com.st.stm32cube.ide.mcu.externaltools.gnu-tools-for-stm32.7-2018-q2-update.linux64_1.5.0.202011040924/tools/bin/../lib/gcc/arm-none-eabi/7.3.1/thumb/v7e-m/fpv4-sp/hard/libgcc.a(_arm_addsubdf3.o)
                0x00000000080001ec                __aeabi_drsub
                0x00000000080001f4                __aeabi_dsub
                0x00000000080001f4                __subdf3
                0x00000000080001f8                __adddf3
                0x00000000080001f8                __aeabi_dadd
                0x0000000008000470                __aeabi_ui2d
                0x0000000008000470                __floatunsidf
                0x0000000008000490                __floatsidf
                0x0000000008000490                __aeabi_i2d
                0x00000000080004b4                __extendsfdf2
                0x00000000080004b4                __aeabi_f2d
                0x00000000080004f8                __aeabi_ul2d
                0x00000000080004f8                __floatundidf
                0x0000000008000508                __floatdidf
                0x0000000008000508                __aeabi_l2d
 .text          0x0000000008000564       0xa0 /opt/st/stm32cubeide_1.5.0/plugins/com.st.stm32cube.ide.mcu.externaltools.gnu-tools-for-stm32.7-2018-q2-update.linux64_1.5.0.202011040924/tools/bin/../lib/gcc/arm-none-eabi/7.3.1/thumb/v7e-m/fpv4-sp/hard/libgcc.a(_arm_truncdfsf2.o)
                0x0000000008000564                __aeabi_d2f
                0x0000000008000564                __truncdfsf2
 .text          0x0000000008000604       0x30 /opt/st/stm32cubeide_1.5.0/plugins/com.st.stm32cube.ide.mcu.externaltools.gnu-tools-for-stm32.7-2018-q2-update.linux64_1.5.0.202011040924/tools/bin/../lib/gcc/arm-none-eabi/7.3.1/thumb/v7e-m/fpv4-sp/hard/libgcc.a(_aeabi_uldivmod.o)
                0x0000000008000604                __aeabi_uldivmod
 .text          0x0000000008000634      0x2cc /opt/st/stm32cubeide_1.5.0/plugins/com.st.stm32cube.ide.mcu.externaltools.gnu-tools-for-stm32.7-2018-q2-update.linux64_1.5.0.202011040924/tools/bin/../lib/gcc/arm-none-eabi/7.3.1/thumb/v7e-m/fpv4-sp/hard/libgcc.a(_udivmoddi4.o)
                0x0000000008000634                __udivmoddi4
 .text          0x0000000008000900        0x4 /opt/st/stm32cubeide_1.5.0/plugins/com.st.stm32cube.ide.mcu.externaltools.gnu-tools-for-stm32.7-2018-q2-update.linux64_1.5.0.202011040924/tools/bin/../lib/gcc/arm-none-eabi/7.3.1/thumb/v7e-m/fpv4-sp/hard/libgcc.a(_dvmd_tls.o)
                0x0000000008000900                __aeabi_ldiv0
                0x0000000008000900                __aeabi_idiv0
 *(.text*)
 .text.gain_align
                0x0000000008000904       0xcc Core/Src/dtm.o
                0x0000000008000904                gain_align
 .text.fm_align
                0x00000000080009d0       0xd8 Core/Src/dtm.o
                0x00000000080009d0                fm_align
 .text.output_align
                0x0000000008000aa8       0xd8 Core/Src/dtm.o
                0x0000000008000aa8                output_align
 .text.wave_smpling
                0x0000000008000b80       0x50 Core/Src/dtm.o
                0x0000000008000b80                wave_smpling
 .text.music_update
                0x0000000008000bd0      0x1b0 Core/Src/dtm.o
                0x0000000008000bd0                music_update
 .text.music_timer_cnt
                0x0000000008000d80       0x7c Core/Src/dtm.o
                0x0000000008000d80                music_timer_cnt
 .text.music_set_info
                0x0000000008000dfc      0x154 Core/Src/dtm.o
                0x0000000008000dfc                music_set_info
 .text.bgm_eoc  0x0000000008000f50       0x2a Core/Src/dtm.o
 .text.adsr     0x0000000008000f7a       0xb0 Core/Src/dtm.o
 .text.system_init
                0x000000000800102a       0x22 Core/Src/main.o
                0x000000000800102a                system_init
 .text.main     0x000000000800104c       0xf8 Core/Src/main.o
                0x000000000800104c                main
 .text.SystemClock_Config
                0x0000000008001144      0x110 Core/Src/main.o
                0x0000000008001144                SystemClock_Config
 .text.MX_I2C1_Init
                0x0000000008001254       0x80 Core/Src/main.o
 .text.MX_I2S3_Init
                0x00000000080012d4       0x5c Core/Src/main.o
 .text.MX_SPI4_Init
                0x0000000008001330       0x6c Core/Src/main.o
 .text.MX_DMA_Init
                0x000000000800139c       0x40 Core/Src/main.o
 .text.MX_GPIO_Init
                0x00000000080013dc      0x124 Core/Src/main.o
 .text.Error_Handler
                0x0000000008001500        0x8 Core/Src/main.o
                0x0000000008001500                Error_Handler
 .text.i2c_send
                0x0000000008001508       0x34 Core/Src/ssd1306.o
 .text.lcd_hex_flash
                0x000000000800153c       0xc0 Core/Src/ssd1306.o
                0x000000000800153c                lcd_hex_flash
 .text.lcd_ascii_flash
                0x00000000080015fc       0x8c Core/Src/ssd1306.o
                0x00000000080015fc                lcd_ascii_flash
 .text.lcd_init
                0x0000000008001688       0x44 Core/Src/ssd1306.o
                0x0000000008001688                lcd_init
 .text.lcd_clear
                0x00000000080016cc       0x50 Core/Src/ssd1306.o
                0x00000000080016cc                lcd_clear
 .text.lcd_write
                0x000000000800171c       0x34 Core/Src/ssd1306.o
 .text.lcd_write_disp
                0x0000000008001750      0x1f2 Core/Src/ssd1306.o
 *fill*         0x0000000008001942        0x2 
 .text.each_font_data
                0x0000000008001944       0x4c Core/Src/ssd1306.o
 .text.search_fontpara
                0x0000000008001990       0x64 Core/Src/ssd1306.o
 .text.search_fontcol
                0x00000000080019f4       0x64 Core/Src/ssd1306.o
 .text.lcd_disp
                0x0000000008001a58       0xae Core/Src/ssd1306.o
 *fill*         0x0000000008001b06        0x2 
 .text.flame_buff_write
                0x0000000008001b08       0xf4 Core/Src/ssd1306.o
 .text.dot_buff_read
                0x0000000008001bfc       0x2c Core/Src/ssd1306.o
 .text.dot_buff_overwrite
                0x0000000008001c28       0x30 Core/Src/ssd1306.o
 .text.page_pos
                0x0000000008001c58       0x50 Core/Src/ssd1306.o
 .text.lcd_reverse
                0x0000000008001ca8      0x198 Core/Src/ssd1306.o
 .text.lcd_buff
                0x0000000008001e40       0x8e Core/Src/ssd1306.o
 *fill*         0x0000000008001ece        0x2 
 .text.HAL_MspInit
                0x0000000008001ed0       0x50 Core/Src/stm32f4xx_hal_msp.o
                0x0000000008001ed0                HAL_MspInit
 .text.HAL_I2C_MspInit
                0x0000000008001f20       0x90 Core/Src/stm32f4xx_hal_msp.o
                0x0000000008001f20                HAL_I2C_MspInit
 .text.HAL_I2S_MspInit
                0x0000000008001fb0      0x180 Core/Src/stm32f4xx_hal_msp.o
                0x0000000008001fb0                HAL_I2S_MspInit
 .text.HAL_SPI_MspInit
                0x0000000008002130       0x90 Core/Src/stm32f4xx_hal_msp.o
                0x0000000008002130                HAL_SPI_MspInit
 .text.NMI_Handler
                0x00000000080021c0        0x6 Core/Src/stm32f4xx_it.o
                0x00000000080021c0                NMI_Handler
 .text.HardFault_Handler
                0x00000000080021c6        0x6 Core/Src/stm32f4xx_it.o
                0x00000000080021c6                HardFault_Handler
 .text.MemManage_Handler
                0x00000000080021cc        0x6 Core/Src/stm32f4xx_it.o
                0x00000000080021cc                MemManage_Handler
 .text.BusFault_Handler
                0x00000000080021d2        0x6 Core/Src/stm32f4xx_it.o
                0x00000000080021d2                BusFault_Handler
 .text.UsageFault_Handler
                0x00000000080021d8        0x6 Core/Src/stm32f4xx_it.o
                0x00000000080021d8                UsageFault_Handler
 .text.SVC_Handler
                0x00000000080021de        0xe Core/Src/stm32f4xx_it.o
                0x00000000080021de                SVC_Handler
 .text.DebugMon_Handler
                0x00000000080021ec        0xe Core/Src/stm32f4xx_it.o
                0x00000000080021ec                DebugMon_Handler
 .text.PendSV_Handler
                0x00000000080021fa        0xe Core/Src/stm32f4xx_it.o
                0x00000000080021fa                PendSV_Handler
 .text.SysTick_Handler
                0x0000000008002208        0xc Core/Src/stm32f4xx_it.o
                0x0000000008002208                SysTick_Handler
 .text.DMA1_Stream5_IRQHandler
                0x0000000008002214       0x14 Core/Src/stm32f4xx_it.o
                0x0000000008002214                DMA1_Stream5_IRQHandler
 .text.ascii_change
                0x0000000008002228       0x64 Core/Src/string.o
                0x0000000008002228                ascii_change
 .text.s_exchange
                0x000000000800228c       0x4a Core/Src/string.o
                0x000000000800228c                s_exchange
 .text.s_len    0x00000000080022d6       0x2e Core/Src/string.o
                0x00000000080022d6                s_len
 .text.s_copy   0x0000000008002304       0x36 Core/Src/string.o
                0x0000000008002304                s_copy
 *fill*         0x000000000800233a        0x2 
 .text.SystemInit
                0x000000000800233c       0x2c Core/Src/system_stm32f4xx.o
                0x000000000800233c                SystemInit
 .text.__NVIC_EnableIRQ
                0x0000000008002368       0x3c Core/Src/timer.o
 .text.i2s_dma_setting
                0x00000000080023a4       0x1c Core/Src/timer.o
                0x00000000080023a4                i2s_dma_setting
 .text.tim2_init
                0x00000000080023c0       0x60 Core/Src/timer.o
                0x00000000080023c0                tim2_init
 .text.tim3_init
                0x0000000008002420       0x54 Core/Src/timer.o
                0x0000000008002420                tim3_init
 .text.tim7_init
                0x0000000008002474       0x54 Core/Src/timer.o
                0x0000000008002474                tim7_init
 .text.TIM2_IRQHandler
                0x00000000080024c8       0xf4 Core/Src/timer.o
                0x00000000080024c8                TIM2_IRQHandler
 .text.TIM3_IRQHandler
                0x00000000080025bc       0x30 Core/Src/timer.o
                0x00000000080025bc                TIM3_IRQHandler
 .text.TIM7_IRQHandler
                0x00000000080025ec       0x1c Core/Src/timer.o
                0x00000000080025ec                TIM7_IRQHandler
 .text.HAL_I2S_TxHalfCpltCallback
                0x0000000008002608       0x14 Core/Src/timer.o
                0x0000000008002608                HAL_I2S_TxHalfCpltCallback
 .text.HAL_I2S_TxCpltCallback
                0x000000000800261c       0x14 Core/Src/timer.o
                0x000000000800261c                HAL_I2S_TxCpltCallback
 .text.get_sw   0x0000000008002630       0x2c Core/Src/timer.o
 .text.key_timer
                0x000000000800265c       0x38 Core/Src/timer.o
 .text.key_read
                0x0000000008002694       0x48 Core/Src/timer.o
                0x0000000008002694                key_read
 .text.comparater_time
                0x00000000080026dc       0x6c Core/Src/timer.o
                0x00000000080026dc                comparater_time
 .text.get_time
                0x0000000008002748       0x20 Core/Src/timer.o
                0x0000000008002748                get_time
 .text.wait_time
                0x0000000008002768       0x30 Core/Src/timer.o
                0x0000000008002768                wait_time
 .text.Reset_Handler
                0x0000000008002798       0x50 Core/Startup/startup_stm32f429zitx.o
                0x0000000008002798                Reset_Handler
 .text.Default_Handler
                0x00000000080027e8        0x2 Core/Startup/startup_stm32f429zitx.o
                0x00000000080027e8                RTC_Alarm_IRQHandler
                0x00000000080027e8                HASH_RNG_IRQHandler
                0x00000000080027e8                EXTI2_IRQHandler
                0x00000000080027e8                TIM8_CC_IRQHandler
                0x00000000080027e8                UART8_IRQHandler
                0x00000000080027e8                SPI4_IRQHandler
                0x00000000080027e8                TIM1_CC_IRQHandler
                0x00000000080027e8                DMA2_Stream5_IRQHandler
                0x00000000080027e8                PVD_IRQHandler
                0x00000000080027e8                SDIO_IRQHandler
                0x00000000080027e8                TAMP_STAMP_IRQHandler
                0x00000000080027e8                CAN2_RX1_IRQHandler
                0x00000000080027e8                EXTI3_IRQHandler
                0x00000000080027e8                TIM8_TRG_COM_TIM14_IRQHandler
                0x00000000080027e8                TIM1_UP_TIM10_IRQHandler
                0x00000000080027e8                TIM8_UP_TIM13_IRQHandler
                0x00000000080027e8                I2C3_ER_IRQHandler
                0x00000000080027e8                EXTI0_IRQHandler
                0x00000000080027e8                I2C2_EV_IRQHandler
                0x00000000080027e8                DMA1_Stream2_IRQHandler
                0x00000000080027e8                CAN1_RX0_IRQHandler
                0x00000000080027e8                FPU_IRQHandler
                0x00000000080027e8                OTG_HS_WKUP_IRQHandler
                0x00000000080027e8                LTDC_ER_IRQHandler
                0x00000000080027e8                CAN2_SCE_IRQHandler
                0x00000000080027e8                DMA2_Stream2_IRQHandler
                0x00000000080027e8                SPI1_IRQHandler
                0x00000000080027e8                TIM6_DAC_IRQHandler
                0x00000000080027e8                TIM1_BRK_TIM9_IRQHandler
                0x00000000080027e8                DCMI_IRQHandler
                0x00000000080027e8                CAN2_RX0_IRQHandler
                0x00000000080027e8                DMA2_Stream3_IRQHandler
                0x00000000080027e8                USART6_IRQHandler
                0x00000000080027e8                USART3_IRQHandler
                0x00000000080027e8                CAN1_RX1_IRQHandler
                0x00000000080027e8                UART5_IRQHandler
                0x00000000080027e8                DMA2_Stream0_IRQHandler
                0x00000000080027e8                TIM4_IRQHandler
                0x00000000080027e8                I2C1_EV_IRQHandler
                0x00000000080027e8                DMA1_Stream6_IRQHandler
                0x00000000080027e8                DMA1_Stream1_IRQHandler
                0x00000000080027e8                UART4_IRQHandler
                0x00000000080027e8                RCC_IRQHandler
                0x00000000080027e8                TIM8_BRK_TIM12_IRQHandler
                0x00000000080027e8                Default_Handler
                0x00000000080027e8                EXTI15_10_IRQHandler
                0x00000000080027e8                ADC_IRQHandler
                0x00000000080027e8                DMA1_Stream7_IRQHandler
                0x00000000080027e8                SPI5_IRQHandler
                0x00000000080027e8                CAN2_TX_IRQHandler
                0x00000000080027e8                TIM5_IRQHandler
                0x00000000080027e8                DMA2_Stream7_IRQHandler
                0x00000000080027e8                I2C3_EV_IRQHandler
                0x00000000080027e8                EXTI9_5_IRQHandler
                0x00000000080027e8                RTC_WKUP_IRQHandler
                0x00000000080027e8                LTDC_IRQHandler
                0x00000000080027e8                ETH_WKUP_IRQHandler
                0x00000000080027e8                SPI2_IRQHandler
                0x00000000080027e8                OTG_HS_EP1_IN_IRQHandler
                0x00000000080027e8                DMA1_Stream0_IRQHandler
                0x00000000080027e8                CAN1_TX_IRQHandler
                0x00000000080027e8                EXTI4_IRQHandler
                0x00000000080027e8                ETH_IRQHandler
                0x00000000080027e8                OTG_HS_EP1_OUT_IRQHandler
                0x00000000080027e8                WWDG_IRQHandler
                0x00000000080027e8                SPI6_IRQHandler
                0x00000000080027e8                OTG_FS_WKUP_IRQHandler
                0x00000000080027e8                TIM1_TRG_COM_TIM11_IRQHandler
                0x00000000080027e8                OTG_HS_IRQHandler
                0x00000000080027e8                DMA2D_IRQHandler
                0x00000000080027e8                EXTI1_IRQHandler
                0x00000000080027e8                UART7_IRQHandler
                0x00000000080027e8                USART2_IRQHandler
                0x00000000080027e8                I2C2_ER_IRQHandler
                0x00000000080027e8                DMA2_Stream1_IRQHandler
                0x00000000080027e8                CAN1_SCE_IRQHandler
                0x00000000080027e8                FLASH_IRQHandler
                0x00000000080027e8                DMA2_Stream4_IRQHandler
                0x00000000080027e8                USART1_IRQHandler
                0x00000000080027e8                OTG_FS_IRQHandler
                0x00000000080027e8                SPI3_IRQHandler
                0x00000000080027e8                DMA1_Stream4_IRQHandler
                0x00000000080027e8                I2C1_ER_IRQHandler
                0x00000000080027e8                FMC_IRQHandler
                0x00000000080027e8                DMA2_Stream6_IRQHandler
                0x00000000080027e8                SAI1_IRQHandler
                0x00000000080027e8                DMA1_Stream3_IRQHandler
 *fill*         0x00000000080027ea        0x2 
 .text.HAL_Init
                0x00000000080027ec       0x44 Drivers/STM32F4xx_HAL_Driver/Src/stm32f4xx_hal.o
                0x00000000080027ec                HAL_Init
 .text.HAL_InitTick
                0x0000000008002830       0x60 Drivers/STM32F4xx_HAL_Driver/Src/stm32f4xx_hal.o
                0x0000000008002830                HAL_InitTick
 .text.HAL_IncTick
                0x0000000008002890       0x28 Drivers/STM32F4xx_HAL_Driver/Src/stm32f4xx_hal.o
                0x0000000008002890                HAL_IncTick
 .text.HAL_GetTick
                0x00000000080028b8       0x18 Drivers/STM32F4xx_HAL_Driver/Src/stm32f4xx_hal.o
                0x00000000080028b8                HAL_GetTick
 .text.__NVIC_SetPriorityGrouping
                0x00000000080028d0       0x48 Drivers/STM32F4xx_HAL_Driver/Src/stm32f4xx_hal_cortex.o
 .text.__NVIC_GetPriorityGrouping
                0x0000000008002918       0x1c Drivers/STM32F4xx_HAL_Driver/Src/stm32f4xx_hal_cortex.o
 .text.__NVIC_EnableIRQ
                0x0000000008002934       0x3c Drivers/STM32F4xx_HAL_Driver/Src/stm32f4xx_hal_cortex.o
 .text.__NVIC_SetPriority
                0x0000000008002970       0x54 Drivers/STM32F4xx_HAL_Driver/Src/stm32f4xx_hal_cortex.o
 .text.NVIC_EncodePriority
                0x00000000080029c4       0x66 Drivers/STM32F4xx_HAL_Driver/Src/stm32f4xx_hal_cortex.o
 *fill*         0x0000000008002a2a        0x2 
 .text.SysTick_Config
                0x0000000008002a2c       0x44 Drivers/STM32F4xx_HAL_Driver/Src/stm32f4xx_hal_cortex.o
 .text.HAL_NVIC_SetPriorityGrouping
                0x0000000008002a70       0x16 Drivers/STM32F4xx_HAL_Driver/Src/stm32f4xx_hal_cortex.o
                0x0000000008002a70                HAL_NVIC_SetPriorityGrouping
 .text.HAL_NVIC_SetPriority
                0x0000000008002a86       0x38 Drivers/STM32F4xx_HAL_Driver/Src/stm32f4xx_hal_cortex.o
                0x0000000008002a86                HAL_NVIC_SetPriority
 .text.HAL_NVIC_EnableIRQ
                0x0000000008002abe       0x1c Drivers/STM32F4xx_HAL_Driver/Src/stm32f4xx_hal_cortex.o
                0x0000000008002abe                HAL_NVIC_EnableIRQ
 .text.HAL_SYSTICK_Config
                0x0000000008002ada       0x18 Drivers/STM32F4xx_HAL_Driver/Src/stm32f4xx_hal_cortex.o
                0x0000000008002ada                HAL_SYSTICK_Config
 *fill*         0x0000000008002af2        0x2 
 .text.HAL_DMA_Init
                0x0000000008002af4      0x15c Drivers/STM32F4xx_HAL_Driver/Src/stm32f4xx_hal_dma.o
                0x0000000008002af4                HAL_DMA_Init
 .text.HAL_DMA_Start_IT
                0x0000000008002c50       0xb0 Drivers/STM32F4xx_HAL_Driver/Src/stm32f4xx_hal_dma.o
                0x0000000008002c50                HAL_DMA_Start_IT
 .text.HAL_DMA_IRQHandler
                0x0000000008002d00      0x314 Drivers/STM32F4xx_HAL_Driver/Src/stm32f4xx_hal_dma.o
                0x0000000008002d00                HAL_DMA_IRQHandler
 .text.DMA_SetConfig
                0x0000000008003014       0x5c Drivers/STM32F4xx_HAL_Driver/Src/stm32f4xx_hal_dma.o
 .text.DMA_CalcBaseAndBitshift
                0x0000000008003070       0x6c Drivers/STM32F4xx_HAL_Driver/Src/stm32f4xx_hal_dma.o
 .text.DMA_CheckFifoParam
                0x00000000080030dc       0xf4 Drivers/STM32F4xx_HAL_Driver/Src/stm32f4xx_hal_dma.o
 .text.HAL_GPIO_Init
                0x00000000080031d0      0x354 Drivers/STM32F4xx_HAL_Driver/Src/stm32f4xx_hal_gpio.o
                0x00000000080031d0                HAL_GPIO_Init
 .text.HAL_GPIO_WritePin
                0x0000000008003524       0x32 Drivers/STM32F4xx_HAL_Driver/Src/stm32f4xx_hal_gpio.o
                0x0000000008003524                HAL_GPIO_WritePin
 *fill*         0x0000000008003556        0x2 
 .text.HAL_I2C_Init
                0x0000000008003558      0x270 Drivers/STM32F4xx_HAL_Driver/Src/stm32f4xx_hal_i2c.o
                0x0000000008003558                HAL_I2C_Init
 .text.HAL_I2C_Master_Transmit
                0x00000000080037c8      0x1fc Drivers/STM32F4xx_HAL_Driver/Src/stm32f4xx_hal_i2c.o
                0x00000000080037c8                HAL_I2C_Master_Transmit
 .text.I2C_MasterRequestWrite
                0x00000000080039c4      0x104 Drivers/STM32F4xx_HAL_Driver/Src/stm32f4xx_hal_i2c.o
 .text.I2C_WaitOnFlagUntilTimeout
                0x0000000008003ac8       0xae Drivers/STM32F4xx_HAL_Driver/Src/stm32f4xx_hal_i2c.o
 .text.I2C_WaitOnMasterAddressFlagUntilTimeout
                0x0000000008003b76       0xfe Drivers/STM32F4xx_HAL_Driver/Src/stm32f4xx_hal_i2c.o
 .text.I2C_WaitOnTXEFlagUntilTimeout
                0x0000000008003c74       0x82 Drivers/STM32F4xx_HAL_Driver/Src/stm32f4xx_hal_i2c.o
 .text.I2C_WaitOnBTFFlagUntilTimeout
                0x0000000008003cf6       0x82 Drivers/STM32F4xx_HAL_Driver/Src/stm32f4xx_hal_i2c.o
 .text.I2C_IsAcknowledgeFailed
                0x0000000008003d78       0x5e Drivers/STM32F4xx_HAL_Driver/Src/stm32f4xx_hal_i2c.o
 .text.HAL_I2CEx_ConfigAnalogFilter
                0x0000000008003dd6       0x78 Drivers/STM32F4xx_HAL_Driver/Src/stm32f4xx_hal_i2c_ex.o
                0x0000000008003dd6                HAL_I2CEx_ConfigAnalogFilter
 .text.HAL_I2CEx_ConfigDigitalFilter
                0x0000000008003e4e       0x7e Drivers/STM32F4xx_HAL_Driver/Src/stm32f4xx_hal_i2c_ex.o
                0x0000000008003e4e                HAL_I2CEx_ConfigDigitalFilter
 .text.HAL_I2S_Init
                0x0000000008003ecc      0x280 Drivers/STM32F4xx_HAL_Driver/Src/stm32f4xx_hal_i2s.o
                0x0000000008003ecc                HAL_I2S_Init
 .text.HAL_I2S_Transmit_DMA
                0x000000000800414c      0x150 Drivers/STM32F4xx_HAL_Driver/Src/stm32f4xx_hal_i2s.o
                0x000000000800414c                HAL_I2S_Transmit_DMA
 .text.HAL_I2S_RxCpltCallback
                0x000000000800429c       0x14 Drivers/STM32F4xx_HAL_Driver/Src/stm32f4xx_hal_i2s.o
                0x000000000800429c                HAL_I2S_RxCpltCallback
 .text.HAL_I2S_ErrorCallback
                0x00000000080042b0       0x14 Drivers/STM32F4xx_HAL_Driver/Src/stm32f4xx_hal_i2s.o
                0x00000000080042b0                HAL_I2S_ErrorCallback
 .text.I2S_DMATxCplt
                0x00000000080042c4       0x42 Drivers/STM32F4xx_HAL_Driver/Src/stm32f4xx_hal_i2s.o
 .text.I2S_DMATxHalfCplt
                0x0000000008004306       0x1c Drivers/STM32F4xx_HAL_Driver/Src/stm32f4xx_hal_i2s.o
 .text.I2S_DMAError
                0x0000000008004322       0x4c Drivers/STM32F4xx_HAL_Driver/Src/stm32f4xx_hal_i2s.o
 .text.I2S_Transmit_IT
                0x000000000800436e       0x5c Drivers/STM32F4xx_HAL_Driver/Src/stm32f4xx_hal_i2s.o
 .text.I2S_Receive_IT
                0x00000000080043ca       0x5e Drivers/STM32F4xx_HAL_Driver/Src/stm32f4xx_hal_i2s.o
 .text.I2S_IRQHandler
                0x0000000008004428      0x114 Drivers/STM32F4xx_HAL_Driver/Src/stm32f4xx_hal_i2s.o
 .text.HAL_I2SEx_FullDuplex_IRQHandler
                0x000000000800453c      0x2a8 Drivers/STM32F4xx_HAL_Driver/Src/stm32f4xx_hal_i2s_ex.o
                0x000000000800453c                HAL_I2SEx_FullDuplex_IRQHandler
 .text.HAL_I2SEx_TxRxCpltCallback
                0x00000000080047e4       0x14 Drivers/STM32F4xx_HAL_Driver/Src/stm32f4xx_hal_i2s_ex.o
                0x00000000080047e4                HAL_I2SEx_TxRxCpltCallback
 .text.I2SEx_TxISR_I2S
                0x00000000080047f8       0x62 Drivers/STM32F4xx_HAL_Driver/Src/stm32f4xx_hal_i2s_ex.o
 *fill*         0x000000000800485a        0x2 
 .text.I2SEx_TxISR_I2SExt
                0x000000000800485c       0x98 Drivers/STM32F4xx_HAL_Driver/Src/stm32f4xx_hal_i2s_ex.o
 .text.I2SEx_RxISR_I2S
                0x00000000080048f4       0x64 Drivers/STM32F4xx_HAL_Driver/Src/stm32f4xx_hal_i2s_ex.o
 .text.I2SEx_RxISR_I2SExt
                0x0000000008004958       0x98 Drivers/STM32F4xx_HAL_Driver/Src/stm32f4xx_hal_i2s_ex.o
 .text.HAL_PWREx_EnableOverDrive
                0x00000000080049f0       0xa0 Drivers/STM32F4xx_HAL_Driver/Src/stm32f4xx_hal_pwr_ex.o
                0x00000000080049f0                HAL_PWREx_EnableOverDrive
 .text.HAL_RCC_OscConfig
                0x0000000008004a90      0x4e0 Drivers/STM32F4xx_HAL_Driver/Src/stm32f4xx_hal_rcc.o
                0x0000000008004a90                HAL_RCC_OscConfig
 .text.HAL_RCC_ClockConfig
                0x0000000008004f70      0x1cc Drivers/STM32F4xx_HAL_Driver/Src/stm32f4xx_hal_rcc.o
                0x0000000008004f70                HAL_RCC_ClockConfig
 .text.HAL_RCC_GetSysClockFreq
                0x000000000800513c      0x164 Drivers/STM32F4xx_HAL_Driver/Src/stm32f4xx_hal_rcc.o
                0x000000000800513c                HAL_RCC_GetSysClockFreq
 .text.HAL_RCC_GetHCLKFreq
                0x00000000080052a0       0x18 Drivers/STM32F4xx_HAL_Driver/Src/stm32f4xx_hal_rcc.o
                0x00000000080052a0                HAL_RCC_GetHCLKFreq
 .text.HAL_RCC_GetPCLK1Freq
                0x00000000080052b8       0x28 Drivers/STM32F4xx_HAL_Driver/Src/stm32f4xx_hal_rcc.o
                0x00000000080052b8                HAL_RCC_GetPCLK1Freq
 .text.HAL_RCCEx_PeriphCLKConfig
                0x00000000080052e0      0x37c Drivers/STM32F4xx_HAL_Driver/Src/stm32f4xx_hal_rcc_ex.o
                0x00000000080052e0                HAL_RCCEx_PeriphCLKConfig
 .text.HAL_RCCEx_GetPeriphCLKFreq
                0x000000000800565c       0xb8 Drivers/STM32F4xx_HAL_Driver/Src/stm32f4xx_hal_rcc_ex.o
                0x000000000800565c                HAL_RCCEx_GetPeriphCLKFreq
 .text.HAL_SPI_Init
                0x0000000008005714       0xc8 Drivers/STM32F4xx_HAL_Driver/Src/stm32f4xx_hal_spi.o
                0x0000000008005714                HAL_SPI_Init
 .text.HAL_SPI_Transmit
                0x00000000080057dc      0x268 Drivers/STM32F4xx_HAL_Driver/Src/stm32f4xx_hal_spi.o
                0x00000000080057dc                HAL_SPI_Transmit
 .text.SPI_WaitFlagStateUntilTimeout
                0x0000000008005a44       0xd4 Drivers/STM32F4xx_HAL_Driver/Src/stm32f4xx_hal_spi.o
 .text.SPI_EndRxTxTransaction
                0x0000000008005b18       0x84 Drivers/STM32F4xx_HAL_Driver/Src/stm32f4xx_hal_spi.o
 .text.__errno  0x0000000008005b9c        0xc /opt/st/stm32cubeide_1.5.0/plugins/com.st.stm32cube.ide.mcu.externaltools.gnu-tools-for-stm32.7-2018-q2-update.linux64_1.5.0.202011040924/tools/bin/../lib/gcc/arm-none-eabi/7.3.1/../../../../arm-none-eabi/lib/thumb/v7e-m/fpv4-sp/hard/libc_nano.a(lib_a-errno.o)
                0x0000000008005b9c                __errno
 .text.__libc_init_array
                0x0000000008005ba8       0x48 /opt/st/stm32cubeide_1.5.0/plugins/com.st.stm32cube.ide.mcu.externaltools.gnu-tools-for-stm32.7-2018-q2-update.linux64_1.5.0.202011040924/tools/bin/../lib/gcc/arm-none-eabi/7.3.1/../../../../arm-none-eabi/lib/thumb/v7e-m/fpv4-sp/hard/libc_nano.a(lib_a-init.o)
                0x0000000008005ba8                __libc_init_array
 .text.memset   0x0000000008005bf0       0x10 /opt/st/stm32cubeide_1.5.0/plugins/com.st.stm32cube.ide.mcu.externaltools.gnu-tools-for-stm32.7-2018-q2-update.linux64_1.5.0.202011040924/tools/bin/../lib/gcc/arm-none-eabi/7.3.1/../../../../arm-none-eabi/lib/thumb/v7e-m/fpv4-sp/hard/libc_nano.a(lib_a-memset.o)
                0x0000000008005bf0                memset
 .text.expf     0x0000000008005c00       0xf4 /opt/st/stm32cubeide_1.5.0/plugins/com.st.stm32cube.ide.mcu.externaltools.gnu-tools-for-stm32.7-2018-q2-update.linux64_1.5.0.202011040924/tools/bin/../lib/gcc/arm-none-eabi/7.3.1/../../../../arm-none-eabi/lib/thumb/v7e-m/fpv4-sp/hard/libm.a(lib_a-wf_exp.o)
                0x0000000008005c00                expf
 .text.__ieee754_expf
                0x0000000008005cf4      0x1a8 /opt/st/stm32cubeide_1.5.0/plugins/com.st.stm32cube.ide.mcu.externaltools.gnu-tools-for-stm32.7-2018-q2-update.linux64_1.5.0.202011040924/tools/bin/../lib/gcc/arm-none-eabi/7.3.1/../../../../arm-none-eabi/lib/thumb/v7e-m/fpv4-sp/hard/libm.a(lib_a-ef_exp.o)
                0x0000000008005cf4                __ieee754_expf
 .text.matherr  0x0000000008005e9c        0x4 /opt/st/stm32cubeide_1.5.0/plugins/com.st.stm32cube.ide.mcu.externaltools.gnu-tools-for-stm32.7-2018-q2-update.linux64_1.5.0.202011040924/tools/bin/../lib/gcc/arm-none-eabi/7.3.1/../../../../arm-none-eabi/lib/thumb/v7e-m/fpv4-sp/hard/libm.a(lib_a-s_matherr.o)
                0x0000000008005e9c                matherr
 .text.finitef  0x0000000008005ea0       0x14 /opt/st/stm32cubeide_1.5.0/plugins/com.st.stm32cube.ide.mcu.externaltools.gnu-tools-for-stm32.7-2018-q2-update.linux64_1.5.0.202011040924/tools/bin/../lib/gcc/arm-none-eabi/7.3.1/../../../../arm-none-eabi/lib/thumb/v7e-m/fpv4-sp/hard/libm.a(lib_a-sf_finite.o)
                0x0000000008005ea0                finitef
 *(.glue_7)
 .glue_7        0x0000000008005eb4        0x0 linker stubs
 *(.glue_7t)
 .glue_7t       0x0000000008005eb4        0x0 linker stubs
 *(.eh_frame)
 .eh_frame      0x0000000008005eb4        0x0 /opt/st/stm32cubeide_1.5.0/plugins/com.st.stm32cube.ide.mcu.externaltools.gnu-tools-for-stm32.7-2018-q2-update.linux64_1.5.0.202011040924/tools/bin/../lib/gcc/arm-none-eabi/7.3.1/thumb/v7e-m/fpv4-sp/hard/crtbegin.o
 *(.init)
 .init          0x0000000008005eb4        0x4 /opt/st/stm32cubeide_1.5.0/plugins/com.st.stm32cube.ide.mcu.externaltools.gnu-tools-for-stm32.7-2018-q2-update.linux64_1.5.0.202011040924/tools/bin/../lib/gcc/arm-none-eabi/7.3.1/thumb/v7e-m/fpv4-sp/hard/crti.o
                0x0000000008005eb4                _init
 .init          0x0000000008005eb8        0x8 /opt/st/stm32cubeide_1.5.0/plugins/com.st.stm32cube.ide.mcu.externaltools.gnu-tools-for-stm32.7-2018-q2-update.linux64_1.5.0.202011040924/tools/bin/../lib/gcc/arm-none-eabi/7.3.1/thumb/v7e-m/fpv4-sp/hard/crtn.o
 *(.fini)
 .fini          0x0000000008005ec0        0x4 /opt/st/stm32cubeide_1.5.0/plugins/com.st.stm32cube.ide.mcu.externaltools.gnu-tools-for-stm32.7-2018-q2-update.linux64_1.5.0.202011040924/tools/bin/../lib/gcc/arm-none-eabi/7.3.1/thumb/v7e-m/fpv4-sp/hard/crti.o
                0x0000000008005ec0                _fini
 .fini          0x0000000008005ec4        0x8 /opt/st/stm32cubeide_1.5.0/plugins/com.st.stm32cube.ide.mcu.externaltools.gnu-tools-for-stm32.7-2018-q2-update.linux64_1.5.0.202011040924/tools/bin/../lib/gcc/arm-none-eabi/7.3.1/thumb/v7e-m/fpv4-sp/hard/crtn.o
                0x0000000008005ecc                . = ALIGN (0x4)
                0x0000000008005ecc                _etext = .

.vfp11_veneer   0x0000000008005ecc        0x0
 .vfp11_veneer  0x0000000008005ecc        0x0 linker stubs

.v4_bx          0x0000000008005ecc        0x0
 .v4_bx         0x0000000008005ecc        0x0 linker stubs

.iplt           0x0000000008005ecc        0x0
 .iplt          0x0000000008005ecc        0x0 /opt/st/stm32cubeide_1.5.0/plugins/com.st.stm32cube.ide.mcu.externaltools.gnu-tools-for-stm32.7-2018-q2-update.linux64_1.5.0.202011040924/tools/bin/../lib/gcc/arm-none-eabi/7.3.1/thumb/v7e-m/fpv4-sp/hard/crtbegin.o

.rodata         0x0000000008005ecc    0x4422c
                0x0000000008005ecc                . = ALIGN (0x4)
 *(.rodata)
 .rodata        0x0000000008005ecc       0x18 Core/Src/dtm.o
 *(.rodata*)
 .rodata.Before_48000_raw
                0x0000000008005ee4       0x18 Core/Src/dtm.o
 .rodata.bgm_freq
                0x0000000008005efc      0x200 Core/Src/dtm.o
 .rodata.oharai_musical
                0x00000000080060fc        0xa Core/Src/dtm.o
 *fill*         0x0000000008006106        0x2 
 .rodata.bokurano_musical
                0x0000000008006108       0x10 Core/Src/dtm.o
 .rodata.oharai_program_change
                0x0000000008006118        0xa Core/Src/dtm.o
 *fill*         0x0000000008006122        0x2 
 .rodata.bokurano_program_change
                0x0000000008006124       0x10 Core/Src/dtm.o
 .rodata.bokurano_delta
                0x0000000008006134    0x160e6 Core/Src/dtm.o
 *fill*         0x000000000801c21a        0x2 
 .rodata.bokurano_ch
                0x000000000801c21c     0xb073 Core/Src/dtm.o
 *fill*         0x000000000802728f        0x1 
 .rodata.bokurano_tone
                0x0000000008027290     0xb073 Core/Src/dtm.o
 *fill*         0x0000000008032303        0x1 
 .rodata.bokurano_velocity
                0x0000000008032304     0xb073 Core/Src/dtm.o
 *fill*         0x000000000803d377        0x1 
 .rodata.oharai_delta
                0x000000000803d378     0x4e7e Core/Src/dtm.o
 *fill*         0x00000000080421f6        0x2 
 .rodata.oharai_ch
                0x00000000080421f8     0x273f Core/Src/dtm.o
 *fill*         0x0000000008044937        0x1 
 .rodata.oharai_tone
                0x0000000008044938     0x273f Core/Src/dtm.o
 *fill*         0x0000000008047077        0x1 
 .rodata.oharai_velocity
                0x0000000008047078     0x273f Core/Src/dtm.o
 *fill*         0x00000000080497b7        0x1 
 .rodata.adsr_database
                0x00000000080497b8      0x140 Core/Src/dtm.o
 .rodata.bgmstatus
                0x00000000080498f8       0x40 Core/Src/dtm.o
 .rodata.fontdata12
                0x0000000008049938      0x758 Core/Src/ssd1306.o
 .rodata.fontpara
                0x000000000804a090        0xc Core/Src/ssd1306.o
 .rodata.initial_table.8187
                0x000000000804a09c        0xf Core/Src/ssd1306.o
 *fill*         0x000000000804a0ab        0x1 
 .rodata.clear_table.8195
                0x000000000804a0ac        0x9 Core/Src/ssd1306.o
 *fill*         0x000000000804a0b5        0x3 
 .rodata.AHBPrescTable
                0x000000000804a0b8       0x10 Core/Src/system_stm32f4xx.o
                0x000000000804a0b8                AHBPrescTable
 .rodata.APBPrescTable
                0x000000000804a0c8        0x8 Core/Src/system_stm32f4xx.o
                0x000000000804a0c8                APBPrescTable
 .rodata.flagBitshiftOffset.8125
                0x000000000804a0d0        0x8 Drivers/STM32F4xx_HAL_Driver/Src/stm32f4xx_hal_dma.o
 .rodata.expf.str1.1
                0x000000000804a0d8        0x5 /opt/st/stm32cubeide_1.5.0/plugins/com.st.stm32cube.ide.mcu.externaltools.gnu-tools-for-stm32.7-2018-q2-update.linux64_1.5.0.202011040924/tools/bin/../lib/gcc/arm-none-eabi/7.3.1/../../../../arm-none-eabi/lib/thumb/v7e-m/fpv4-sp/hard/libm.a(lib_a-wf_exp.o)
 *fill*         0x000000000804a0dd        0x3 
 .rodata.halF   0x000000000804a0e0        0x8 /opt/st/stm32cubeide_1.5.0/plugins/com.st.stm32cube.ide.mcu.externaltools.gnu-tools-for-stm32.7-2018-q2-update.linux64_1.5.0.202011040924/tools/bin/../lib/gcc/arm-none-eabi/7.3.1/../../../../arm-none-eabi/lib/thumb/v7e-m/fpv4-sp/hard/libm.a(lib_a-ef_exp.o)
 .rodata.ln2HI  0x000000000804a0e8        0x8 /opt/st/stm32cubeide_1.5.0/plugins/com.st.stm32cube.ide.mcu.externaltools.gnu-tools-for-stm32.7-2018-q2-update.linux64_1.5.0.202011040924/tools/bin/../lib/gcc/arm-none-eabi/7.3.1/../../../../arm-none-eabi/lib/thumb/v7e-m/fpv4-sp/hard/libm.a(lib_a-ef_exp.o)
 .rodata.ln2LO  0x000000000804a0f0        0x8 /opt/st/stm32cubeide_1.5.0/plugins/com.st.stm32cube.ide.mcu.externaltools.gnu-tools-for-stm32.7-2018-q2-update.linux64_1.5.0.202011040924/tools/bin/../lib/gcc/arm-none-eabi/7.3.1/../../../../arm-none-eabi/lib/thumb/v7e-m/fpv4-sp/hard/libm.a(lib_a-ef_exp.o)
                0x000000000804a0f8                . = ALIGN (0x4)

.ARM.extab      0x000000000804a0f8        0x0
                0x000000000804a0f8                . = ALIGN (0x4)
 *(.ARM.extab* .gnu.linkonce.armextab.*)
                0x000000000804a0f8                . = ALIGN (0x4)

.ARM            0x000000000804a0f8        0x8
                0x000000000804a0f8                . = ALIGN (0x4)
                0x000000000804a0f8                __exidx_start = .
 *(.ARM.exidx*)
 .ARM.exidx     0x000000000804a0f8        0x8 /opt/st/stm32cubeide_1.5.0/plugins/com.st.stm32cube.ide.mcu.externaltools.gnu-tools-for-stm32.7-2018-q2-update.linux64_1.5.0.202011040924/tools/bin/../lib/gcc/arm-none-eabi/7.3.1/thumb/v7e-m/fpv4-sp/hard/libgcc.a(_udivmoddi4.o)
                0x000000000804a100                __exidx_end = .
                0x000000000804a100                . = ALIGN (0x4)

.rel.dyn        0x000000000804a100        0x0
 .rel.iplt      0x000000000804a100        0x0 /opt/st/stm32cubeide_1.5.0/plugins/com.st.stm32cube.ide.mcu.externaltools.gnu-tools-for-stm32.7-2018-q2-update.linux64_1.5.0.202011040924/tools/bin/../lib/gcc/arm-none-eabi/7.3.1/thumb/v7e-m/fpv4-sp/hard/crtbegin.o

.preinit_array  0x000000000804a100        0x0
                0x000000000804a100                . = ALIGN (0x4)
                0x000000000804a100                PROVIDE (__preinit_array_start = .)
 *(.preinit_array*)
                0x000000000804a100                PROVIDE (__preinit_array_end = .)
                0x000000000804a100                . = ALIGN (0x4)

.init_array     0x000000000804a100        0x4
                0x000000000804a100                . = ALIGN (0x4)
                0x000000000804a100                PROVIDE (__init_array_start = .)
 *(SORT_BY_NAME(.init_array.*))
 *(.init_array*)
 .init_array    0x000000000804a100        0x4 /opt/st/stm32cubeide_1.5.0/plugins/com.st.stm32cube.ide.mcu.externaltools.gnu-tools-for-stm32.7-2018-q2-update.linux64_1.5.0.202011040924/tools/bin/../lib/gcc/arm-none-eabi/7.3.1/thumb/v7e-m/fpv4-sp/hard/crtbegin.o
                0x000000000804a104                PROVIDE (__init_array_end = .)
                0x000000000804a104                . = ALIGN (0x4)

.fini_array     0x000000000804a104        0x4
                0x000000000804a104                . = ALIGN (0x4)
                [!provide]                        PROVIDE (__fini_array_start = .)
 *(SORT_BY_NAME(.fini_array.*))
 *(.fini_array*)
 .fini_array    0x000000000804a104        0x4 /opt/st/stm32cubeide_1.5.0/plugins/com.st.stm32cube.ide.mcu.externaltools.gnu-tools-for-stm32.7-2018-q2-update.linux64_1.5.0.202011040924/tools/bin/../lib/gcc/arm-none-eabi/7.3.1/thumb/v7e-m/fpv4-sp/hard/crtbegin.o
                [!provide]                        PROVIDE (__fini_array_end = .)
                0x000000000804a108                . = ALIGN (0x4)
                0x000000000804a108                _sidata = LOADADDR (.data)

.data           0x0000000020000000       0x80 load address 0x000000000804a108
                0x0000000020000000                . = ALIGN (0x4)
                0x0000000020000000                _sdata = .
 *(.data)
 *(.data*)
 .data.offset_gain
                0x0000000020000000        0x4 Core/Src/dtm.o
 .data.fm_level
                0x0000000020000004        0x4 Core/Src/dtm.o
 .data.output_level
                0x0000000020000008        0x4 Core/Src/dtm.o
 .data.SystemCoreClock
                0x000000002000000c        0x4 Core/Src/system_stm32f4xx.o
                0x000000002000000c                SystemCoreClock
 .data.uwTickPrio
                0x0000000020000010        0x4 Drivers/STM32F4xx_HAL_Driver/Src/stm32f4xx_hal.o
                0x0000000020000010                uwTickPrio
 .data.uwTickFreq
                0x0000000020000014        0x1 Drivers/STM32F4xx_HAL_Driver/Src/stm32f4xx_hal.o
                0x0000000020000014                uwTickFreq
 *fill*         0x0000000020000015        0x3 
 .data._impure_ptr
                0x0000000020000018        0x4 /opt/st/stm32cubeide_1.5.0/plugins/com.st.stm32cube.ide.mcu.externaltools.gnu-tools-for-stm32.7-2018-q2-update.linux64_1.5.0.202011040924/tools/bin/../lib/gcc/arm-none-eabi/7.3.1/../../../../arm-none-eabi/lib/thumb/v7e-m/fpv4-sp/hard/libc_nano.a(lib_a-impure.o)
                0x0000000020000018                _impure_ptr
 .data.impure_data
                0x000000002000001c       0x60 /opt/st/stm32cubeide_1.5.0/plugins/com.st.stm32cube.ide.mcu.externaltools.gnu-tools-for-stm32.7-2018-q2-update.linux64_1.5.0.202011040924/tools/bin/../lib/gcc/arm-none-eabi/7.3.1/../../../../arm-none-eabi/lib/thumb/v7e-m/fpv4-sp/hard/libc_nano.a(lib_a-impure.o)
 .data.__fdlib_version
                0x000000002000007c        0x1 /opt/st/stm32cubeide_1.5.0/plugins/com.st.stm32cube.ide.mcu.externaltools.gnu-tools-for-stm32.7-2018-q2-update.linux64_1.5.0.202011040924/tools/bin/../lib/gcc/arm-none-eabi/7.3.1/../../../../arm-none-eabi/lib/thumb/v7e-m/fpv4-sp/hard/libm.a(lib_a-s_lib_ver.o)
                0x000000002000007c                __fdlib_version
 *(.RamFunc)
 *(.RamFunc*)
                0x0000000020000080                . = ALIGN (0x4)
 *fill*         0x000000002000007d        0x3 
                0x0000000020000080                _edata = .

.igot.plt       0x0000000020000080        0x0 load address 0x000000000804a188
 .igot.plt      0x0000000020000080        0x0 /opt/st/stm32cubeide_1.5.0/plugins/com.st.stm32cube.ide.mcu.externaltools.gnu-tools-for-stm32.7-2018-q2-update.linux64_1.5.0.202011040924/tools/bin/../lib/gcc/arm-none-eabi/7.3.1/thumb/v7e-m/fpv4-sp/hard/crtbegin.o
                0x0000000020000080                . = ALIGN (0x4)

.bss            0x0000000020000080      0x7ac load address 0x000000000804a188
                0x0000000020000080                _sbss = .
                0x0000000020000080                __bss_start__ = _sbss
 *(.bss)
 .bss           0x0000000020000080       0x1c /opt/st/stm32cubeide_1.5.0/plugins/com.st.stm32cube.ide.mcu.externaltools.gnu-tools-for-stm32.7-2018-q2-update.linux64_1.5.0.202011040924/tools/bin/../lib/gcc/arm-none-eabi/7.3.1/thumb/v7e-m/fpv4-sp/hard/crtbegin.o
 *(.bss*)
 .bss.bgmcounter
                0x000000002000009c       0x24 Core/Src/dtm.o
 .bss.bgminfo   0x00000000200000c0      0x1ec Core/Src/dtm.o
 .bss.n.10648   0x00000000200002ac        0x4 Core/Src/dtm.o
 .bss.d.10649   0x00000000200002b0        0x2 Core/Src/dtm.o
 .bss.i.10673   0x00000000200002b2        0x1 Core/Src/dtm.o
 *fill*         0x00000000200002b3        0x1 
 .bss.memory    0x00000000200002b4      0x400 Core/Src/ssd1306.o
 .bss.wdat.8208
                0x00000000200006b4        0x2 Core/Src/ssd1306.o
 *fill*         0x00000000200006b6        0x2 
 .bss.timer     0x00000000200006b8        0x8 Core/Src/timer.o
 .bss.key       0x00000000200006c0        0xc Core/Src/timer.o
 .bss.i2sbuffer
                0x00000000200006cc        0x4 Core/Src/timer.o
 .bss.sw_bit.8145
                0x00000000200006d0        0x1 Core/Src/timer.o
 *(COMMON)
 *fill*         0x00000000200006d1        0x3 
 COMMON         0x00000000200006d4      0x154 Core/Src/main.o
                0x00000000200006d4                hi2c1
                0x0000000020000728                hdma_spi3_tx
                0x0000000020000788                hspi4
                0x00000000200007e0                hi2s3
 COMMON         0x0000000020000828        0x4 Drivers/STM32F4xx_HAL_Driver/Src/stm32f4xx_hal.o
                0x0000000020000828                uwTick
                0x000000002000082c                . = ALIGN (0x4)
                0x000000002000082c                _ebss = .
                0x000000002000082c                __bss_end__ = _ebss

._user_heap_stack
                0x000000002000082c      0x604 load address 0x000000000804a188
                0x0000000020000830                . = ALIGN (0x8)
 *fill*         0x000000002000082c        0x4 
                [!provide]                        PROVIDE (end = .)
                0x0000000020000830                PROVIDE (_end = .)
                0x0000000020000a30                . = (. + _Min_Heap_Size)
 *fill*         0x0000000020000830      0x200 
                0x0000000020000e30                . = (. + _Min_Stack_Size)
 *fill*         0x0000000020000a30      0x400 
                0x0000000020000e30                . = ALIGN (0x8)

/DISCARD/
 libc.a(*)
 libm.a(*)
 libgcc.a(*)

.ARM.attributes
                0x0000000000000000       0x30
 *(.ARM.attributes)
 .ARM.attributes
                0x0000000000000000       0x22 /opt/st/stm32cubeide_1.5.0/plugins/com.st.stm32cube.ide.mcu.externaltools.gnu-tools-for-stm32.7-2018-q2-update.linux64_1.5.0.202011040924/tools/bin/../lib/gcc/arm-none-eabi/7.3.1/thumb/v7e-m/fpv4-sp/hard/crti.o
 .ARM.attributes
                0x0000000000000022       0x34 /opt/st/stm32cubeide_1.5.0/plugins/com.st.stm32cube.ide.mcu.externaltools.gnu-tools-for-stm32.7-2018-q2-update.linux64_1.5.0.202011040924/tools/bin/../lib/gcc/arm-none-eabi/7.3.1/thumb/v7e-m/fpv4-sp/hard/crtbegin.o
 .ARM.attributes
                0x0000000000000056       0x39 Core/Src/dtm.o
 .ARM.attributes
                0x000000000000008f       0x39 Core/Src/main.o
 .ARM.attributes
                0x00000000000000c8       0x39 Core/Src/ssd1306.o
 .ARM.attributes
                0x0000000000000101       0x39 Core/Src/stm32f4xx_hal_msp.o
 .ARM.attributes
                0x000000000000013a       0x39 Core/Src/stm32f4xx_it.o
 .ARM.attributes
                0x0000000000000173       0x39 Core/Src/string.o
 .ARM.attributes
                0x00000000000001ac       0x39 Core/Src/system_stm32f4xx.o
 .ARM.attributes
                0x00000000000001e5       0x39 Core/Src/timer.o
 .ARM.attributes
                0x000000000000021e       0x21 Core/Startup/startup_stm32f429zitx.o
 .ARM.attributes
                0x000000000000023f       0x39 Drivers/STM32F4xx_HAL_Driver/Src/stm32f4xx_hal.o
 .ARM.attributes
                0x0000000000000278       0x39 Drivers/STM32F4xx_HAL_Driver/Src/stm32f4xx_hal_cortex.o
 .ARM.attributes
                0x00000000000002b1       0x39 Drivers/STM32F4xx_HAL_Driver/Src/stm32f4xx_hal_dma.o
 .ARM.attributes
                0x00000000000002ea       0x39 Drivers/STM32F4xx_HAL_Driver/Src/stm32f4xx_hal_gpio.o
 .ARM.attributes
                0x0000000000000323       0x39 Drivers/STM32F4xx_HAL_Driver/Src/stm32f4xx_hal_i2c.o
 .ARM.attributes
                0x000000000000035c       0x39 Drivers/STM32F4xx_HAL_Driver/Src/stm32f4xx_hal_i2c_ex.o
 .ARM.attributes
                0x0000000000000395       0x39 Drivers/STM32F4xx_HAL_Driver/Src/stm32f4xx_hal_i2s.o
 .ARM.attributes
                0x00000000000003ce       0x39 Drivers/STM32F4xx_HAL_Driver/Src/stm32f4xx_hal_i2s_ex.o
 .ARM.attributes
                0x0000000000000407       0x39 Drivers/STM32F4xx_HAL_Driver/Src/stm32f4xx_hal_pwr_ex.o
 .ARM.attributes
                0x0000000000000440       0x39 Drivers/STM32F4xx_HAL_Driver/Src/stm32f4xx_hal_rcc.o
 .ARM.attributes
                0x0000000000000479       0x39 Drivers/STM32F4xx_HAL_Driver/Src/stm32f4xx_hal_rcc_ex.o
 .ARM.attributes
                0x00000000000004b2       0x39 Drivers/STM32F4xx_HAL_Driver/Src/stm32f4xx_hal_spi.o
 .ARM.attributes
                0x00000000000004eb       0x34 /opt/st/stm32cubeide_1.5.0/plugins/com.st.stm32cube.ide.mcu.externaltools.gnu-tools-for-stm32.7-2018-q2-update.linux64_1.5.0.202011040924/tools/bin/../lib/gcc/arm-none-eabi/7.3.1/../../../../arm-none-eabi/lib/thumb/v7e-m/fpv4-sp/hard/libc_nano.a(lib_a-errno.o)
 .ARM.attributes
                0x000000000000051f       0x34 /opt/st/stm32cubeide_1.5.0/plugins/com.st.stm32cube.ide.mcu.externaltools.gnu-tools-for-stm32.7-2018-q2-update.linux64_1.5.0.202011040924/tools/bin/../lib/gcc/arm-none-eabi/7.3.1/../../../../arm-none-eabi/lib/thumb/v7e-m/fpv4-sp/hard/libc_nano.a(lib_a-impure.o)
 .ARM.attributes
                0x0000000000000553       0x34 /opt/st/stm32cubeide_1.5.0/plugins/com.st.stm32cube.ide.mcu.externaltools.gnu-tools-for-stm32.7-2018-q2-update.linux64_1.5.0.202011040924/tools/bin/../lib/gcc/arm-none-eabi/7.3.1/../../../../arm-none-eabi/lib/thumb/v7e-m/fpv4-sp/hard/libc_nano.a(lib_a-init.o)
 .ARM.attributes
                0x0000000000000587       0x34 /opt/st/stm32cubeide_1.5.0/plugins/com.st.stm32cube.ide.mcu.externaltools.gnu-tools-for-stm32.7-2018-q2-update.linux64_1.5.0.202011040924/tools/bin/../lib/gcc/arm-none-eabi/7.3.1/../../../../arm-none-eabi/lib/thumb/v7e-m/fpv4-sp/hard/libc_nano.a(lib_a-memset.o)
 .ARM.attributes
                0x00000000000005bb       0x34 /opt/st/stm32cubeide_1.5.0/plugins/com.st.stm32cube.ide.mcu.externaltools.gnu-tools-for-stm32.7-2018-q2-update.linux64_1.5.0.202011040924/tools/bin/../lib/gcc/arm-none-eabi/7.3.1/../../../../arm-none-eabi/lib/thumb/v7e-m/fpv4-sp/hard/libm.a(lib_a-wf_exp.o)
 .ARM.attributes
                0x00000000000005ef       0x34 /opt/st/stm32cubeide_1.5.0/plugins/com.st.stm32cube.ide.mcu.externaltools.gnu-tools-for-stm32.7-2018-q2-update.linux64_1.5.0.202011040924/tools/bin/../lib/gcc/arm-none-eabi/7.3.1/../../../../arm-none-eabi/lib/thumb/v7e-m/fpv4-sp/hard/libm.a(lib_a-ef_exp.o)
 .ARM.attributes
                0x0000000000000623       0x34 /opt/st/stm32cubeide_1.5.0/plugins/com.st.stm32cube.ide.mcu.externaltools.gnu-tools-for-stm32.7-2018-q2-update.linux64_1.5.0.202011040924/tools/bin/../lib/gcc/arm-none-eabi/7.3.1/../../../../arm-none-eabi/lib/thumb/v7e-m/fpv4-sp/hard/libm.a(lib_a-s_lib_ver.o)
 .ARM.attributes
                0x0000000000000657       0x34 /opt/st/stm32cubeide_1.5.0/plugins/com.st.stm32cube.ide.mcu.externaltools.gnu-tools-for-stm32.7-2018-q2-update.linux64_1.5.0.202011040924/tools/bin/../lib/gcc/arm-none-eabi/7.3.1/../../../../arm-none-eabi/lib/thumb/v7e-m/fpv4-sp/hard/libm.a(lib_a-s_matherr.o)
 .ARM.attributes
                0x000000000000068b       0x34 /opt/st/stm32cubeide_1.5.0/plugins/com.st.stm32cube.ide.mcu.externaltools.gnu-tools-for-stm32.7-2018-q2-update.linux64_1.5.0.202011040924/tools/bin/../lib/gcc/arm-none-eabi/7.3.1/../../../../arm-none-eabi/lib/thumb/v7e-m/fpv4-sp/hard/libm.a(lib_a-sf_finite.o)
 .ARM.attributes
                0x00000000000006bf       0x22 /opt/st/stm32cubeide_1.5.0/plugins/com.st.stm32cube.ide.mcu.externaltools.gnu-tools-for-stm32.7-2018-q2-update.linux64_1.5.0.202011040924/tools/bin/../lib/gcc/arm-none-eabi/7.3.1/thumb/v7e-m/fpv4-sp/hard/libgcc.a(_arm_addsubdf3.o)
 .ARM.attributes
                0x00000000000006e1       0x22 /opt/st/stm32cubeide_1.5.0/plugins/com.st.stm32cube.ide.mcu.externaltools.gnu-tools-for-stm32.7-2018-q2-update.linux64_1.5.0.202011040924/tools/bin/../lib/gcc/arm-none-eabi/7.3.1/thumb/v7e-m/fpv4-sp/hard/libgcc.a(_arm_truncdfsf2.o)
 .ARM.attributes
                0x0000000000000703       0x22 /opt/st/stm32cubeide_1.5.0/plugins/com.st.stm32cube.ide.mcu.externaltools.gnu-tools-for-stm32.7-2018-q2-update.linux64_1.5.0.202011040924/tools/bin/../lib/gcc/arm-none-eabi/7.3.1/thumb/v7e-m/fpv4-sp/hard/libgcc.a(_aeabi_uldivmod.o)
 .ARM.attributes
                0x0000000000000725       0x34 /opt/st/stm32cubeide_1.5.0/plugins/com.st.stm32cube.ide.mcu.externaltools.gnu-tools-for-stm32.7-2018-q2-update.linux64_1.5.0.202011040924/tools/bin/../lib/gcc/arm-none-eabi/7.3.1/thumb/v7e-m/fpv4-sp/hard/libgcc.a(_udivmoddi4.o)
 .ARM.attributes
                0x0000000000000759       0x22 /opt/st/stm32cubeide_1.5.0/plugins/com.st.stm32cube.ide.mcu.externaltools.gnu-tools-for-stm32.7-2018-q2-update.linux64_1.5.0.202011040924/tools/bin/../lib/gcc/arm-none-eabi/7.3.1/thumb/v7e-m/fpv4-sp/hard/libgcc.a(_dvmd_tls.o)
 .ARM.attributes
                0x000000000000077b       0x22 /opt/st/stm32cubeide_1.5.0/plugins/com.st.stm32cube.ide.mcu.externaltools.gnu-tools-for-stm32.7-2018-q2-update.linux64_1.5.0.202011040924/tools/bin/../lib/gcc/arm-none-eabi/7.3.1/thumb/v7e-m/fpv4-sp/hard/crtn.o
OUTPUT(I2S_F429_LQFP144.elf elf32-littlearm)

.debug_info     0x0000000000000000    0x109da
 .debug_info    0x0000000000000000     0x1c00 Core/Src/dtm.o
 .debug_info    0x0000000000001c00     0x1442 Core/Src/main.o
 .debug_info    0x0000000000003042     0x1077 Core/Src/ssd1306.o
 .debug_info    0x00000000000040b9      0xf7f Core/Src/stm32f4xx_hal_msp.o
 .debug_info    0x0000000000005038      0x46f Core/Src/stm32f4xx_it.o
 .debug_info    0x00000000000054a7      0x2dd Core/Src/string.o
 .debug_info    0x0000000000005784      0x56a Core/Src/system_stm32f4xx.o
 .debug_info    0x0000000000005cee     0x1131 Core/Src/timer.o
 .debug_info    0x0000000000006e1f       0x22 Core/Startup/startup_stm32f429zitx.o
 .debug_info    0x0000000000006e41      0x9b5 Drivers/STM32F4xx_HAL_Driver/Src/stm32f4xx_hal.o
 .debug_info    0x00000000000077f6      0xe5a Drivers/STM32F4xx_HAL_Driver/Src/stm32f4xx_hal_cortex.o
 .debug_info    0x0000000000008650      0x964 Drivers/STM32F4xx_HAL_Driver/Src/stm32f4xx_hal_dma.o
 .debug_info    0x0000000000008fb4      0x7cb Drivers/STM32F4xx_HAL_Driver/Src/stm32f4xx_hal_gpio.o
 .debug_info    0x000000000000977f     0x242f Drivers/STM32F4xx_HAL_Driver/Src/stm32f4xx_hal_i2c.o
 .debug_info    0x000000000000bbae      0x715 Drivers/STM32F4xx_HAL_Driver/Src/stm32f4xx_hal_i2c_ex.o
 .debug_info    0x000000000000c2c3      0xe5a Drivers/STM32F4xx_HAL_Driver/Src/stm32f4xx_hal_i2s.o
 .debug_info    0x000000000000d11d      0xb72 Drivers/STM32F4xx_HAL_Driver/Src/stm32f4xx_hal_i2s_ex.o
 .debug_info    0x000000000000dc8f      0x743 Drivers/STM32F4xx_HAL_Driver/Src/stm32f4xx_hal_pwr_ex.o
 .debug_info    0x000000000000e3d2      0x91a Drivers/STM32F4xx_HAL_Driver/Src/stm32f4xx_hal_rcc.o
 .debug_info    0x000000000000ecec      0x6b8 Drivers/STM32F4xx_HAL_Driver/Src/stm32f4xx_hal_rcc_ex.o
 .debug_info    0x000000000000f3a4     0x1636 Drivers/STM32F4xx_HAL_Driver/Src/stm32f4xx_hal_spi.o

.debug_abbrev   0x0000000000000000     0x2825
 .debug_abbrev  0x0000000000000000      0x32b Core/Src/dtm.o
 .debug_abbrev  0x000000000000032b      0x234 Core/Src/main.o
 .debug_abbrev  0x000000000000055f      0x263 Core/Src/ssd1306.o
 .debug_abbrev  0x00000000000007c2      0x1c1 Core/Src/stm32f4xx_hal_msp.o
 .debug_abbrev  0x0000000000000983      0x146 Core/Src/stm32f4xx_it.o
 .debug_abbrev  0x0000000000000ac9      0x126 Core/Src/string.o
 .debug_abbrev  0x0000000000000bef      0x128 Core/Src/system_stm32f4xx.o
 .debug_abbrev  0x0000000000000d17      0x29b Core/Src/timer.o
 .debug_abbrev  0x0000000000000fb2       0x12 Core/Startup/startup_stm32f429zitx.o
 .debug_abbrev  0x0000000000000fc4      0x1c4 Drivers/STM32F4xx_HAL_Driver/Src/stm32f4xx_hal.o
 .debug_abbrev  0x0000000000001188      0x2f7 Drivers/STM32F4xx_HAL_Driver/Src/stm32f4xx_hal_cortex.o
 .debug_abbrev  0x000000000000147f      0x226 Drivers/STM32F4xx_HAL_Driver/Src/stm32f4xx_hal_dma.o
 .debug_abbrev  0x00000000000016a5      0x1c6 Drivers/STM32F4xx_HAL_Driver/Src/stm32f4xx_hal_gpio.o
 .debug_abbrev  0x000000000000186b      0x251 Drivers/STM32F4xx_HAL_Driver/Src/stm32f4xx_hal_i2c.o
 .debug_abbrev  0x0000000000001abc      0x16a Drivers/STM32F4xx_HAL_Driver/Src/stm32f4xx_hal_i2c_ex.o
 .debug_abbrev  0x0000000000001c26      0x218 Drivers/STM32F4xx_HAL_Driver/Src/stm32f4xx_hal_i2s.o
 .debug_abbrev  0x0000000000001e3e      0x243 Drivers/STM32F4xx_HAL_Driver/Src/stm32f4xx_hal_i2s_ex.o
 .debug_abbrev  0x0000000000002081      0x1b5 Drivers/STM32F4xx_HAL_Driver/Src/stm32f4xx_hal_pwr_ex.o
 .debug_abbrev  0x0000000000002236      0x242 Drivers/STM32F4xx_HAL_Driver/Src/stm32f4xx_hal_rcc.o
 .debug_abbrev  0x0000000000002478      0x170 Drivers/STM32F4xx_HAL_Driver/Src/stm32f4xx_hal_rcc_ex.o
 .debug_abbrev  0x00000000000025e8      0x23d Drivers/STM32F4xx_HAL_Driver/Src/stm32f4xx_hal_spi.o

.debug_aranges  0x0000000000000000      0xdf8
 .debug_aranges
                0x0000000000000000       0x90 Core/Src/dtm.o
 .debug_aranges
                0x0000000000000090       0x60 Core/Src/main.o
 .debug_aranges
                0x00000000000000f0       0xa8 Core/Src/ssd1306.o
 .debug_aranges
                0x0000000000000198       0x50 Core/Src/stm32f4xx_hal_msp.o
 .debug_aranges
                0x00000000000001e8       0x68 Core/Src/stm32f4xx_it.o
 .debug_aranges
                0x0000000000000250       0x48 Core/Src/string.o
 .debug_aranges
                0x0000000000000298       0x28 Core/Src/system_stm32f4xx.o
 .debug_aranges
                0x00000000000002c0       0xa8 Core/Src/timer.o
 .debug_aranges
                0x0000000000000368       0x28 Core/Startup/startup_stm32f429zitx.o
 .debug_aranges
                0x0000000000000390      0x100 Drivers/STM32F4xx_HAL_Driver/Src/stm32f4xx_hal.o
 .debug_aranges
                0x0000000000000490      0x118 Drivers/STM32F4xx_HAL_Driver/Src/stm32f4xx_hal_cortex.o
 .debug_aranges
                0x00000000000005a8       0x90 Drivers/STM32F4xx_HAL_Driver/Src/stm32f4xx_hal_dma.o
 .debug_aranges
                0x0000000000000638       0x58 Drivers/STM32F4xx_HAL_Driver/Src/stm32f4xx_hal_gpio.o
 .debug_aranges
                0x0000000000000690      0x2a0 Drivers/STM32F4xx_HAL_Driver/Src/stm32f4xx_hal_i2c.o
 .debug_aranges
                0x0000000000000930       0x28 Drivers/STM32F4xx_HAL_Driver/Src/stm32f4xx_hal_i2c_ex.o
 .debug_aranges
                0x0000000000000958      0x108 Drivers/STM32F4xx_HAL_Driver/Src/stm32f4xx_hal_i2s.o
 .debug_aranges
                0x0000000000000a60       0x88 Drivers/STM32F4xx_HAL_Driver/Src/stm32f4xx_hal_i2s_ex.o
 .debug_aranges
                0x0000000000000ae8       0x60 Drivers/STM32F4xx_HAL_Driver/Src/stm32f4xx_hal_pwr_ex.o
 .debug_aranges
                0x0000000000000b48       0x88 Drivers/STM32F4xx_HAL_Driver/Src/stm32f4xx_hal_rcc.o
 .debug_aranges
                0x0000000000000bd0       0x58 Drivers/STM32F4xx_HAL_Driver/Src/stm32f4xx_hal_rcc_ex.o
 .debug_aranges
                0x0000000000000c28      0x1d0 Drivers/STM32F4xx_HAL_Driver/Src/stm32f4xx_hal_spi.o

.debug_ranges   0x0000000000000000      0xcd8
 .debug_ranges  0x0000000000000000       0x80 Core/Src/dtm.o
 .debug_ranges  0x0000000000000080       0x50 Core/Src/main.o
 .debug_ranges  0x00000000000000d0       0x98 Core/Src/ssd1306.o
 .debug_ranges  0x0000000000000168       0x40 Core/Src/stm32f4xx_hal_msp.o
 .debug_ranges  0x00000000000001a8       0x58 Core/Src/stm32f4xx_it.o
 .debug_ranges  0x0000000000000200       0x38 Core/Src/string.o
 .debug_ranges  0x0000000000000238       0x18 Core/Src/system_stm32f4xx.o
 .debug_ranges  0x0000000000000250       0x98 Core/Src/timer.o
 .debug_ranges  0x00000000000002e8       0x20 Core/Startup/startup_stm32f429zitx.o
 .debug_ranges  0x0000000000000308       0xf0 Drivers/STM32F4xx_HAL_Driver/Src/stm32f4xx_hal.o
 .debug_ranges  0x00000000000003f8      0x108 Drivers/STM32F4xx_HAL_Driver/Src/stm32f4xx_hal_cortex.o
 .debug_ranges  0x0000000000000500       0x80 Drivers/STM32F4xx_HAL_Driver/Src/stm32f4xx_hal_dma.o
 .debug_ranges  0x0000000000000580       0x48 Drivers/STM32F4xx_HAL_Driver/Src/stm32f4xx_hal_gpio.o
 .debug_ranges  0x00000000000005c8      0x2b8 Drivers/STM32F4xx_HAL_Driver/Src/stm32f4xx_hal_i2c.o
 .debug_ranges  0x0000000000000880       0x18 Drivers/STM32F4xx_HAL_Driver/Src/stm32f4xx_hal_i2c_ex.o
 .debug_ranges  0x0000000000000898       0xf8 Drivers/STM32F4xx_HAL_Driver/Src/stm32f4xx_hal_i2s.o
 .debug_ranges  0x0000000000000990       0x78 Drivers/STM32F4xx_HAL_Driver/Src/stm32f4xx_hal_i2s_ex.o
 .debug_ranges  0x0000000000000a08       0x50 Drivers/STM32F4xx_HAL_Driver/Src/stm32f4xx_hal_pwr_ex.o
 .debug_ranges  0x0000000000000a58       0x78 Drivers/STM32F4xx_HAL_Driver/Src/stm32f4xx_hal_rcc.o
 .debug_ranges  0x0000000000000ad0       0x48 Drivers/STM32F4xx_HAL_Driver/Src/stm32f4xx_hal_rcc_ex.o
 .debug_ranges  0x0000000000000b18      0x1c0 Drivers/STM32F4xx_HAL_Driver/Src/stm32f4xx_hal_spi.o

.debug_line     0x0000000000000000     0x8004
 .debug_line    0x0000000000000000      0x6da Core/Src/dtm.o
 .debug_line    0x00000000000006da      0x460 Core/Src/main.o
 .debug_line    0x0000000000000b3a      0x5a5 Core/Src/ssd1306.o
 .debug_line    0x00000000000010df      0x3b5 Core/Src/stm32f4xx_hal_msp.o
 .debug_line    0x0000000000001494      0x354 Core/Src/stm32f4xx_it.o
 .debug_line    0x00000000000017e8      0x2ae Core/Src/string.o
 .debug_line    0x0000000000001a96      0x2a3 Core/Src/system_stm32f4xx.o
 .debug_line    0x0000000000001d39      0x461 Core/Src/timer.o
 .debug_line    0x000000000000219a       0x85 Core/Startup/startup_stm32f429zitx.o
 .debug_line    0x000000000000221f      0x4d7 Drivers/STM32F4xx_HAL_Driver/Src/stm32f4xx_hal.o
 .debug_line    0x00000000000026f6      0x5e9 Drivers/STM32F4xx_HAL_Driver/Src/stm32f4xx_hal_cortex.o
 .debug_line    0x0000000000002cdf      0x598 Drivers/STM32F4xx_HAL_Driver/Src/stm32f4xx_hal_dma.o
 .debug_line    0x0000000000003277      0x4d2 Drivers/STM32F4xx_HAL_Driver/Src/stm32f4xx_hal_gpio.o
 .debug_line    0x0000000000003749     0x178f Drivers/STM32F4xx_HAL_Driver/Src/stm32f4xx_hal_i2c.o
 .debug_line    0x0000000000004ed8      0x302 Drivers/STM32F4xx_HAL_Driver/Src/stm32f4xx_hal_i2c_ex.o
 .debug_line    0x00000000000051da      0x97d Drivers/STM32F4xx_HAL_Driver/Src/stm32f4xx_hal_i2s.o
 .debug_line    0x0000000000005b57      0xaab Drivers/STM32F4xx_HAL_Driver/Src/stm32f4xx_hal_i2s_ex.o
 .debug_line    0x0000000000006602      0x3a5 Drivers/STM32F4xx_HAL_Driver/Src/stm32f4xx_hal_pwr_ex.o
 .debug_line    0x00000000000069a7      0x554 Drivers/STM32F4xx_HAL_Driver/Src/stm32f4xx_hal_rcc.o
 .debug_line    0x0000000000006efb      0x46c Drivers/STM32F4xx_HAL_Driver/Src/stm32f4xx_hal_rcc_ex.o
 .debug_line    0x0000000000007367      0xc9d Drivers/STM32F4xx_HAL_Driver/Src/stm32f4xx_hal_spi.o

.debug_str      0x0000000000000000     0x4b37
 .debug_str     0x0000000000000000     0x10ed Core/Src/dtm.o
                                       0x120d (size before relaxing)
 .debug_str     0x00000000000010ed     0x1194 Core/Src/main.o
                                       0x1468 (size before relaxing)
 .debug_str     0x0000000000002281      0x1fb Core/Src/ssd1306.o
                                        0x9ac (size before relaxing)
 .debug_str     0x000000000000247c       0xa1 Core/Src/stm32f4xx_hal_msp.o
                                        0xcec (size before relaxing)
 .debug_str     0x000000000000251d       0xc3 Core/Src/stm32f4xx_it.o
                                        0x5b8 (size before relaxing)
 .debug_str     0x00000000000025e0       0x4d Core/Src/string.o
                                        0x28a (size before relaxing)
 .debug_str     0x000000000000262d       0xaf Core/Src/system_stm32f4xx.o
                                        0x45a (size before relaxing)
 .debug_str     0x00000000000026dc      0x204 Core/Src/timer.o
                                        0xfa9 (size before relaxing)
 .debug_str     0x00000000000028e0       0x36 Core/Startup/startup_stm32f429zitx.o
                                         0x88 (size before relaxing)
 .debug_str     0x0000000000002916      0x300 Drivers/STM32F4xx_HAL_Driver/Src/stm32f4xx_hal.o
                                        0xc46 (size before relaxing)
 .debug_str     0x0000000000002c16      0x44d Drivers/STM32F4xx_HAL_Driver/Src/stm32f4xx_hal_cortex.o
                                        0xd7c (size before relaxing)
 .debug_str     0x0000000000003063      0x313 Drivers/STM32F4xx_HAL_Driver/Src/stm32f4xx_hal_dma.o
                                        0x858 (size before relaxing)
 .debug_str     0x0000000000003376      0x158 Drivers/STM32F4xx_HAL_Driver/Src/stm32f4xx_hal_gpio.o
                                        0x5f1 (size before relaxing)
 .debug_str     0x00000000000034ce      0x8a2 Drivers/STM32F4xx_HAL_Driver/Src/stm32f4xx_hal_i2c.o
                                       0x10be (size before relaxing)
 .debug_str     0x0000000000003d70       0x76 Drivers/STM32F4xx_HAL_Driver/Src/stm32f4xx_hal_i2c_ex.o
                                        0x855 (size before relaxing)
 .debug_str     0x0000000000003de6      0x234 Drivers/STM32F4xx_HAL_Driver/Src/stm32f4xx_hal_i2s.o
                                        0x9fa (size before relaxing)
 .debug_str     0x000000000000401a      0x1f1 Drivers/STM32F4xx_HAL_Driver/Src/stm32f4xx_hal_i2s_ex.o
                                        0x94e (size before relaxing)
 .debug_str     0x000000000000420b      0x158 Drivers/STM32F4xx_HAL_Driver/Src/stm32f4xx_hal_pwr_ex.o
                                        0x5d0 (size before relaxing)
 .debug_str     0x0000000000004363      0x1ae Drivers/STM32F4xx_HAL_Driver/Src/stm32f4xx_hal_rcc.o
                                        0x7a8 (size before relaxing)
 .debug_str     0x0000000000004511      0x145 Drivers/STM32F4xx_HAL_Driver/Src/stm32f4xx_hal_rcc_ex.o
                                        0x64d (size before relaxing)
 .debug_str     0x0000000000004656      0x4e1 Drivers/STM32F4xx_HAL_Driver/Src/stm32f4xx_hal_spi.o
                                        0xc8b (size before relaxing)

.comment        0x0000000000000000       0x7b
 .comment       0x0000000000000000       0x7b Core/Src/dtm.o
                                         0x7c (size before relaxing)
 .comment       0x000000000000007b       0x7c Core/Src/main.o
 .comment       0x000000000000007b       0x7c Core/Src/ssd1306.o
 .comment       0x000000000000007b       0x7c Core/Src/stm32f4xx_hal_msp.o
 .comment       0x000000000000007b       0x7c Core/Src/stm32f4xx_it.o
 .comment       0x000000000000007b       0x7c Core/Src/string.o
 .comment       0x000000000000007b       0x7c Core/Src/system_stm32f4xx.o
 .comment       0x000000000000007b       0x7c Core/Src/timer.o
 .comment       0x000000000000007b       0x7c Drivers/STM32F4xx_HAL_Driver/Src/stm32f4xx_hal.o
 .comment       0x000000000000007b       0x7c Drivers/STM32F4xx_HAL_Driver/Src/stm32f4xx_hal_cortex.o
 .comment       0x000000000000007b       0x7c Drivers/STM32F4xx_HAL_Driver/Src/stm32f4xx_hal_dma.o
 .comment       0x000000000000007b       0x7c Drivers/STM32F4xx_HAL_Driver/Src/stm32f4xx_hal_gpio.o
 .comment       0x000000000000007b       0x7c Drivers/STM32F4xx_HAL_Driver/Src/stm32f4xx_hal_i2c.o
 .comment       0x000000000000007b       0x7c Drivers/STM32F4xx_HAL_Driver/Src/stm32f4xx_hal_i2c_ex.o
 .comment       0x000000000000007b       0x7c Drivers/STM32F4xx_HAL_Driver/Src/stm32f4xx_hal_i2s.o
 .comment       0x000000000000007b       0x7c Drivers/STM32F4xx_HAL_Driver/Src/stm32f4xx_hal_i2s_ex.o
 .comment       0x000000000000007b       0x7c Drivers/STM32F4xx_HAL_Driver/Src/stm32f4xx_hal_pwr_ex.o
 .comment       0x000000000000007b       0x7c Drivers/STM32F4xx_HAL_Driver/Src/stm32f4xx_hal_rcc.o
 .comment       0x000000000000007b       0x7c Drivers/STM32F4xx_HAL_Driver/Src/stm32f4xx_hal_rcc_ex.o
 .comment       0x000000000000007b       0x7c Drivers/STM32F4xx_HAL_Driver/Src/stm32f4xx_hal_spi.o

.debug_frame    0x0000000000000000     0x3a8c
 .debug_frame   0x0000000000000000      0x278 Core/Src/dtm.o
 .debug_frame   0x0000000000000278      0x128 Core/Src/main.o
 .debug_frame   0x00000000000003a0      0x2c8 Core/Src/ssd1306.o
 .debug_frame   0x0000000000000668      0x110 Core/Src/stm32f4xx_hal_msp.o
 .debug_frame   0x0000000000000778      0x120 Core/Src/stm32f4xx_it.o
 .debug_frame   0x0000000000000898       0xf8 Core/Src/string.o
 .debug_frame   0x0000000000000990       0x58 Core/Src/system_stm32f4xx.o
 .debug_frame   0x00000000000009e8      0x280 Core/Src/timer.o
 .debug_frame   0x0000000000000c68      0x3b4 Drivers/STM32F4xx_HAL_Driver/Src/stm32f4xx_hal.o
 .debug_frame   0x000000000000101c      0x498 Drivers/STM32F4xx_HAL_Driver/Src/stm32f4xx_hal_cortex.o
 .debug_frame   0x00000000000014b4      0x250 Drivers/STM32F4xx_HAL_Driver/Src/stm32f4xx_hal_dma.o
 .debug_frame   0x0000000000001704      0x14c Drivers/STM32F4xx_HAL_Driver/Src/stm32f4xx_hal_gpio.o
 .debug_frame   0x0000000000001850      0xc5c Drivers/STM32F4xx_HAL_Driver/Src/stm32f4xx_hal_i2c.o
 .debug_frame   0x00000000000024ac       0x60 Drivers/STM32F4xx_HAL_Driver/Src/stm32f4xx_hal_i2c_ex.o
 .debug_frame   0x000000000000250c      0x484 Drivers/STM32F4xx_HAL_Driver/Src/stm32f4xx_hal_i2s.o
 .debug_frame   0x0000000000002990      0x220 Drivers/STM32F4xx_HAL_Driver/Src/stm32f4xx_hal_i2s_ex.o
 .debug_frame   0x0000000000002bb0      0x14c Drivers/STM32F4xx_HAL_Driver/Src/stm32f4xx_hal_pwr_ex.o
 .debug_frame   0x0000000000002cfc      0x1f0 Drivers/STM32F4xx_HAL_Driver/Src/stm32f4xx_hal_rcc.o
 .debug_frame   0x0000000000002eec      0x13c Drivers/STM32F4xx_HAL_Driver/Src/stm32f4xx_hal_rcc_ex.o
 .debug_frame   0x0000000000003028      0x824 Drivers/STM32F4xx_HAL_Driver/Src/stm32f4xx_hal_spi.o
 .debug_frame   0x000000000000384c       0x20 /opt/st/stm32cubeide_1.5.0/plugins/com.st.stm32cube.ide.mcu.externaltools.gnu-tools-for-stm32.7-2018-q2-update.linux64_1.5.0.202011040924/tools/bin/../lib/gcc/arm-none-eabi/7.3.1/../../../../arm-none-eabi/lib/thumb/v7e-m/fpv4-sp/hard/libc_nano.a(lib_a-errno.o)
 .debug_frame   0x000000000000386c       0x2c /opt/st/stm32cubeide_1.5.0/plugins/com.st.stm32cube.ide.mcu.externaltools.gnu-tools-for-stm32.7-2018-q2-update.linux64_1.5.0.202011040924/tools/bin/../lib/gcc/arm-none-eabi/7.3.1/../../../../arm-none-eabi/lib/thumb/v7e-m/fpv4-sp/hard/libc_nano.a(lib_a-init.o)
 .debug_frame   0x0000000000003898       0x20 /opt/st/stm32cubeide_1.5.0/plugins/com.st.stm32cube.ide.mcu.externaltools.gnu-tools-for-stm32.7-2018-q2-update.linux64_1.5.0.202011040924/tools/bin/../lib/gcc/arm-none-eabi/7.3.1/../../../../arm-none-eabi/lib/thumb/v7e-m/fpv4-sp/hard/libc_nano.a(lib_a-memset.o)
 .debug_frame   0x00000000000038b8       0x44 /opt/st/stm32cubeide_1.5.0/plugins/com.st.stm32cube.ide.mcu.externaltools.gnu-tools-for-stm32.7-2018-q2-update.linux64_1.5.0.202011040924/tools/bin/../lib/gcc/arm-none-eabi/7.3.1/../../../../arm-none-eabi/lib/thumb/v7e-m/fpv4-sp/hard/libm.a(lib_a-wf_exp.o)
 .debug_frame   0x00000000000038fc       0x20 /opt/st/stm32cubeide_1.5.0/plugins/com.st.stm32cube.ide.mcu.externaltools.gnu-tools-for-stm32.7-2018-q2-update.linux64_1.5.0.202011040924/tools/bin/../lib/gcc/arm-none-eabi/7.3.1/../../../../arm-none-eabi/lib/thumb/v7e-m/fpv4-sp/hard/libm.a(lib_a-ef_exp.o)
 .debug_frame   0x000000000000391c       0x20 /opt/st/stm32cubeide_1.5.0/plugins/com.st.stm32cube.ide.mcu.externaltools.gnu-tools-for-stm32.7-2018-q2-update.linux64_1.5.0.202011040924/tools/bin/../lib/gcc/arm-none-eabi/7.3.1/../../../../arm-none-eabi/lib/thumb/v7e-m/fpv4-sp/hard/libm.a(lib_a-s_matherr.o)
 .debug_frame   0x000000000000393c       0x20 /opt/st/stm32cubeide_1.5.0/plugins/com.st.stm32cube.ide.mcu.externaltools.gnu-tools-for-stm32.7-2018-q2-update.linux64_1.5.0.202011040924/tools/bin/../lib/gcc/arm-none-eabi/7.3.1/../../../../arm-none-eabi/lib/thumb/v7e-m/fpv4-sp/hard/libm.a(lib_a-sf_finite.o)
 .debug_frame   0x000000000000395c       0xac /opt/st/stm32cubeide_1.5.0/plugins/com.st.stm32cube.ide.mcu.externaltools.gnu-tools-for-stm32.7-2018-q2-update.linux64_1.5.0.202011040924/tools/bin/../lib/gcc/arm-none-eabi/7.3.1/thumb/v7e-m/fpv4-sp/hard/libgcc.a(_arm_addsubdf3.o)
 .debug_frame   0x0000000000003a08       0x24 /opt/st/stm32cubeide_1.5.0/plugins/com.st.stm32cube.ide.mcu.externaltools.gnu-tools-for-stm32.7-2018-q2-update.linux64_1.5.0.202011040924/tools/bin/../lib/gcc/arm-none-eabi/7.3.1/thumb/v7e-m/fpv4-sp/hard/libgcc.a(_arm_truncdfsf2.o)
 .debug_frame   0x0000000000003a2c       0x2c /opt/st/stm32cubeide_1.5.0/plugins/com.st.stm32cube.ide.mcu.externaltools.gnu-tools-for-stm32.7-2018-q2-update.linux64_1.5.0.202011040924/tools/bin/../lib/gcc/arm-none-eabi/7.3.1/thumb/v7e-m/fpv4-sp/hard/libgcc.a(_aeabi_uldivmod.o)
 .debug_frame   0x0000000000003a58       0x34 /opt/st/stm32cubeide_1.5.0/plugins/com.st.stm32cube.ide.mcu.externaltools.gnu-tools-for-stm32.7-2018-q2-update.linux64_1.5.0.202011040924/tools/bin/../lib/gcc/arm-none-eabi/7.3.1/thumb/v7e-m/fpv4-sp/hard/libgcc.a(_udivmoddi4.o)
