

================================================================
== Synthesis Summary Report of 'mapchip_png'
================================================================
+ General Information: 
    * Date:           Tue Jul 27 21:17:54 2021
    * Version:        2020.2 (Build 3064766 on Wed Nov 18 09:12:47 MST 2020)
    * Project:        mapchip_png
    * Solution:       solution1 (Vivado IP Flow Target)
    * Product family: zynq
    * Target device:  xc7z020-clg400-1
    

+ Performance & Resource Estimates: 
    
    PS: '+' for module; 'o' for loop; '*' for dataflow
    +---------------------------------------------------------+--------+-------+---------+-----------+----------+---------+------+----------+---------+--------+-----------+------------+-----+
    |                         Modules                         |  Issue |       | Latency |  Latency  | Iteration|         | Trip |          |         |        |           |            |     |
    |                         & Loops                         |  Type  | Slack | (cycles)|    (ns)   |  Latency | Interval| Count| Pipelined|  BRAM   |   DSP  |     FF    |     LUT    | URAM|
    +---------------------------------------------------------+--------+-------+---------+-----------+----------+---------+------+----------+---------+--------+-----------+------------+-----+
    |+ mapchip_png                                            |  Timing|   0.00|   317940|  3.179e+06|         -|   317941|     -|        no|  11 (3%)|  9 (4%)|  6423 (6%)|  5353 (10%)|    -|
    | + grp_dataflow_in_loop_height_loop_fu_198*              |  Timing|   0.00|     1319|  1.319e+04|         -|      661|     -|  dataflow|   7 (2%)|  9 (4%)|  4327 (4%)|   3115 (5%)|    -|
    |  + grp_dstout_loop_proc_fu_262                          |  Timing|   0.00|      660|  6.600e+03|         -|      660|     -|        no|        -|  9 (4%)|  831 (~0%)|    741 (1%)|    -|
    |   o dstout_loop                                         |       -|  -7.30|      650|  6.500e+03|        12|        1|   640|       yes|        -|       -|          -|           -|    -|
    |  + grp_src_loop_proc_fu_275                             |  Timing|   0.00|      657|  6.570e+03|         -|      657|     -|        no|        -|       -|  1218 (1%)|    675 (1%)|    -|
    |   o src_loop                                            |       -|  -7.30|      641|  6.410e+03|         3|        1|   640|       yes|        -|       -|          -|           -|    -|
    |  + grp_dstin_loop_proc_fu_292                           |  Timing|   0.00|      653|  6.530e+03|         -|      653|     -|        no|        -|       -|  590 (~0%)|   352 (~0%)|    -|
    |   o dstin_loop                                          |       -|  -7.30|      641|  6.410e+03|         3|        1|   640|       yes|        -|       -|          -|           -|    -|
    |  + call_ln0_dataflow_in_loop_height_loop_entry6_fu_303  |       -|  -3.67|        0|      0.000|         -|        0|     -|        no|        -|       -|    2 (~0%)|   146 (~0%)|    -|
    | o height_loop                                           |       -|  -7.30|   317939|  3.179e+06|      1321|        -|   480|        no|        -|       -|          -|           -|    -|
    +---------------------------------------------------------+--------+-------+---------+-----------+----------+---------+------+----------+---------+--------+-----------+------------+-----+

