------------------------------------------------------------
Timing Analyzer Summary
------------------------------------------------------------

Type  : Slow 1200mV 85C Model Setup 'CLK'
Slack : 7.241
TNS   : 0.000

Type  : Slow 1200mV 85C Model Hold 'CLK'
Slack : 0.324
TNS   : 0.000

Type  : Slow 1200mV 85C Model Recovery 'CLK'
Slack : 14.599
TNS   : 0.000

Type  : Slow 1200mV 85C Model Removal 'CLK'
Slack : 2.913
TNS   : 0.000

Type  : Slow 1200mV 85C Model Minimum Pulse Width 'CLK'
Slack : 9.630
TNS   : 0.000

Type  : Slow 1200mV 0C Model Setup 'CLK'
Slack : 8.298
TNS   : 0.000

Type  : Slow 1200mV 0C Model Hold 'CLK'
Slack : 0.294
TNS   : 0.000

Type  : Slow 1200mV 0C Model Recovery 'CLK'
Slack : 15.020
TNS   : 0.000

Type  : Slow 1200mV 0C Model Removal 'CLK'
Slack : 2.783
TNS   : 0.000

Type  : Slow 1200mV 0C Model Minimum Pulse Width 'CLK'
Slack : 9.626
TNS   : 0.000

Type  : Fast 1200mV 0C Model Setup 'CLK'
Slack : 12.897
TNS   : 0.000

Type  : Fast 1200mV 0C Model Hold 'CLK'
Slack : 0.147
TNS   : 0.000

Type  : Fast 1200mV 0C Model Recovery 'CLK'
Slack : 16.465
TNS   : 0.000

Type  : Fast 1200mV 0C Model Removal 'CLK'
Slack : 1.810
TNS   : 0.000

Type  : Fast 1200mV 0C Model Minimum Pulse Width 'CLK'
Slack : 9.465
TNS   : 0.000

------------------------------------------------------------
