Archive member included to satisfy reference by file (symbol)

/home/koutakimura/workspace/ProjectFolder/ARM/STM32CubeIDE/FPGA_SYSTEM/libarm_cortexM4lf_math.a(arm_sin_f32.o)
                              Core/Src/dtm.o (arm_sin_f32)
/home/koutakimura/workspace/ProjectFolder/ARM/STM32CubeIDE/FPGA_SYSTEM/libarm_cortexM4lf_math.a(arm_common_tables.o)
                              /home/koutakimura/workspace/ProjectFolder/ARM/STM32CubeIDE/FPGA_SYSTEM/libarm_cortexM4lf_math.a(arm_sin_f32.o) (sinTable_f32)
/opt/st/stm32cubeide_1.5.0/plugins/com.st.stm32cube.ide.mcu.externaltools.gnu-tools-for-stm32.7-2018-q2-update.linux64_1.5.0.202011040924/tools/bin/../lib/gcc/arm-none-eabi/7.3.1/../../../../arm-none-eabi/lib/thumb/v7e-m/fpv4-sp/hard/libc_nano.a(lib_a-errno.o)
                              Core/Src/syscalls.o (__errno)
/opt/st/stm32cubeide_1.5.0/plugins/com.st.stm32cube.ide.mcu.externaltools.gnu-tools-for-stm32.7-2018-q2-update.linux64_1.5.0.202011040924/tools/bin/../lib/gcc/arm-none-eabi/7.3.1/../../../../arm-none-eabi/lib/thumb/v7e-m/fpv4-sp/hard/libc_nano.a(lib_a-exit.o)
                              /opt/st/stm32cubeide_1.5.0/plugins/com.st.stm32cube.ide.mcu.externaltools.gnu-tools-for-stm32.7-2018-q2-update.linux64_1.5.0.202011040924/tools/bin/../lib/gcc/arm-none-eabi/7.3.1/../../../../arm-none-eabi/lib/thumb/v7e-m/fpv4-sp/hard/crt0.o (exit)
/opt/st/stm32cubeide_1.5.0/plugins/com.st.stm32cube.ide.mcu.externaltools.gnu-tools-for-stm32.7-2018-q2-update.linux64_1.5.0.202011040924/tools/bin/../lib/gcc/arm-none-eabi/7.3.1/../../../../arm-none-eabi/lib/thumb/v7e-m/fpv4-sp/hard/libc_nano.a(lib_a-impure.o)
                              /opt/st/stm32cubeide_1.5.0/plugins/com.st.stm32cube.ide.mcu.externaltools.gnu-tools-for-stm32.7-2018-q2-update.linux64_1.5.0.202011040924/tools/bin/../lib/gcc/arm-none-eabi/7.3.1/../../../../arm-none-eabi/lib/thumb/v7e-m/fpv4-sp/hard/libc_nano.a(lib_a-exit.o) (_global_impure_ptr)
/opt/st/stm32cubeide_1.5.0/plugins/com.st.stm32cube.ide.mcu.externaltools.gnu-tools-for-stm32.7-2018-q2-update.linux64_1.5.0.202011040924/tools/bin/../lib/gcc/arm-none-eabi/7.3.1/../../../../arm-none-eabi/lib/thumb/v7e-m/fpv4-sp/hard/libc_nano.a(lib_a-init.o)
                              /opt/st/stm32cubeide_1.5.0/plugins/com.st.stm32cube.ide.mcu.externaltools.gnu-tools-for-stm32.7-2018-q2-update.linux64_1.5.0.202011040924/tools/bin/../lib/gcc/arm-none-eabi/7.3.1/../../../../arm-none-eabi/lib/thumb/v7e-m/fpv4-sp/hard/crt0.o (__libc_init_array)
/opt/st/stm32cubeide_1.5.0/plugins/com.st.stm32cube.ide.mcu.externaltools.gnu-tools-for-stm32.7-2018-q2-update.linux64_1.5.0.202011040924/tools/bin/../lib/gcc/arm-none-eabi/7.3.1/../../../../arm-none-eabi/lib/thumb/v7e-m/fpv4-sp/hard/libc_nano.a(lib_a-memset.o)
                              /opt/st/stm32cubeide_1.5.0/plugins/com.st.stm32cube.ide.mcu.externaltools.gnu-tools-for-stm32.7-2018-q2-update.linux64_1.5.0.202011040924/tools/bin/../lib/gcc/arm-none-eabi/7.3.1/../../../../arm-none-eabi/lib/thumb/v7e-m/fpv4-sp/hard/crt0.o (memset)
/opt/st/stm32cubeide_1.5.0/plugins/com.st.stm32cube.ide.mcu.externaltools.gnu-tools-for-stm32.7-2018-q2-update.linux64_1.5.0.202011040924/tools/bin/../lib/gcc/arm-none-eabi/7.3.1/../../../../arm-none-eabi/lib/thumb/v7e-m/fpv4-sp/hard/libc_nano.a(lib_a-rand.o)
                              Core/Src/dtm.o (rand)
/opt/st/stm32cubeide_1.5.0/plugins/com.st.stm32cube.ide.mcu.externaltools.gnu-tools-for-stm32.7-2018-q2-update.linux64_1.5.0.202011040924/tools/bin/../lib/gcc/arm-none-eabi/7.3.1/../../../../arm-none-eabi/lib/thumb/v7e-m/fpv4-sp/hard/libc_nano.a(lib_a-malloc.o)
                              /opt/st/stm32cubeide_1.5.0/plugins/com.st.stm32cube.ide.mcu.externaltools.gnu-tools-for-stm32.7-2018-q2-update.linux64_1.5.0.202011040924/tools/bin/../lib/gcc/arm-none-eabi/7.3.1/../../../../arm-none-eabi/lib/thumb/v7e-m/fpv4-sp/hard/libc_nano.a(lib_a-rand.o) (malloc)
/opt/st/stm32cubeide_1.5.0/plugins/com.st.stm32cube.ide.mcu.externaltools.gnu-tools-for-stm32.7-2018-q2-update.linux64_1.5.0.202011040924/tools/bin/../lib/gcc/arm-none-eabi/7.3.1/../../../../arm-none-eabi/lib/thumb/v7e-m/fpv4-sp/hard/libc_nano.a(lib_a-nano-freer.o)
                              /opt/st/stm32cubeide_1.5.0/plugins/com.st.stm32cube.ide.mcu.externaltools.gnu-tools-for-stm32.7-2018-q2-update.linux64_1.5.0.202011040924/tools/bin/../lib/gcc/arm-none-eabi/7.3.1/../../../../arm-none-eabi/lib/thumb/v7e-m/fpv4-sp/hard/libc_nano.a(lib_a-malloc.o) (_free_r)
/opt/st/stm32cubeide_1.5.0/plugins/com.st.stm32cube.ide.mcu.externaltools.gnu-tools-for-stm32.7-2018-q2-update.linux64_1.5.0.202011040924/tools/bin/../lib/gcc/arm-none-eabi/7.3.1/../../../../arm-none-eabi/lib/thumb/v7e-m/fpv4-sp/hard/libc_nano.a(lib_a-nano-mallocr.o)
[...]
Memory Configuration

Name             Origin             Length             Attributes
CCMRAM           0x0000000010000000 0x0000000000010000 xrw
RAM              0x0000000020000000 0x0000000000030000 xrw
FLASH            0x0000000008000000 0x0000000000200000 xr
*default*        0x0000000000000000 0xffffffffffffffff

Linker script and memory map

LOAD /opt/st/stm32cubeide_1.5.0/plugins/com.st.stm32cube.ide.mcu.externaltools.gnu-tools-for-stm32.7-2018-q2-update.linux64_1.5.0.202011040924/tools/bin/../lib/gcc/arm-none-eabi/7.3.1/thumb/v7e-m/fpv4-sp/hard/crti.o
LOAD /opt/st/stm32cubeide_1.5.0/plugins/com.st.stm32cube.ide.mcu.externaltools.gnu-tools-for-stm32.7-2018-q2-update.linux64_1.5.0.202011040924/tools/bin/../lib/gcc/arm-none-eabi/7.3.1/thumb/v7e-m/fpv4-sp/hard/crtbegin.o
LOAD /opt/st/stm32cubeide_1.5.0/plugins/com.st.stm32cube.ide.mcu.externaltools.gnu-tools-for-stm32.7-2018-q2-update.linux64_1.5.0.202011040924/tools/bin/../lib/gcc/arm-none-eabi/7.3.1/../../../../arm-none-eabi/lib/thumb/v7e-m/fpv4-sp/hard/crt0.o
LOAD Core/Src/dtm.o
LOAD Core/Src/main.o
LOAD Core/Src/stm32f4xx_hal_msp.o
LOAD Core/Src/stm32f4xx_it.o
LOAD Core/Src/syscalls.o
LOAD Core/Src/sysmem.o
LOAD Core/Src/system_stm32f4xx.o
LOAD Core/Src/timer.o
LOAD Core/Startup/startup_stm32f429vitx.o
LOAD Drivers/STM32F4xx_HAL_Driver/Src/stm32f4xx_hal.o
LOAD Drivers/STM32F4xx_HAL_Driver/Src/stm32f4xx_hal_cortex.o
LOAD Drivers/STM32F4xx_HAL_Driver/Src/stm32f4xx_hal_dma.o
LOAD Drivers/STM32F4xx_HAL_Driver/Src/stm32f4xx_hal_dma_ex.o
LOAD Drivers/STM32F4xx_HAL_Driver/Src/stm32f4xx_hal_exti.o
LOAD Drivers/STM32F4xx_HAL_Driver/Src/stm32f4xx_hal_flash.o
LOAD Drivers/STM32F4xx_HAL_Driver/Src/stm32f4xx_hal_flash_ex.o
LOAD Drivers/STM32F4xx_HAL_Driver/Src/stm32f4xx_hal_flash_ramfunc.o
LOAD Drivers/STM32F4xx_HAL_Driver/Src/stm32f4xx_hal_gpio.o
LOAD Drivers/STM32F4xx_HAL_Driver/Src/stm32f4xx_hal_i2s.o
LOAD Drivers/STM32F4xx_HAL_Driver/Src/stm32f4xx_hal_i2s_ex.o
LOAD Drivers/STM32F4xx_HAL_Driver/Src/stm32f4xx_hal_pwr.o
LOAD Drivers/STM32F4xx_HAL_Driver/Src/stm32f4xx_hal_pwr_ex.o
LOAD Drivers/STM32F4xx_HAL_Driver/Src/stm32f4xx_hal_rcc.o
LOAD Drivers/STM32F4xx_HAL_Driver/Src/stm32f4xx_hal_rcc_ex.o
LOAD Drivers/STM32F4xx_HAL_Driver/Src/stm32f4xx_hal_tim.o
LOAD Drivers/STM32F4xx_HAL_Driver/Src/stm32f4xx_hal_tim_ex.o
LOAD /home/koutakimura/workspace/ProjectFolder/ARM/STM32CubeIDE/FPGA_SYSTEM/libarm_cortexM4lf_math.a
START GROUP
LOAD /opt/st/stm32cubeide_1.5.0/plugins/com.st.stm32cube.ide.mcu.externaltools.gnu-tools-for-stm32.7-2018-q2-update.linux64_1.5.0.202011040924/tools/bin/../lib/gcc/arm-none-eabi/7.3.1/../../../../arm-none-eabi/lib/thumb/v7e-m/fpv4-sp/hard/libc_nano.a
LOAD /opt/st/stm32cubeide_1.5.0/plugins/com.st.stm32cube.ide.mcu.externaltools.gnu-tools-for-stm32.7-2018-q2-update.linux64_1.5.0.202011040924/tools/bin/../lib/gcc/arm-none-eabi/7.3.1/../../../../arm-none-eabi/lib/thumb/v7e-m/fpv4-sp/hard/libm.a
END GROUP
START GROUP
LOAD /opt/st/stm32cubeide_1.5.0/plugins/com.st.stm32cube.ide.mcu.externaltools.gnu-tools-for-stm32.7-2018-q2-update.linux64_1.5.0.202011040924/tools/bin/../lib/gcc/arm-none-eabi/7.3.1/thumb/v7e-m/fpv4-sp/hard/libgcc.a
LOAD /opt/st/stm32cubeide_1.5.0/plugins/com.st.stm32cube.ide.mcu.externaltools.gnu-tools-for-stm32.7-2018-q2-update.linux64_1.5.0.202011040924/tools/bin/../lib/gcc/arm-none-eabi/7.3.1/../../../../arm-none-eabi/lib/thumb/v7e-m/fpv4-sp/hard/libc_nano.a
END GROUP
START GROUP
LOAD /opt/st/stm32cubeide_1.5.0/plugins/com.st.stm32cube.ide.mcu.externaltools.gnu-tools-for-stm32.7-2018-q2-update.linux64_1.5.0.202011040924/tools/bin/../lib/gcc/arm-none-eabi/7.3.1/thumb/v7e-m/fpv4-sp/hard/libgcc.a
LOAD /opt/st/stm32cubeide_1.5.0/plugins/com.st.stm32cube.ide.mcu.externaltools.gnu-tools-for-stm32.7-2018-q2-update.linux64_1.5.0.202011040924/tools/bin/../lib/gcc/arm-none-eabi/7.3.1/../../../../arm-none-eabi/lib/thumb/v7e-m/fpv4-sp/hard/libc_nano.a
LOAD /opt/st/stm32cubeide_1.5.0/plugins/com.st.stm32cube.ide.mcu.externaltools.gnu-tools-for-stm32.7-2018-q2-update.linux64_1.5.0.202011040924/tools/bin/../lib/gcc/arm-none-eabi/7.3.1/../../../../arm-none-eabi/lib/thumb/v7e-m/fpv4-sp/hard/libnosys.a
END GROUP
START GROUP
LOAD /opt/st/stm32cubeide_1.5.0/plugins/com.st.stm32cube.ide.mcu.externaltools.gnu-tools-for-stm32.7-2018-q2-update.linux64_1.5.0.202011040924/tools/bin/../lib/gcc/arm-none-eabi/7.3.1/thumb/v7e-m/fpv4-sp/hard/libgcc.a
LOAD /opt/st/stm32cubeide_1.5.0/plugins/com.st.stm32cube.ide.mcu.externaltools.gnu-tools-for-stm32.7-2018-q2-update.linux64_1.5.0.202011040924/tools/bin/../lib/gcc/arm-none-eabi/7.3.1/../../../../arm-none-eabi/lib/thumb/v7e-m/fpv4-sp/hard/libc_nano.a
LOAD /opt/st/stm32cubeide_1.5.0/plugins/com.st.stm32cube.ide.mcu.externaltools.gnu-tools-for-stm32.7-2018-q2-update.linux64_1.5.0.202011040924/tools/bin/../lib/gcc/arm-none-eabi/7.3.1/../../../../arm-none-eabi/lib/thumb/v7e-m/fpv4-sp/hard/libnosys.a
END GROUP
LOAD /opt/st/stm32cubeide_1.5.0/plugins/com.st.stm32cube.ide.mcu.externaltools.gnu-tools-for-stm32.7-2018-q2-update.linux64_1.5.0.202011040924/tools/bin/../lib/gcc/arm-none-eabi/7.3.1/thumb/v7e-m/fpv4-sp/hard/crtend.o
LOAD /opt/st/stm32cubeide_1.5.0/plugins/com.st.stm32cube.ide.mcu.externaltools.gnu-tools-for-stm32.7-2018-q2-update.linux64_1.5.0.202011040924/tools/bin/../lib/gcc/arm-none-eabi/7.3.1/thumb/v7e-m/fpv4-sp/hard/crtn.o
                0x0000000020030000                _estack = (ORIGIN (RAM) + LENGTH (RAM))
                0x0000000000000200                _Min_Heap_Size = 0x200
                0x0000000000000400                _Min_Stack_Size = 0x400

.isr_vector     0x0000000008000000      0x1ac
                0x0000000008000000                . = ALIGN (0x4)
 *(.isr_vector)
 .isr_vector    0x0000000008000000      0x1ac Core/Startup/startup_stm32f429vitx.o
                0x0000000008000000                g_pfnVectors
                0x00000000080001ac                . = ALIGN (0x4)

.text           0x00000000080001ac     0x459c
                0x00000000080001ac                . = ALIGN (0x4)
 *(.text)
 .text          0x00000000080001ac       0x40 /opt/st/stm32cubeide_1.5.0/plugins/com.st.stm32cube.ide.mcu.externaltools.gnu-tools-for-stm32.7-2018-q2-update.linux64_1.5.0.202011040924/tools/bin/../lib/gcc/arm-none-eabi/7.3.1/thumb/v7e-m/fpv4-sp/hard/crtbegin.o
 .text          0x00000000080001ec      0x378 /opt/st/stm32cubeide_1.5.0/plugins/com.st.stm32cube.ide.mcu.externaltools.gnu-tools-for-stm32.7-2018-q2-update.linux64_1.5.0.202011040924/tools/bin/../lib/gcc/arm-none-eabi/7.3.1/thumb/v7e-m/fpv4-sp/hard/libgcc.a(_arm_addsubdf3.o)
                0x00000000080001ec                __aeabi_drsub
                0x00000000080001f4                __aeabi_dsub
                0x00000000080001f4                __subdf3
                0x00000000080001f8                __adddf3
                0x00000000080001f8                __aeabi_dadd
                0x0000000008000470                __aeabi_ui2d
                0x0000000008000470                __floatunsidf
                0x0000000008000490                __floatsidf
                0x0000000008000490                __aeabi_i2d
                0x00000000080004b4                __extendsfdf2
                0x00000000080004b4                __aeabi_f2d
                0x00000000080004f8                __aeabi_ul2d
                0x00000000080004f8                __floatundidf
                0x0000000008000508                __floatdidf
                0x0000000008000508                __aeabi_l2d
 .text          0x0000000008000564       0xa0 /opt/st/stm32cubeide_1.5.0/plugins/com.st.stm32cube.ide.mcu.externaltools.gnu-tools-for-stm32.7-2018-q2-update.linux64_1.5.0.202011040924/tools/bin/../lib/gcc/arm-none-eabi/7.3.1/thumb/v7e-m/fpv4-sp/hard/libgcc.a(_arm_truncdfsf2.o)
                0x0000000008000564                __aeabi_d2f
                0x0000000008000564                __truncdfsf2
 .text          0x0000000008000604       0x30 /opt/st/stm32cubeide_1.5.0/plugins/com.st.stm32cube.ide.mcu.externaltools.gnu-tools-for-stm32.7-2018-q2-update.linux64_1.5.0.202011040924/tools/bin/../lib/gcc/arm-none-eabi/7.3.1/thumb/v7e-m/fpv4-sp/hard/libgcc.a(_aeabi_uldivmod.o)
                0x0000000008000604                __aeabi_uldivmod
 .text          0x0000000008000634      0x2cc /opt/st/stm32cubeide_1.5.0/plugins/com.st.stm32cube.ide.mcu.externaltools.gnu-tools-for-stm32.7-2018-q2-update.linux64_1.5.0.202011040924/tools/bin/../lib/gcc/arm-none-eabi/7.3.1/thumb/v7e-m/fpv4-sp/hard/libgcc.a(_udivmoddi4.o)
                0x0000000008000634                __udivmoddi4
 .text          0x0000000008000900        0x4 /opt/st/stm32cubeide_1.5.0/plugins/com.st.stm32cube.ide.mcu.externaltools.gnu-tools-for-stm32.7-2018-q2-update.linux64_1.5.0.202011040924/tools/bin/../lib/gcc/arm-none-eabi/7.3.1/thumb/v7e-m/fpv4-sp/hard/libgcc.a(_dvmd_tls.o)
                0x0000000008000900                __aeabi_ldiv0
                0x0000000008000900                __aeabi_idiv0
 *(.text*)
 .text.wave_smpling
                0x0000000008000904       0xf4 Core/Src/dtm.o
                0x0000000008000904                wave_smpling
 .text.music_update
                0x00000000080009f8      0x1b0 Core/Src/dtm.o
                0x00000000080009f8                music_update
 .text.music_timer_cnt
                0x0000000008000ba8       0x7c Core/Src/dtm.o
                0x0000000008000ba8                music_timer_cnt
 .text.music_set_info
                0x0000000008000c24      0x154 Core/Src/dtm.o
                0x0000000008000c24                music_set_info
 .text.bgm_eoc  0x0000000008000d78       0x2a Core/Src/dtm.o
 .text.adsr     0x0000000008000da2       0xb0 Core/Src/dtm.o
 *fill*         0x0000000008000e52        0x2 
 .text.fm_generate
                0x0000000008000e54      0x7b4 Core/Src/dtm.o
 .text.main     0x0000000008001608       0x84 Core/Src/main.o
                0x0000000008001608                main
 .text.SystemClock_Config
                0x000000000800168c      0x110 Core/Src/main.o
                0x000000000800168c                SystemClock_Config
 .text.MX_I2S3_Init
                0x000000000800179c       0x5c Core/Src/main.o
 .text.MX_DMA_Init
                0x00000000080017f8       0x40 Core/Src/main.o
 .text.MX_GPIO_Init
                0x0000000008001838       0xa0 Core/Src/main.o
 .text.Error_Handler
                0x00000000080018d8        0x8 Core/Src/main.o
                0x00000000080018d8                Error_Handler
 .text.HAL_MspInit
                0x00000000080018e0       0x50 Core/Src/stm32f4xx_hal_msp.o
                0x00000000080018e0                HAL_MspInit
 .text.HAL_I2S_MspInit
                0x0000000008001930      0x13c Core/Src/stm32f4xx_hal_msp.o
                0x0000000008001930                HAL_I2S_MspInit
 .text.NMI_Handler
                0x0000000008001a6c        0x6 Core/Src/stm32f4xx_it.o
                0x0000000008001a6c                NMI_Handler
 .text.HardFault_Handler
                0x0000000008001a72        0x6 Core/Src/stm32f4xx_it.o
                0x0000000008001a72                HardFault_Handler
 .text.MemManage_Handler
                0x0000000008001a78        0x6 Core/Src/stm32f4xx_it.o
                0x0000000008001a78                MemManage_Handler
 .text.BusFault_Handler
                0x0000000008001a7e        0x6 Core/Src/stm32f4xx_it.o
                0x0000000008001a7e                BusFault_Handler
 .text.UsageFault_Handler
                0x0000000008001a84        0x6 Core/Src/stm32f4xx_it.o
                0x0000000008001a84                UsageFault_Handler
 .text.SVC_Handler
                0x0000000008001a8a        0xe Core/Src/stm32f4xx_it.o
                0x0000000008001a8a                SVC_Handler
 .text.DebugMon_Handler
                0x0000000008001a98        0xe Core/Src/stm32f4xx_it.o
                0x0000000008001a98                DebugMon_Handler
 .text.PendSV_Handler
                0x0000000008001aa6        0xe Core/Src/stm32f4xx_it.o
                0x0000000008001aa6                PendSV_Handler
 .text.SysTick_Handler
                0x0000000008001ab4        0xc Core/Src/stm32f4xx_it.o
                0x0000000008001ab4                SysTick_Handler
 .text.DMA1_Stream5_IRQHandler
                0x0000000008001ac0       0x14 Core/Src/stm32f4xx_it.o
                0x0000000008001ac0                DMA1_Stream5_IRQHandler
 .text.SystemInit
                0x0000000008001ad4       0x2c Core/Src/system_stm32f4xx.o
                0x0000000008001ad4                SystemInit
 .text.__NVIC_EnableIRQ
                0x0000000008001b00       0x3c Core/Src/timer.o
 .text.i2s_dma_setting
                0x0000000008001b3c       0x1c Core/Src/timer.o
                0x0000000008001b3c                i2s_dma_setting
 .text.tim2_init
                0x0000000008001b58       0x60 Core/Src/timer.o
                0x0000000008001b58                tim2_init
 .text.tim3_init
                0x0000000008001bb8       0x54 Core/Src/timer.o
                0x0000000008001bb8                tim3_init
 .text.tim7_init
                0x0000000008001c0c       0x54 Core/Src/timer.o
                0x0000000008001c0c                tim7_init
 .text.TIM2_IRQHandler
                0x0000000008001c60       0x58 Core/Src/timer.o
                0x0000000008001c60                TIM2_IRQHandler
 .text.TIM3_IRQHandler
                0x0000000008001cb8       0x30 Core/Src/timer.o
                0x0000000008001cb8                TIM3_IRQHandler
 .text.TIM7_IRQHandler
                0x0000000008001ce8       0x1c Core/Src/timer.o
                0x0000000008001ce8                TIM7_IRQHandler
 .text.comparater_time
                0x0000000008001d04       0x68 Core/Src/timer.o
                0x0000000008001d04                comparater_time
 .text.get_time
                0x0000000008001d6c       0x20 Core/Src/timer.o
                0x0000000008001d6c                get_time
 .text.Reset_Handler
                0x0000000008001d8c       0x50 Core/Startup/startup_stm32f429vitx.o
                0x0000000008001d8c                Reset_Handler
 .text.Default_Handler
                0x0000000008001ddc        0x2 Core/Startup/startup_stm32f429vitx.o
                0x0000000008001ddc                RTC_Alarm_IRQHandler
                0x0000000008001ddc                HASH_RNG_IRQHandler
                0x0000000008001ddc                EXTI2_IRQHandler
                0x0000000008001ddc                TIM8_CC_IRQHandler
                0x0000000008001ddc                UART8_IRQHandler
                0x0000000008001ddc                SPI4_IRQHandler
                0x0000000008001ddc                TIM1_CC_IRQHandler
                0x0000000008001ddc                DMA2_Stream5_IRQHandler
                0x0000000008001ddc                PVD_IRQHandler
                0x0000000008001ddc                SDIO_IRQHandler
                0x0000000008001ddc                TAMP_STAMP_IRQHandler
                0x0000000008001ddc                CAN2_RX1_IRQHandler
                0x0000000008001ddc                EXTI3_IRQHandler
                0x0000000008001ddc                TIM8_TRG_COM_TIM14_IRQHandler
                0x0000000008001ddc                TIM1_UP_TIM10_IRQHandler
                0x0000000008001ddc                TIM8_UP_TIM13_IRQHandler
                0x0000000008001ddc                I2C3_ER_IRQHandler
                0x0000000008001ddc                EXTI0_IRQHandler
                0x0000000008001ddc                I2C2_EV_IRQHandler
                0x0000000008001ddc                DMA1_Stream2_IRQHandler
                0x0000000008001ddc                CAN1_RX0_IRQHandler
                0x0000000008001ddc                FPU_IRQHandler
                0x0000000008001ddc                OTG_HS_WKUP_IRQHandler
                0x0000000008001ddc                LTDC_ER_IRQHandler
                0x0000000008001ddc                CAN2_SCE_IRQHandler
                0x0000000008001ddc                DMA2_Stream2_IRQHandler
                0x0000000008001ddc                SPI1_IRQHandler
                0x0000000008001ddc                TIM6_DAC_IRQHandler
                0x0000000008001ddc                TIM1_BRK_TIM9_IRQHandler
                0x0000000008001ddc                DCMI_IRQHandler
                0x0000000008001ddc                CAN2_RX0_IRQHandler
                0x0000000008001ddc                DMA2_Stream3_IRQHandler
                0x0000000008001ddc                USART6_IRQHandler
                0x0000000008001ddc                USART3_IRQHandler
                0x0000000008001ddc                CAN1_RX1_IRQHandler
                0x0000000008001ddc                UART5_IRQHandler
                0x0000000008001ddc                DMA2_Stream0_IRQHandler
                0x0000000008001ddc                TIM4_IRQHandler
                0x0000000008001ddc                I2C1_EV_IRQHandler
                0x0000000008001ddc                DMA1_Stream6_IRQHandler
                0x0000000008001ddc                DMA1_Stream1_IRQHandler
                0x0000000008001ddc                UART4_IRQHandler
                0x0000000008001ddc                RCC_IRQHandler
                0x0000000008001ddc                TIM8_BRK_TIM12_IRQHandler
                0x0000000008001ddc                Default_Handler
                0x0000000008001ddc                EXTI15_10_IRQHandler
                0x0000000008001ddc                ADC_IRQHandler
                0x0000000008001ddc                DMA1_Stream7_IRQHandler
                0x0000000008001ddc                SPI5_IRQHandler
                0x0000000008001ddc                CAN2_TX_IRQHandler
                0x0000000008001ddc                TIM5_IRQHandler
                0x0000000008001ddc                DMA2_Stream7_IRQHandler
                0x0000000008001ddc                I2C3_EV_IRQHandler
                0x0000000008001ddc                EXTI9_5_IRQHandler
                0x0000000008001ddc                RTC_WKUP_IRQHandler
                0x0000000008001ddc                LTDC_IRQHandler
                0x0000000008001ddc                ETH_WKUP_IRQHandler
                0x0000000008001ddc                SPI2_IRQHandler
                0x0000000008001ddc                OTG_HS_EP1_IN_IRQHandler
                0x0000000008001ddc                DMA1_Stream0_IRQHandler
                0x0000000008001ddc                CAN1_TX_IRQHandler
                0x0000000008001ddc                EXTI4_IRQHandler
                0x0000000008001ddc                ETH_IRQHandler
                0x0000000008001ddc                OTG_HS_EP1_OUT_IRQHandler
                0x0000000008001ddc                WWDG_IRQHandler
                0x0000000008001ddc                SPI6_IRQHandler
                0x0000000008001ddc                OTG_FS_WKUP_IRQHandler
                0x0000000008001ddc                TIM1_TRG_COM_TIM11_IRQHandler
                0x0000000008001ddc                OTG_HS_IRQHandler
                0x0000000008001ddc                DMA2D_IRQHandler
                0x0000000008001ddc                EXTI1_IRQHandler
                0x0000000008001ddc                UART7_IRQHandler
                0x0000000008001ddc                USART2_IRQHandler
                0x0000000008001ddc                I2C2_ER_IRQHandler
                0x0000000008001ddc                DMA2_Stream1_IRQHandler
                0x0000000008001ddc                CAN1_SCE_IRQHandler
                0x0000000008001ddc                FLASH_IRQHandler
                0x0000000008001ddc                DMA2_Stream4_IRQHandler
                0x0000000008001ddc                USART1_IRQHandler
                0x0000000008001ddc                OTG_FS_IRQHandler
                0x0000000008001ddc                SPI3_IRQHandler
                0x0000000008001ddc                DMA1_Stream4_IRQHandler
                0x0000000008001ddc                I2C1_ER_IRQHandler
                0x0000000008001ddc                FMC_IRQHandler
                0x0000000008001ddc                DMA2_Stream6_IRQHandler
                0x0000000008001ddc                SAI1_IRQHandler
                0x0000000008001ddc                DMA1_Stream3_IRQHandler
 *fill*         0x0000000008001dde        0x2 
 .text.HAL_Init
                0x0000000008001de0       0x44 Drivers/STM32F4xx_HAL_Driver/Src/stm32f4xx_hal.o
                0x0000000008001de0                HAL_Init
 .text.HAL_InitTick
                0x0000000008001e24       0x60 Drivers/STM32F4xx_HAL_Driver/Src/stm32f4xx_hal.o
                0x0000000008001e24                HAL_InitTick
 .text.HAL_IncTick
                0x0000000008001e84       0x28 Drivers/STM32F4xx_HAL_Driver/Src/stm32f4xx_hal.o
                0x0000000008001e84                HAL_IncTick
 .text.HAL_GetTick
                0x0000000008001eac       0x18 Drivers/STM32F4xx_HAL_Driver/Src/stm32f4xx_hal.o
                0x0000000008001eac                HAL_GetTick
 .text.__NVIC_SetPriorityGrouping
                0x0000000008001ec4       0x48 Drivers/STM32F4xx_HAL_Driver/Src/stm32f4xx_hal_cortex.o
 .text.__NVIC_GetPriorityGrouping
                0x0000000008001f0c       0x1c Drivers/STM32F4xx_HAL_Driver/Src/stm32f4xx_hal_cortex.o
 .text.__NVIC_EnableIRQ
                0x0000000008001f28       0x3c Drivers/STM32F4xx_HAL_Driver/Src/stm32f4xx_hal_cortex.o
 .text.__NVIC_SetPriority
                0x0000000008001f64       0x54 Drivers/STM32F4xx_HAL_Driver/Src/stm32f4xx_hal_cortex.o
 .text.NVIC_EncodePriority
                0x0000000008001fb8       0x66 Drivers/STM32F4xx_HAL_Driver/Src/stm32f4xx_hal_cortex.o
 *fill*         0x000000000800201e        0x2 
 .text.SysTick_Config
                0x0000000008002020       0x44 Drivers/STM32F4xx_HAL_Driver/Src/stm32f4xx_hal_cortex.o
 .text.HAL_NVIC_SetPriorityGrouping
                0x0000000008002064       0x16 Drivers/STM32F4xx_HAL_Driver/Src/stm32f4xx_hal_cortex.o
                0x0000000008002064                HAL_NVIC_SetPriorityGrouping
 .text.HAL_NVIC_SetPriority
                0x000000000800207a       0x38 Drivers/STM32F4xx_HAL_Driver/Src/stm32f4xx_hal_cortex.o
                0x000000000800207a                HAL_NVIC_SetPriority
 .text.HAL_NVIC_EnableIRQ
                0x00000000080020b2       0x1c Drivers/STM32F4xx_HAL_Driver/Src/stm32f4xx_hal_cortex.o
                0x00000000080020b2                HAL_NVIC_EnableIRQ
 .text.HAL_SYSTICK_Config
                0x00000000080020ce       0x18 Drivers/STM32F4xx_HAL_Driver/Src/stm32f4xx_hal_cortex.o
                0x00000000080020ce                HAL_SYSTICK_Config
 *fill*         0x00000000080020e6        0x2 
 .text.HAL_DMA_Init
                0x00000000080020e8      0x15c Drivers/STM32F4xx_HAL_Driver/Src/stm32f4xx_hal_dma.o
                0x00000000080020e8                HAL_DMA_Init
 .text.HAL_DMA_Start_IT
                0x0000000008002244       0xb0 Drivers/STM32F4xx_HAL_Driver/Src/stm32f4xx_hal_dma.o
                0x0000000008002244                HAL_DMA_Start_IT
 .text.HAL_DMA_IRQHandler
                0x00000000080022f4      0x314 Drivers/STM32F4xx_HAL_Driver/Src/stm32f4xx_hal_dma.o
                0x00000000080022f4                HAL_DMA_IRQHandler
 .text.DMA_SetConfig
                0x0000000008002608       0x5c Drivers/STM32F4xx_HAL_Driver/Src/stm32f4xx_hal_dma.o
 .text.DMA_CalcBaseAndBitshift
                0x0000000008002664       0x6c Drivers/STM32F4xx_HAL_Driver/Src/stm32f4xx_hal_dma.o
 .text.DMA_CheckFifoParam
                0x00000000080026d0       0xf4 Drivers/STM32F4xx_HAL_Driver/Src/stm32f4xx_hal_dma.o
 .text.HAL_GPIO_Init
                0x00000000080027c4      0x354 Drivers/STM32F4xx_HAL_Driver/Src/stm32f4xx_hal_gpio.o
                0x00000000080027c4                HAL_GPIO_Init
 .text.HAL_GPIO_WritePin
                0x0000000008002b18       0x32 Drivers/STM32F4xx_HAL_Driver/Src/stm32f4xx_hal_gpio.o
                0x0000000008002b18                HAL_GPIO_WritePin
 *fill*         0x0000000008002b4a        0x2 
 .text.HAL_I2S_Init
                0x0000000008002b4c      0x280 Drivers/STM32F4xx_HAL_Driver/Src/stm32f4xx_hal_i2s.o
                0x0000000008002b4c                HAL_I2S_Init
 .text.HAL_I2S_Transmit_DMA
                0x0000000008002dcc      0x150 Drivers/STM32F4xx_HAL_Driver/Src/stm32f4xx_hal_i2s.o
                0x0000000008002dcc                HAL_I2S_Transmit_DMA
 .text.HAL_I2S_TxHalfCpltCallback
                0x0000000008002f1c       0x14 Drivers/STM32F4xx_HAL_Driver/Src/stm32f4xx_hal_i2s.o
                0x0000000008002f1c                HAL_I2S_TxHalfCpltCallback
 .text.HAL_I2S_TxCpltCallback
                0x0000000008002f30       0x14 Drivers/STM32F4xx_HAL_Driver/Src/stm32f4xx_hal_i2s.o
                0x0000000008002f30                HAL_I2S_TxCpltCallback
 .text.HAL_I2S_RxCpltCallback
                0x0000000008002f44       0x14 Drivers/STM32F4xx_HAL_Driver/Src/stm32f4xx_hal_i2s.o
                0x0000000008002f44                HAL_I2S_RxCpltCallback
 .text.HAL_I2S_ErrorCallback
                0x0000000008002f58       0x14 Drivers/STM32F4xx_HAL_Driver/Src/stm32f4xx_hal_i2s.o
                0x0000000008002f58                HAL_I2S_ErrorCallback
 .text.I2S_DMATxCplt
                0x0000000008002f6c       0x42 Drivers/STM32F4xx_HAL_Driver/Src/stm32f4xx_hal_i2s.o
 .text.I2S_DMATxHalfCplt
                0x0000000008002fae       0x1c Drivers/STM32F4xx_HAL_Driver/Src/stm32f4xx_hal_i2s.o
 .text.I2S_DMAError
                0x0000000008002fca       0x4c Drivers/STM32F4xx_HAL_Driver/Src/stm32f4xx_hal_i2s.o
 .text.I2S_Transmit_IT
                0x0000000008003016       0x5c Drivers/STM32F4xx_HAL_Driver/Src/stm32f4xx_hal_i2s.o
 .text.I2S_Receive_IT
                0x0000000008003072       0x5e Drivers/STM32F4xx_HAL_Driver/Src/stm32f4xx_hal_i2s.o
 .text.I2S_IRQHandler
                0x00000000080030d0      0x114 Drivers/STM32F4xx_HAL_Driver/Src/stm32f4xx_hal_i2s.o
 .text.HAL_I2SEx_FullDuplex_IRQHandler
                0x00000000080031e4      0x2a8 Drivers/STM32F4xx_HAL_Driver/Src/stm32f4xx_hal_i2s_ex.o
                0x00000000080031e4                HAL_I2SEx_FullDuplex_IRQHandler
 .text.HAL_I2SEx_TxRxCpltCallback
                0x000000000800348c       0x14 Drivers/STM32F4xx_HAL_Driver/Src/stm32f4xx_hal_i2s_ex.o
                0x000000000800348c                HAL_I2SEx_TxRxCpltCallback
 .text.I2SEx_TxISR_I2S
                0x00000000080034a0       0x62 Drivers/STM32F4xx_HAL_Driver/Src/stm32f4xx_hal_i2s_ex.o
 *fill*         0x0000000008003502        0x2 
 .text.I2SEx_TxISR_I2SExt
                0x0000000008003504       0x98 Drivers/STM32F4xx_HAL_Driver/Src/stm32f4xx_hal_i2s_ex.o
 .text.I2SEx_RxISR_I2S
                0x000000000800359c       0x64 Drivers/STM32F4xx_HAL_Driver/Src/stm32f4xx_hal_i2s_ex.o
 .text.I2SEx_RxISR_I2SExt
                0x0000000008003600       0x98 Drivers/STM32F4xx_HAL_Driver/Src/stm32f4xx_hal_i2s_ex.o
 .text.HAL_PWREx_EnableOverDrive
                0x0000000008003698       0xa0 Drivers/STM32F4xx_HAL_Driver/Src/stm32f4xx_hal_pwr_ex.o
                0x0000000008003698                HAL_PWREx_EnableOverDrive
 .text.HAL_RCC_OscConfig
                0x0000000008003738      0x4e0 Drivers/STM32F4xx_HAL_Driver/Src/stm32f4xx_hal_rcc.o
                0x0000000008003738                HAL_RCC_OscConfig
 .text.HAL_RCC_ClockConfig
                0x0000000008003c18      0x1cc Drivers/STM32F4xx_HAL_Driver/Src/stm32f4xx_hal_rcc.o
                0x0000000008003c18                HAL_RCC_ClockConfig
 .text.HAL_RCC_GetSysClockFreq
                0x0000000008003de4      0x164 Drivers/STM32F4xx_HAL_Driver/Src/stm32f4xx_hal_rcc.o
                0x0000000008003de4                HAL_RCC_GetSysClockFreq
 .text.HAL_RCCEx_PeriphCLKConfig
                0x0000000008003f48      0x37c Drivers/STM32F4xx_HAL_Driver/Src/stm32f4xx_hal_rcc_ex.o
                0x0000000008003f48                HAL_RCCEx_PeriphCLKConfig
 .text.HAL_RCCEx_GetPeriphCLKFreq
                0x00000000080042c4       0xb8 Drivers/STM32F4xx_HAL_Driver/Src/stm32f4xx_hal_rcc_ex.o
                0x00000000080042c4                HAL_RCCEx_GetPeriphCLKFreq
 .text.arm_sin_f32
                0x000000000800437c       0x9c /home/koutakimura/workspace/ProjectFolder/ARM/STM32CubeIDE/FPGA_SYSTEM/libarm_cortexM4lf_math.a(arm_sin_f32.o)
                0x000000000800437c                arm_sin_f32
 .text.__errno  0x0000000008004418        0xc /opt/st/stm32cubeide_1.5.0/plugins/com.st.stm32cube.ide.mcu.externaltools.gnu-tools-for-stm32.7-2018-q2-update.linux64_1.5.0.202011040924/tools/bin/../lib/gcc/arm-none-eabi/7.3.1/../../../../arm-none-eabi/lib/thumb/v7e-m/fpv4-sp/hard/libc_nano.a(lib_a-errno.o)
                0x0000000008004418                __errno
 .text.__libc_init_array
                0x0000000008004424       0x48 /opt/st/stm32cubeide_1.5.0/plugins/com.st.stm32cube.ide.mcu.externaltools.gnu-tools-for-stm32.7-2018-q2-update.linux64_1.5.0.202011040924/tools/bin/../lib/gcc/arm-none-eabi/7.3.1/../../../../arm-none-eabi/lib/thumb/v7e-m/fpv4-sp/hard/libc_nano.a(lib_a-init.o)
                0x0000000008004424                __libc_init_array
 .text.memset   0x000000000800446c       0x10 /opt/st/stm32cubeide_1.5.0/plugins/com.st.stm32cube.ide.mcu.externaltools.gnu-tools-for-stm32.7-2018-q2-update.linux64_1.5.0.202011040924/tools/bin/../lib/gcc/arm-none-eabi/7.3.1/../../../../arm-none-eabi/lib/thumb/v7e-m/fpv4-sp/hard/libc_nano.a(lib_a-memset.o)
                0x000000000800446c                memset
 .text.expf     0x000000000800447c       0xf4 /opt/st/stm32cubeide_1.5.0/plugins/com.st.stm32cube.ide.mcu.externaltools.gnu-tools-for-stm32.7-2018-q2-update.linux64_1.5.0.202011040924/tools/bin/../lib/gcc/arm-none-eabi/7.3.1/../../../../arm-none-eabi/lib/thumb/v7e-m/fpv4-sp/hard/libm.a(lib_a-wf_exp.o)
                0x000000000800447c                expf
 .text.__ieee754_expf
                0x0000000008004570      0x1a8 /opt/st/stm32cubeide_1.5.0/plugins/com.st.stm32cube.ide.mcu.externaltools.gnu-tools-for-stm32.7-2018-q2-update.linux64_1.5.0.202011040924/tools/bin/../lib/gcc/arm-none-eabi/7.3.1/../../../../arm-none-eabi/lib/thumb/v7e-m/fpv4-sp/hard/libm.a(lib_a-ef_exp.o)
                0x0000000008004570                __ieee754_expf
 .text.matherr  0x0000000008004718        0x4 /opt/st/stm32cubeide_1.5.0/plugins/com.st.stm32cube.ide.mcu.externaltools.gnu-tools-for-stm32.7-2018-q2-update.linux64_1.5.0.202011040924/tools/bin/../lib/gcc/arm-none-eabi/7.3.1/../../../../arm-none-eabi/lib/thumb/v7e-m/fpv4-sp/hard/libm.a(lib_a-s_matherr.o)
                0x0000000008004718                matherr
 .text.finitef  0x000000000800471c       0x14 /opt/st/stm32cubeide_1.5.0/plugins/com.st.stm32cube.ide.mcu.externaltools.gnu-tools-for-stm32.7-2018-q2-update.linux64_1.5.0.202011040924/tools/bin/../lib/gcc/arm-none-eabi/7.3.1/../../../../arm-none-eabi/lib/thumb/v7e-m/fpv4-sp/hard/libm.a(lib_a-sf_finite.o)
                0x000000000800471c                finitef
 *(.glue_7)
 .glue_7        0x0000000008004730        0x0 linker stubs
 *(.glue_7t)
 .glue_7t       0x0000000008004730        0x0 linker stubs
 *(.eh_frame)
 .eh_frame      0x0000000008004730        0x0 /opt/st/stm32cubeide_1.5.0/plugins/com.st.stm32cube.ide.mcu.externaltools.gnu-tools-for-stm32.7-2018-q2-update.linux64_1.5.0.202011040924/tools/bin/../lib/gcc/arm-none-eabi/7.3.1/thumb/v7e-m/fpv4-sp/hard/crtbegin.o
 *(.init)
 .init          0x0000000008004730        0x4 /opt/st/stm32cubeide_1.5.0/plugins/com.st.stm32cube.ide.mcu.externaltools.gnu-tools-for-stm32.7-2018-q2-update.linux64_1.5.0.202011040924/tools/bin/../lib/gcc/arm-none-eabi/7.3.1/thumb/v7e-m/fpv4-sp/hard/crti.o
                0x0000000008004730                _init
 .init          0x0000000008004734        0x8 /opt/st/stm32cubeide_1.5.0/plugins/com.st.stm32cube.ide.mcu.externaltools.gnu-tools-for-stm32.7-2018-q2-update.linux64_1.5.0.202011040924/tools/bin/../lib/gcc/arm-none-eabi/7.3.1/thumb/v7e-m/fpv4-sp/hard/crtn.o
 *(.fini)
 .fini          0x000000000800473c        0x4 /opt/st/stm32cubeide_1.5.0/plugins/com.st.stm32cube.ide.mcu.externaltools.gnu-tools-for-stm32.7-2018-q2-update.linux64_1.5.0.202011040924/tools/bin/../lib/gcc/arm-none-eabi/7.3.1/thumb/v7e-m/fpv4-sp/hard/crti.o
                0x000000000800473c                _fini
 .fini          0x0000000008004740        0x8 /opt/st/stm32cubeide_1.5.0/plugins/com.st.stm32cube.ide.mcu.externaltools.gnu-tools-for-stm32.7-2018-q2-update.linux64_1.5.0.202011040924/tools/bin/../lib/gcc/arm-none-eabi/7.3.1/thumb/v7e-m/fpv4-sp/hard/crtn.o
                0x0000000008004748                . = ALIGN (0x4)
                0x0000000008004748                _etext = .

.vfp11_veneer   0x0000000008004748        0x0
 .vfp11_veneer  0x0000000008004748        0x0 linker stubs

.v4_bx          0x0000000008004748        0x0
 .v4_bx         0x0000000008004748        0x0 linker stubs

.iplt           0x0000000008004748        0x0
 .iplt          0x0000000008004748        0x0 /opt/st/stm32cubeide_1.5.0/plugins/com.st.stm32cube.ide.mcu.externaltools.gnu-tools-for-stm32.7-2018-q2-update.linux64_1.5.0.202011040924/tools/bin/../lib/gcc/arm-none-eabi/7.3.1/thumb/v7e-m/fpv4-sp/hard/crtbegin.o

.rodata         0x0000000008004748    0x44278
                0x0000000008004748                . = ALIGN (0x4)
 *(.rodata)
 *(.rodata*)
 .rodata.bgm_freq
                0x0000000008004748      0x200 Core/Src/dtm.o
 .rodata.oharai_musical
                0x0000000008004948        0xa Core/Src/dtm.o
 *fill*         0x0000000008004952        0x2 
 .rodata.bokurano_musical
                0x0000000008004954       0x10 Core/Src/dtm.o
 .rodata.oharai_program_change
                0x0000000008004964        0xa Core/Src/dtm.o
 *fill*         0x000000000800496e        0x2 
 .rodata.bokurano_program_change
                0x0000000008004970       0x10 Core/Src/dtm.o
 .rodata.bokurano_delta
                0x0000000008004980    0x160e6 Core/Src/dtm.o
 *fill*         0x000000000801aa66        0x2 
 .rodata.bokurano_ch
                0x000000000801aa68     0xb073 Core/Src/dtm.o
 *fill*         0x0000000008025adb        0x1 
 .rodata.bokurano_tone
                0x0000000008025adc     0xb073 Core/Src/dtm.o
 *fill*         0x0000000008030b4f        0x1 
 .rodata.bokurano_velocity
                0x0000000008030b50     0xb073 Core/Src/dtm.o
 *fill*         0x000000000803bbc3        0x1 
 .rodata.oharai_delta
                0x000000000803bbc4     0x4e7e Core/Src/dtm.o
 *fill*         0x0000000008040a42        0x2 
 .rodata.oharai_ch
                0x0000000008040a44     0x273f Core/Src/dtm.o
 *fill*         0x0000000008043183        0x1 
 .rodata.oharai_tone
                0x0000000008043184     0x273f Core/Src/dtm.o
 *fill*         0x00000000080458c3        0x1 
 .rodata.oharai_velocity
                0x00000000080458c4     0x273f Core/Src/dtm.o
 *fill*         0x0000000008048003        0x1 
 .rodata.adsr_database
                0x0000000008048004      0x140 Core/Src/dtm.o
 .rodata.bgmstatus
                0x0000000008048144       0x40 Core/Src/dtm.o
 .rodata.AHBPrescTable
                0x0000000008048184       0x10 Core/Src/system_stm32f4xx.o
                0x0000000008048184                AHBPrescTable
 .rodata.flagBitshiftOffset.7749
                0x0000000008048194        0x8 Drivers/STM32F4xx_HAL_Driver/Src/stm32f4xx_hal_dma.o
 .rodata.sinTable_f32
                0x000000000804819c      0x804 /home/koutakimura/workspace/ProjectFolder/ARM/STM32CubeIDE/FPGA_SYSTEM/libarm_cortexM4lf_math.a(arm_common_tables.o)
                0x000000000804819c                sinTable_f32
 .rodata.expf.str1.1
                0x00000000080489a0        0x5 /opt/st/stm32cubeide_1.5.0/plugins/com.st.stm32cube.ide.mcu.externaltools.gnu-tools-for-stm32.7-2018-q2-update.linux64_1.5.0.202011040924/tools/bin/../lib/gcc/arm-none-eabi/7.3.1/../../../../arm-none-eabi/lib/thumb/v7e-m/fpv4-sp/hard/libm.a(lib_a-wf_exp.o)
 *fill*         0x00000000080489a5        0x3 
 .rodata.halF   0x00000000080489a8        0x8 /opt/st/stm32cubeide_1.5.0/plugins/com.st.stm32cube.ide.mcu.externaltools.gnu-tools-for-stm32.7-2018-q2-update.linux64_1.5.0.202011040924/tools/bin/../lib/gcc/arm-none-eabi/7.3.1/../../../../arm-none-eabi/lib/thumb/v7e-m/fpv4-sp/hard/libm.a(lib_a-ef_exp.o)
 .rodata.ln2HI  0x00000000080489b0        0x8 /opt/st/stm32cubeide_1.5.0/plugins/com.st.stm32cube.ide.mcu.externaltools.gnu-tools-for-stm32.7-2018-q2-update.linux64_1.5.0.202011040924/tools/bin/../lib/gcc/arm-none-eabi/7.3.1/../../../../arm-none-eabi/lib/thumb/v7e-m/fpv4-sp/hard/libm.a(lib_a-ef_exp.o)
 .rodata.ln2LO  0x00000000080489b8        0x8 /opt/st/stm32cubeide_1.5.0/plugins/com.st.stm32cube.ide.mcu.externaltools.gnu-tools-for-stm32.7-2018-q2-update.linux64_1.5.0.202011040924/tools/bin/../lib/gcc/arm-none-eabi/7.3.1/../../../../arm-none-eabi/lib/thumb/v7e-m/fpv4-sp/hard/libm.a(lib_a-ef_exp.o)
                0x00000000080489c0                . = ALIGN (0x4)

.ARM.extab      0x00000000080489c0        0x0
                0x00000000080489c0                . = ALIGN (0x4)
 *(.ARM.extab* .gnu.linkonce.armextab.*)
                0x00000000080489c0                . = ALIGN (0x4)

.ARM            0x00000000080489c0        0x8
                0x00000000080489c0                . = ALIGN (0x4)
                0x00000000080489c0                __exidx_start = .
 *(.ARM.exidx*)
 .ARM.exidx     0x00000000080489c0        0x8 /opt/st/stm32cubeide_1.5.0/plugins/com.st.stm32cube.ide.mcu.externaltools.gnu-tools-for-stm32.7-2018-q2-update.linux64_1.5.0.202011040924/tools/bin/../lib/gcc/arm-none-eabi/7.3.1/thumb/v7e-m/fpv4-sp/hard/libgcc.a(_udivmoddi4.o)
                0x00000000080489c8                __exidx_end = .
                0x00000000080489c8                . = ALIGN (0x4)

.rel.dyn        0x00000000080489c8        0x0
 .rel.iplt      0x00000000080489c8        0x0 /opt/st/stm32cubeide_1.5.0/plugins/com.st.stm32cube.ide.mcu.externaltools.gnu-tools-for-stm32.7-2018-q2-update.linux64_1.5.0.202011040924/tools/bin/../lib/gcc/arm-none-eabi/7.3.1/thumb/v7e-m/fpv4-sp/hard/crtbegin.o

.preinit_array  0x00000000080489c8        0x0
                0x00000000080489c8                . = ALIGN (0x4)
                0x00000000080489c8                PROVIDE (__preinit_array_start = .)
 *(.preinit_array*)
                0x00000000080489c8                PROVIDE (__preinit_array_end = .)
                0x00000000080489c8                . = ALIGN (0x4)

.init_array     0x00000000080489c8        0x4
                0x00000000080489c8                . = ALIGN (0x4)
                0x00000000080489c8                PROVIDE (__init_array_start = .)
 *(SORT_BY_NAME(.init_array.*))
 *(.init_array*)
 .init_array    0x00000000080489c8        0x4 /opt/st/stm32cubeide_1.5.0/plugins/com.st.stm32cube.ide.mcu.externaltools.gnu-tools-for-stm32.7-2018-q2-update.linux64_1.5.0.202011040924/tools/bin/../lib/gcc/arm-none-eabi/7.3.1/thumb/v7e-m/fpv4-sp/hard/crtbegin.o
                0x00000000080489cc                PROVIDE (__init_array_end = .)
                0x00000000080489cc                . = ALIGN (0x4)

.fini_array     0x00000000080489cc        0x4
                0x00000000080489cc                . = ALIGN (0x4)
                [!provide]                        PROVIDE (__fini_array_start = .)
 *(SORT_BY_NAME(.fini_array.*))
 *(.fini_array*)
 .fini_array    0x00000000080489cc        0x4 /opt/st/stm32cubeide_1.5.0/plugins/com.st.stm32cube.ide.mcu.externaltools.gnu-tools-for-stm32.7-2018-q2-update.linux64_1.5.0.202011040924/tools/bin/../lib/gcc/arm-none-eabi/7.3.1/thumb/v7e-m/fpv4-sp/hard/crtbegin.o
                [!provide]                        PROVIDE (__fini_array_end = .)
                0x00000000080489d0                . = ALIGN (0x4)
                0x00000000080489d0                _sidata = LOADADDR (.data)

.data           0x0000000020000000       0x80 load address 0x00000000080489d0
                0x0000000020000000                . = ALIGN (0x4)
                0x0000000020000000                _sdata = .
 *(.data)
 *(.data*)
 .data.offset_gain
                0x0000000020000000        0x4 Core/Src/dtm.o
 .data.fm_level
                0x0000000020000004        0x4 Core/Src/dtm.o
 .data.output_level
                0x0000000020000008        0x4 Core/Src/dtm.o
 .data.SystemCoreClock
                0x000000002000000c        0x4 Core/Src/system_stm32f4xx.o
                0x000000002000000c                SystemCoreClock
 .data.uwTickPrio
                0x0000000020000010        0x4 Drivers/STM32F4xx_HAL_Driver/Src/stm32f4xx_hal.o
                0x0000000020000010                uwTickPrio
 .data.uwTickFreq
                0x0000000020000014        0x1 Drivers/STM32F4xx_HAL_Driver/Src/stm32f4xx_hal.o
                0x0000000020000014                uwTickFreq
 *fill*         0x0000000020000015        0x3 
 .data._impure_ptr
                0x0000000020000018        0x4 /opt/st/stm32cubeide_1.5.0/plugins/com.st.stm32cube.ide.mcu.externaltools.gnu-tools-for-stm32.7-2018-q2-update.linux64_1.5.0.202011040924/tools/bin/../lib/gcc/arm-none-eabi/7.3.1/../../../../arm-none-eabi/lib/thumb/v7e-m/fpv4-sp/hard/libc_nano.a(lib_a-impure.o)
                0x0000000020000018                _impure_ptr
 .data.impure_data
                0x000000002000001c       0x60 /opt/st/stm32cubeide_1.5.0/plugins/com.st.stm32cube.ide.mcu.externaltools.gnu-tools-for-stm32.7-2018-q2-update.linux64_1.5.0.202011040924/tools/bin/../lib/gcc/arm-none-eabi/7.3.1/../../../../arm-none-eabi/lib/thumb/v7e-m/fpv4-sp/hard/libc_nano.a(lib_a-impure.o)
 .data.__fdlib_version
                0x000000002000007c        0x1 /opt/st/stm32cubeide_1.5.0/plugins/com.st.stm32cube.ide.mcu.externaltools.gnu-tools-for-stm32.7-2018-q2-update.linux64_1.5.0.202011040924/tools/bin/../lib/gcc/arm-none-eabi/7.3.1/../../../../arm-none-eabi/lib/thumb/v7e-m/fpv4-sp/hard/libm.a(lib_a-s_lib_ver.o)
                0x000000002000007c                __fdlib_version
 *(.RamFunc)
 *(.RamFunc*)
                0x0000000020000080                . = ALIGN (0x4)
 *fill*         0x000000002000007d        0x3 
                0x0000000020000080                _edata = .

.igot.plt       0x0000000020000080        0x0 load address 0x0000000008048a50
 .igot.plt      0x0000000020000080        0x0 /opt/st/stm32cubeide_1.5.0/plugins/com.st.stm32cube.ide.mcu.externaltools.gnu-tools-for-stm32.7-2018-q2-update.linux64_1.5.0.202011040924/tools/bin/../lib/gcc/arm-none-eabi/7.3.1/thumb/v7e-m/fpv4-sp/hard/crtbegin.o
                0x0000000020000080                . = ALIGN (0x4)

.bss            0x0000000020000080      0x2fc load address 0x0000000008048a50
                0x0000000020000080                _sbss = .
                0x0000000020000080                __bss_start__ = _sbss
 *(.bss)
 .bss           0x0000000020000080       0x1c /opt/st/stm32cubeide_1.5.0/plugins/com.st.stm32cube.ide.mcu.externaltools.gnu-tools-for-stm32.7-2018-q2-update.linux64_1.5.0.202011040924/tools/bin/../lib/gcc/arm-none-eabi/7.3.1/thumb/v7e-m/fpv4-sp/hard/crtbegin.o
 *(.bss*)
 .bss.bgmcounter
                0x000000002000009c       0x24 Core/Src/dtm.o
 .bss.bgminfo   0x00000000200000c0      0x1ec Core/Src/dtm.o
 .bss.fm_out.11267
                0x00000000200002ac        0x4 Core/Src/dtm.o
 .bss.i.11269   0x00000000200002b0        0x1 Core/Src/dtm.o
 .bss.pos.11270
                0x00000000200002b1        0x1 Core/Src/dtm.o
 *fill*         0x00000000200002b2        0x2 
 .bss.n.11268   0x00000000200002b4        0x4 Core/Src/dtm.o
 .bss.i.11297   0x00000000200002b8        0x1 Core/Src/dtm.o
 *fill*         0x00000000200002b9        0x3 
 .bss.modulator.11337
                0x00000000200002bc        0x4 Core/Src/dtm.o
 .bss.ope.11338
                0x00000000200002c0        0x4 Core/Src/dtm.o
 .bss.timer     0x00000000200002c4        0x8 Core/Src/timer.o
 .bss.i2sbuffer
                0x00000000200002cc        0x4 Core/Src/timer.o
 *(COMMON)
 COMMON         0x00000000200002d0       0xa8 Core/Src/main.o
                0x00000000200002d0                hdma_spi3_tx
                0x0000000020000330                hi2s3
 COMMON         0x0000000020000378        0x4 Drivers/STM32F4xx_HAL_Driver/Src/stm32f4xx_hal.o
                0x0000000020000378                uwTick
                0x000000002000037c                . = ALIGN (0x4)
                0x000000002000037c                _ebss = .
                0x000000002000037c                __bss_end__ = _ebss

._user_heap_stack
                0x000000002000037c      0x604 load address 0x0000000008048a50
                0x0000000020000380                . = ALIGN (0x8)
 *fill*         0x000000002000037c        0x4 
                [!provide]                        PROVIDE (end = .)
                0x0000000020000380                PROVIDE (_end = .)
                0x0000000020000580                . = (. + _Min_Heap_Size)
 *fill*         0x0000000020000380      0x200 
                0x0000000020000980                . = (. + _Min_Stack_Size)
 *fill*         0x0000000020000580      0x400 
                0x0000000020000980                . = ALIGN (0x8)

/DISCARD/
 libc.a(*)
 libm.a(*)
 libgcc.a(*)

.ARM.attributes
                0x0000000000000000       0x30
 *(.ARM.attributes)
 .ARM.attributes
                0x0000000000000000       0x22 /opt/st/stm32cubeide_1.5.0/plugins/com.st.stm32cube.ide.mcu.externaltools.gnu-tools-for-stm32.7-2018-q2-update.linux64_1.5.0.202011040924/tools/bin/../lib/gcc/arm-none-eabi/7.3.1/thumb/v7e-m/fpv4-sp/hard/crti.o
 .ARM.attributes
                0x0000000000000022       0x34 /opt/st/stm32cubeide_1.5.0/plugins/com.st.stm32cube.ide.mcu.externaltools.gnu-tools-for-stm32.7-2018-q2-update.linux64_1.5.0.202011040924/tools/bin/../lib/gcc/arm-none-eabi/7.3.1/thumb/v7e-m/fpv4-sp/hard/crtbegin.o
 .ARM.attributes
                0x0000000000000056       0x39 Core/Src/dtm.o
 .ARM.attributes
                0x000000000000008f       0x39 Core/Src/main.o
 .ARM.attributes
                0x00000000000000c8       0x39 Core/Src/stm32f4xx_hal_msp.o
 .ARM.attributes
                0x0000000000000101       0x39 Core/Src/stm32f4xx_it.o
 .ARM.attributes
                0x000000000000013a       0x39 Core/Src/system_stm32f4xx.o
 .ARM.attributes
                0x0000000000000173       0x39 Core/Src/timer.o
 .ARM.attributes
                0x00000000000001ac       0x21 Core/Startup/startup_stm32f429vitx.o
 .ARM.attributes
                0x00000000000001cd       0x39 Drivers/STM32F4xx_HAL_Driver/Src/stm32f4xx_hal.o
 .ARM.attributes
                0x0000000000000206       0x39 Drivers/STM32F4xx_HAL_Driver/Src/stm32f4xx_hal_cortex.o
 .ARM.attributes
                0x000000000000023f       0x39 Drivers/STM32F4xx_HAL_Driver/Src/stm32f4xx_hal_dma.o
 .ARM.attributes
                0x0000000000000278       0x39 Drivers/STM32F4xx_HAL_Driver/Src/stm32f4xx_hal_gpio.o
 .ARM.attributes
                0x00000000000002b1       0x39 Drivers/STM32F4xx_HAL_Driver/Src/stm32f4xx_hal_i2s.o
 .ARM.attributes
                0x00000000000002ea       0x39 Drivers/STM32F4xx_HAL_Driver/Src/stm32f4xx_hal_i2s_ex.o
 .ARM.attributes
                0x0000000000000323       0x39 Drivers/STM32F4xx_HAL_Driver/Src/stm32f4xx_hal_pwr_ex.o
 .ARM.attributes
                0x000000000000035c       0x39 Drivers/STM32F4xx_HAL_Driver/Src/stm32f4xx_hal_rcc.o
 .ARM.attributes
                0x0000000000000395       0x39 Drivers/STM32F4xx_HAL_Driver/Src/stm32f4xx_hal_rcc_ex.o
 .ARM.attributes
                0x00000000000003ce       0x39 /home/koutakimura/workspace/ProjectFolder/ARM/STM32CubeIDE/FPGA_SYSTEM/libarm_cortexM4lf_math.a(arm_sin_f32.o)
 .ARM.attributes
                0x0000000000000407       0x39 /home/koutakimura/workspace/ProjectFolder/ARM/STM32CubeIDE/FPGA_SYSTEM/libarm_cortexM4lf_math.a(arm_common_tables.o)
 .ARM.attributes
                0x0000000000000440       0x34 /opt/st/stm32cubeide_1.5.0/plugins/com.st.stm32cube.ide.mcu.externaltools.gnu-tools-for-stm32.7-2018-q2-update.linux64_1.5.0.202011040924/tools/bin/../lib/gcc/arm-none-eabi/7.3.1/../../../../arm-none-eabi/lib/thumb/v7e-m/fpv4-sp/hard/libc_nano.a(lib_a-errno.o)
 .ARM.attributes
                0x0000000000000474       0x34 /opt/st/stm32cubeide_1.5.0/plugins/com.st.stm32cube.ide.mcu.externaltools.gnu-tools-for-stm32.7-2018-q2-update.linux64_1.5.0.202011040924/tools/bin/../lib/gcc/arm-none-eabi/7.3.1/../../../../arm-none-eabi/lib/thumb/v7e-m/fpv4-sp/hard/libc_nano.a(lib_a-impure.o)
 .ARM.attributes
                0x00000000000004a8       0x34 /opt/st/stm32cubeide_1.5.0/plugins/com.st.stm32cube.ide.mcu.externaltools.gnu-tools-for-stm32.7-2018-q2-update.linux64_1.5.0.202011040924/tools/bin/../lib/gcc/arm-none-eabi/7.3.1/../../../../arm-none-eabi/lib/thumb/v7e-m/fpv4-sp/hard/libc_nano.a(lib_a-init.o)
 .ARM.attributes
                0x00000000000004dc       0x34 /opt/st/stm32cubeide_1.5.0/plugins/com.st.stm32cube.ide.mcu.externaltools.gnu-tools-for-stm32.7-2018-q2-update.linux64_1.5.0.202011040924/tools/bin/../lib/gcc/arm-none-eabi/7.3.1/../../../../arm-none-eabi/lib/thumb/v7e-m/fpv4-sp/hard/libc_nano.a(lib_a-memset.o)
 .ARM.attributes
                0x0000000000000510       0x34 /opt/st/stm32cubeide_1.5.0/plugins/com.st.stm32cube.ide.mcu.externaltools.gnu-tools-for-stm32.7-2018-q2-update.linux64_1.5.0.202011040924/tools/bin/../lib/gcc/arm-none-eabi/7.3.1/../../../../arm-none-eabi/lib/thumb/v7e-m/fpv4-sp/hard/libm.a(lib_a-wf_exp.o)
 .ARM.attributes
                0x0000000000000544       0x34 /opt/st/stm32cubeide_1.5.0/plugins/com.st.stm32cube.ide.mcu.externaltools.gnu-tools-for-stm32.7-2018-q2-update.linux64_1.5.0.202011040924/tools/bin/../lib/gcc/arm-none-eabi/7.3.1/../../../../arm-none-eabi/lib/thumb/v7e-m/fpv4-sp/hard/libm.a(lib_a-ef_exp.o)
 .ARM.attributes
                0x0000000000000578       0x34 /opt/st/stm32cubeide_1.5.0/plugins/com.st.stm32cube.ide.mcu.externaltools.gnu-tools-for-stm32.7-2018-q2-update.linux64_1.5.0.202011040924/tools/bin/../lib/gcc/arm-none-eabi/7.3.1/../../../../arm-none-eabi/lib/thumb/v7e-m/fpv4-sp/hard/libm.a(lib_a-s_lib_ver.o)
 .ARM.attributes
                0x00000000000005ac       0x34 /opt/st/stm32cubeide_1.5.0/plugins/com.st.stm32cube.ide.mcu.externaltools.gnu-tools-for-stm32.7-2018-q2-update.linux64_1.5.0.202011040924/tools/bin/../lib/gcc/arm-none-eabi/7.3.1/../../../../arm-none-eabi/lib/thumb/v7e-m/fpv4-sp/hard/libm.a(lib_a-s_matherr.o)
 .ARM.attributes
                0x00000000000005e0       0x34 /opt/st/stm32cubeide_1.5.0/plugins/com.st.stm32cube.ide.mcu.externaltools.gnu-tools-for-stm32.7-2018-q2-update.linux64_1.5.0.202011040924/tools/bin/../lib/gcc/arm-none-eabi/7.3.1/../../../../arm-none-eabi/lib/thumb/v7e-m/fpv4-sp/hard/libm.a(lib_a-sf_finite.o)
 .ARM.attributes
                0x0000000000000614       0x22 /opt/st/stm32cubeide_1.5.0/plugins/com.st.stm32cube.ide.mcu.externaltools.gnu-tools-for-stm32.7-2018-q2-update.linux64_1.5.0.202011040924/tools/bin/../lib/gcc/arm-none-eabi/7.3.1/thumb/v7e-m/fpv4-sp/hard/libgcc.a(_arm_addsubdf3.o)
 .ARM.attributes
                0x0000000000000636       0x22 /opt/st/stm32cubeide_1.5.0/plugins/com.st.stm32cube.ide.mcu.externaltools.gnu-tools-for-stm32.7-2018-q2-update.linux64_1.5.0.202011040924/tools/bin/../lib/gcc/arm-none-eabi/7.3.1/thumb/v7e-m/fpv4-sp/hard/libgcc.a(_arm_truncdfsf2.o)
 .ARM.attributes
                0x0000000000000658       0x22 /opt/st/stm32cubeide_1.5.0/plugins/com.st.stm32cube.ide.mcu.externaltools.gnu-tools-for-stm32.7-2018-q2-update.linux64_1.5.0.202011040924/tools/bin/../lib/gcc/arm-none-eabi/7.3.1/thumb/v7e-m/fpv4-sp/hard/libgcc.a(_aeabi_uldivmod.o)
 .ARM.attributes
                0x000000000000067a       0x34 /opt/st/stm32cubeide_1.5.0/plugins/com.st.stm32cube.ide.mcu.externaltools.gnu-tools-for-stm32.7-2018-q2-update.linux64_1.5.0.202011040924/tools/bin/../lib/gcc/arm-none-eabi/7.3.1/thumb/v7e-m/fpv4-sp/hard/libgcc.a(_udivmoddi4.o)
 .ARM.attributes
                0x00000000000006ae       0x22 /opt/st/stm32cubeide_1.5.0/plugins/com.st.stm32cube.ide.mcu.externaltools.gnu-tools-for-stm32.7-2018-q2-update.linux64_1.5.0.202011040924/tools/bin/../lib/gcc/arm-none-eabi/7.3.1/thumb/v7e-m/fpv4-sp/hard/libgcc.a(_dvmd_tls.o)
 .ARM.attributes
                0x00000000000006d0       0x22 /opt/st/stm32cubeide_1.5.0/plugins/com.st.stm32cube.ide.mcu.externaltools.gnu-tools-for-stm32.7-2018-q2-update.linux64_1.5.0.202011040924/tools/bin/../lib/gcc/arm-none-eabi/7.3.1/thumb/v7e-m/fpv4-sp/hard/crtn.o
OUTPUT(FPGA_SYSTEM.elf elf32-littlearm)

.debug_info     0x0000000000000000     0xb26d
 .debug_info    0x0000000000000000     0x1b29 Core/Src/dtm.o
 .debug_info    0x0000000000001b29      0xf3e Core/Src/main.o
 .debug_info    0x0000000000002a67      0x9ea Core/Src/stm32f4xx_hal_msp.o
 .debug_info    0x0000000000003451      0x473 Core/Src/stm32f4xx_it.o
 .debug_info    0x00000000000038c4      0x56e Core/Src/system_stm32f4xx.o
 .debug_info    0x0000000000003e32      0xea2 Core/Src/timer.o
 .debug_info    0x0000000000004cd4       0x22 Core/Startup/startup_stm32f429vitx.o
 .debug_info    0x0000000000004cf6      0x9b9 Drivers/STM32F4xx_HAL_Driver/Src/stm32f4xx_hal.o
 .debug_info    0x00000000000056af      0xe5e Drivers/STM32F4xx_HAL_Driver/Src/stm32f4xx_hal_cortex.o
 .debug_info    0x000000000000650d      0x968 Drivers/STM32F4xx_HAL_Driver/Src/stm32f4xx_hal_dma.o
 .debug_info    0x0000000000006e75      0x7cf Drivers/STM32F4xx_HAL_Driver/Src/stm32f4xx_hal_gpio.o
 .debug_info    0x0000000000007644      0xe5e Drivers/STM32F4xx_HAL_Driver/Src/stm32f4xx_hal_i2s.o
 .debug_info    0x00000000000084a2      0xb76 Drivers/STM32F4xx_HAL_Driver/Src/stm32f4xx_hal_i2s_ex.o
 .debug_info    0x0000000000009018      0x747 Drivers/STM32F4xx_HAL_Driver/Src/stm32f4xx_hal_pwr_ex.o
 .debug_info    0x000000000000975f      0x91e Drivers/STM32F4xx_HAL_Driver/Src/stm32f4xx_hal_rcc.o
 .debug_info    0x000000000000a07d      0x6bc Drivers/STM32F4xx_HAL_Driver/Src/stm32f4xx_hal_rcc_ex.o
 .debug_info    0x000000000000a739      0x183 /home/koutakimura/workspace/ProjectFolder/ARM/STM32CubeIDE/FPGA_SYSTEM/libarm_cortexM4lf_math.a(arm_sin_f32.o)
 .debug_info    0x000000000000a8bc      0x9b1 /home/koutakimura/workspace/ProjectFolder/ARM/STM32CubeIDE/FPGA_SYSTEM/libarm_cortexM4lf_math.a(arm_common_tables.o)

.debug_abbrev   0x0000000000000000     0x1f41
 .debug_abbrev  0x0000000000000000      0x314 Core/Src/dtm.o
 .debug_abbrev  0x0000000000000314      0x210 Core/Src/main.o
 .debug_abbrev  0x0000000000000524      0x18c Core/Src/stm32f4xx_hal_msp.o
 .debug_abbrev  0x00000000000006b0      0x149 Core/Src/stm32f4xx_it.o
 .debug_abbrev  0x00000000000007f9      0x12b Core/Src/system_stm32f4xx.o
 .debug_abbrev  0x0000000000000924      0x230 Core/Src/timer.o
 .debug_abbrev  0x0000000000000b54       0x12 Core/Startup/startup_stm32f429vitx.o
 .debug_abbrev  0x0000000000000b66      0x1c7 Drivers/STM32F4xx_HAL_Driver/Src/stm32f4xx_hal.o
 .debug_abbrev  0x0000000000000d2d      0x2fa Drivers/STM32F4xx_HAL_Driver/Src/stm32f4xx_hal_cortex.o
 .debug_abbrev  0x0000000000001027      0x229 Drivers/STM32F4xx_HAL_Driver/Src/stm32f4xx_hal_dma.o
 .debug_abbrev  0x0000000000001250      0x1c9 Drivers/STM32F4xx_HAL_Driver/Src/stm32f4xx_hal_gpio.o
 .debug_abbrev  0x0000000000001419      0x21b Drivers/STM32F4xx_HAL_Driver/Src/stm32f4xx_hal_i2s.o
 .debug_abbrev  0x0000000000001634      0x246 Drivers/STM32F4xx_HAL_Driver/Src/stm32f4xx_hal_i2s_ex.o
 .debug_abbrev  0x000000000000187a      0x1b8 Drivers/STM32F4xx_HAL_Driver/Src/stm32f4xx_hal_pwr_ex.o
 .debug_abbrev  0x0000000000001a32      0x245 Drivers/STM32F4xx_HAL_Driver/Src/stm32f4xx_hal_rcc.o
 .debug_abbrev  0x0000000000001c77      0x173 Drivers/STM32F4xx_HAL_Driver/Src/stm32f4xx_hal_rcc_ex.o
 .debug_abbrev  0x0000000000001dea       0xd3 /home/koutakimura/workspace/ProjectFolder/ARM/STM32CubeIDE/FPGA_SYSTEM/libarm_cortexM4lf_math.a(arm_sin_f32.o)
 .debug_abbrev  0x0000000000001ebd       0x84 /home/koutakimura/workspace/ProjectFolder/ARM/STM32CubeIDE/FPGA_SYSTEM/libarm_cortexM4lf_math.a(arm_common_tables.o)

.debug_aranges  0x0000000000000000      0x808
 .debug_aranges
                0x0000000000000000       0x60 Core/Src/dtm.o
 .debug_aranges
                0x0000000000000060       0x48 Core/Src/main.o
 .debug_aranges
                0x00000000000000a8       0x30 Core/Src/stm32f4xx_hal_msp.o
 .debug_aranges
                0x00000000000000d8       0x68 Core/Src/stm32f4xx_it.o
 .debug_aranges
                0x0000000000000140       0x28 Core/Src/system_stm32f4xx.o
 .debug_aranges
                0x0000000000000168       0x70 Core/Src/timer.o
 .debug_aranges
                0x00000000000001d8       0x28 Core/Startup/startup_stm32f429vitx.o
 .debug_aranges
                0x0000000000000200      0x100 Drivers/STM32F4xx_HAL_Driver/Src/stm32f4xx_hal.o
 .debug_aranges
                0x0000000000000300      0x118 Drivers/STM32F4xx_HAL_Driver/Src/stm32f4xx_hal_cortex.o
 .debug_aranges
                0x0000000000000418       0x90 Drivers/STM32F4xx_HAL_Driver/Src/stm32f4xx_hal_dma.o
 .debug_aranges
                0x00000000000004a8       0x58 Drivers/STM32F4xx_HAL_Driver/Src/stm32f4xx_hal_gpio.o
 .debug_aranges
                0x0000000000000500      0x108 Drivers/STM32F4xx_HAL_Driver/Src/stm32f4xx_hal_i2s.o
 .debug_aranges
                0x0000000000000608       0x88 Drivers/STM32F4xx_HAL_Driver/Src/stm32f4xx_hal_i2s_ex.o
 .debug_aranges
                0x0000000000000690       0x60 Drivers/STM32F4xx_HAL_Driver/Src/stm32f4xx_hal_pwr_ex.o
 .debug_aranges
                0x00000000000006f0       0x88 Drivers/STM32F4xx_HAL_Driver/Src/stm32f4xx_hal_rcc.o
 .debug_aranges
                0x0000000000000778       0x58 Drivers/STM32F4xx_HAL_Driver/Src/stm32f4xx_hal_rcc_ex.o
 .debug_aranges
                0x00000000000007d0       0x20 /home/koutakimura/workspace/ProjectFolder/ARM/STM32CubeIDE/FPGA_SYSTEM/libarm_cortexM4lf_math.a(arm_sin_f32.o)
 .debug_aranges
                0x00000000000007f0       0x18 /home/koutakimura/workspace/ProjectFolder/ARM/STM32CubeIDE/FPGA_SYSTEM/libarm_cortexM4lf_math.a(arm_common_tables.o)

.debug_ranges   0x0000000000000000      0x6e8
 .debug_ranges  0x0000000000000000       0x50 Core/Src/dtm.o
 .debug_ranges  0x0000000000000050       0x38 Core/Src/main.o
 .debug_ranges  0x0000000000000088       0x20 Core/Src/stm32f4xx_hal_msp.o
 .debug_ranges  0x00000000000000a8       0x58 Core/Src/stm32f4xx_it.o
 .debug_ranges  0x0000000000000100       0x18 Core/Src/system_stm32f4xx.o
 .debug_ranges  0x0000000000000118       0x60 Core/Src/timer.o
 .debug_ranges  0x0000000000000178       0x20 Core/Startup/startup_stm32f429vitx.o
 .debug_ranges  0x0000000000000198       0xf0 Drivers/STM32F4xx_HAL_Driver/Src/stm32f4xx_hal.o
 .debug_ranges  0x0000000000000288      0x108 Drivers/STM32F4xx_HAL_Driver/Src/stm32f4xx_hal_cortex.o
 .debug_ranges  0x0000000000000390       0x80 Drivers/STM32F4xx_HAL_Driver/Src/stm32f4xx_hal_dma.o
 .debug_ranges  0x0000000000000410       0x48 Drivers/STM32F4xx_HAL_Driver/Src/stm32f4xx_hal_gpio.o
 .debug_ranges  0x0000000000000458       0xf8 Drivers/STM32F4xx_HAL_Driver/Src/stm32f4xx_hal_i2s.o
 .debug_ranges  0x0000000000000550       0x78 Drivers/STM32F4xx_HAL_Driver/Src/stm32f4xx_hal_i2s_ex.o
 .debug_ranges  0x00000000000005c8       0x50 Drivers/STM32F4xx_HAL_Driver/Src/stm32f4xx_hal_pwr_ex.o
 .debug_ranges  0x0000000000000618       0x78 Drivers/STM32F4xx_HAL_Driver/Src/stm32f4xx_hal_rcc.o
 .debug_ranges  0x0000000000000690       0x48 Drivers/STM32F4xx_HAL_Driver/Src/stm32f4xx_hal_rcc_ex.o
 .debug_ranges  0x00000000000006d8       0x10 /home/koutakimura/workspace/ProjectFolder/ARM/STM32CubeIDE/FPGA_SYSTEM/libarm_cortexM4lf_math.a(arm_sin_f32.o)

.debug_macro    0x0000000000000000    0x23533
 .debug_macro   0x0000000000000000      0x33e Core/Src/dtm.o
 .debug_macro   0x000000000000033e      0xa5a Core/Src/dtm.o
 .debug_macro   0x0000000000000d98       0x18 Core/Src/dtm.o
 .debug_macro   0x0000000000000db0       0x22 Core/Src/dtm.o
 .debug_macro   0x0000000000000dd2       0x40 Core/Src/dtm.o
 .debug_macro   0x0000000000000e12       0x94 Core/Src/dtm.o
 .debug_macro   0x0000000000000ea6       0x3c Core/Src/dtm.o
 .debug_macro   0x0000000000000ee2       0x34 Core/Src/dtm.o
 .debug_macro   0x0000000000000f16       0x16 Core/Src/dtm.o
 .debug_macro   0x0000000000000f2c      0x10e Core/Src/dtm.o
 .debug_macro   0x000000000000103a       0x8d Core/Src/dtm.o
 .debug_macro   0x00000000000010c7       0x57 Core/Src/dtm.o
 .debug_macro   0x000000000000111e       0x52 Core/Src/dtm.o
 .debug_macro   0x0000000000001170       0x1f Core/Src/dtm.o
 .debug_macro   0x000000000000118f       0x43 Core/Src/dtm.o
 .debug_macro   0x00000000000011d2       0x20 Core/Src/dtm.o
 .debug_macro   0x00000000000011f2      0x1a3 Core/Src/dtm.o
 .debug_macro   0x0000000000001395      0x330 Core/Src/dtm.o
 .debug_macro   0x00000000000016c5       0x16 Core/Src/dtm.o
 .debug_macro   0x00000000000016db       0x29 Core/Src/dtm.o
 .debug_macro   0x0000000000001704       0x28 Core/Src/dtm.o
 .debug_macro   0x000000000000172c       0xef Core/Src/dtm.o
 .debug_macro   0x000000000000181b       0x6a Core/Src/dtm.o
 .debug_macro   0x0000000000001885      0x1df Core/Src/dtm.o
 .debug_macro   0x0000000000001a64       0x1c Core/Src/dtm.o
 .debug_macro   0x0000000000001a80       0x22 Core/Src/dtm.o
 .debug_macro   0x0000000000001aa2       0xd9 Core/Src/dtm.o
 .debug_macro   0x0000000000001b7b     0x102d Core/Src/dtm.o
 .debug_macro   0x0000000000002ba8      0x11f Core/Src/dtm.o
 .debug_macro   0x0000000000002cc7    0x17f69 Core/Src/dtm.o
 .debug_macro   0x000000000001ac30      0x28e Core/Src/dtm.o
 .debug_macro   0x000000000001aebe       0x2e Core/Src/dtm.o
 .debug_macro   0x000000000001aeec       0x43 Core/Src/dtm.o
 .debug_macro   0x000000000001af2f     0x36c9 Core/Src/dtm.o
 .debug_macro   0x000000000001e5f8       0x54 Core/Src/dtm.o
 .debug_macro   0x000000000001e64c      0xca5 Core/Src/dtm.o
 .debug_macro   0x000000000001f2f1      0x9fe Core/Src/dtm.o
 .debug_macro   0x000000000001fcef      0x117 Core/Src/dtm.o
 .debug_macro   0x000000000001fe06      0x157 Core/Src/dtm.o
 .debug_macro   0x000000000001ff5d       0x27 Core/Src/dtm.o
 .debug_macro   0x000000000001ff84      0x182 Core/Src/dtm.o
 .debug_macro   0x0000000000020106      0x287 Core/Src/dtm.o
 .debug_macro   0x000000000002038d       0x5f Core/Src/dtm.o
 .debug_macro   0x00000000000203ec      0x236 Core/Src/dtm.o
 .debug_macro   0x0000000000020622      0x132 Core/Src/dtm.o
 .debug_macro   0x0000000000020754      0x41d Core/Src/dtm.o
 .debug_macro   0x0000000000020b71       0x2e Core/Src/dtm.o
 .debug_macro   0x0000000000020b9f      0x1a7 Core/Src/dtm.o
 .debug_macro   0x0000000000020d46       0x46 Core/Src/dtm.o
 .debug_macro   0x0000000000020d8c       0x4a Core/Src/dtm.o
 .debug_macro   0x0000000000020dd6      0x11a Core/Src/dtm.o
 .debug_macro   0x0000000000020ef0       0xe2 Core/Src/dtm.o
 .debug_macro   0x0000000000020fd2       0x89 Core/Src/dtm.o
 .debug_macro   0x000000000002105b      0x134 Core/Src/dtm.o
 .debug_macro   0x000000000002118f       0x22 Core/Src/dtm.o
 .debug_macro   0x00000000000211b1       0xa6 Core/Src/dtm.o
 .debug_macro   0x0000000000021257       0x12 Core/Src/dtm.o
 .debug_macro   0x0000000000021269       0x12 Core/Src/dtm.o
 .debug_macro   0x000000000002127b       0x16 Core/Src/dtm.o
 .debug_macro   0x0000000000021291       0x35 Core/Src/dtm.o
 .debug_macro   0x00000000000212c6       0x20 Core/Src/dtm.o
 .debug_macro   0x00000000000212e6      0x1e1 Core/Src/dtm.o
 .debug_macro   0x00000000000214c7       0xd6 Core/Src/dtm.o
 .debug_macro   0x000000000002159d       0x7c Core/Src/dtm.o
 .debug_macro   0x0000000000021619       0x16 Core/Src/dtm.o
 .debug_macro   0x000000000002162f       0xf4 Core/Src/dtm.o
 .debug_macro   0x0000000000021723      0x1f9 Core/Src/main.o
 .debug_macro   0x000000000002191c       0x8e Core/Src/main.o
 .debug_macro   0x00000000000219aa       0x51 Core/Src/main.o
 .debug_macro   0x00000000000219fb       0xdf Core/Src/main.o
 .debug_macro   0x0000000000021ada      0x174 Core/Src/main.o
 .debug_macro   0x0000000000021c4e       0x5a Core/Src/main.o
 .debug_macro   0x0000000000021ca8      0x1d3 Core/Src/stm32f4xx_hal_msp.o
 .debug_macro   0x0000000000021e7b      0x203 Core/Src/stm32f4xx_it.o
 .debug_macro   0x000000000002207e      0x1cf Core/Src/system_stm32f4xx.o
 .debug_macro   0x000000000002224d      0x1f5 Core/Src/timer.o
 .debug_macro   0x0000000000022442      0x229 Drivers/STM32F4xx_HAL_Driver/Src/stm32f4xx_hal.o
 .debug_macro   0x000000000002266b      0x1c9 Drivers/STM32F4xx_HAL_Driver/Src/stm32f4xx_hal_cortex.o
 .debug_macro   0x0000000000022834      0x1cf Drivers/STM32F4xx_HAL_Driver/Src/stm32f4xx_hal_dma.o
 .debug_macro   0x0000000000022a03      0x1ff Drivers/STM32F4xx_HAL_Driver/Src/stm32f4xx_hal_gpio.o
 .debug_macro   0x0000000000022c02      0x1d1 Drivers/STM32F4xx_HAL_Driver/Src/stm32f4xx_hal_i2s.o
 .debug_macro   0x0000000000022dd3      0x1c9 Drivers/STM32F4xx_HAL_Driver/Src/stm32f4xx_hal_i2s_ex.o
 .debug_macro   0x0000000000022f9c      0x1e1 Drivers/STM32F4xx_HAL_Driver/Src/stm32f4xx_hal_pwr_ex.o
 .debug_macro   0x000000000002317d      0x1ed Drivers/STM32F4xx_HAL_Driver/Src/stm32f4xx_hal_rcc.o
 .debug_macro   0x000000000002336a      0x1c9 Drivers/STM32F4xx_HAL_Driver/Src/stm32f4xx_hal_rcc_ex.o

.debug_line     0x0000000000000000     0x89aa
 .debug_line    0x0000000000000000      0xa5d Core/Src/dtm.o
 .debug_line    0x0000000000000a5d      0x75d Core/Src/main.o
 .debug_line    0x00000000000011ba      0x6c9 Core/Src/stm32f4xx_hal_msp.o
 .debug_line    0x0000000000001883      0x778 Core/Src/stm32f4xx_it.o
 .debug_line    0x0000000000001ffb      0x6a0 Core/Src/system_stm32f4xx.o
 .debug_line    0x000000000000269b      0x793 Core/Src/timer.o
 .debug_line    0x0000000000002e2e       0x85 Core/Startup/startup_stm32f429vitx.o
 .debug_line    0x0000000000002eb3      0x8ae Drivers/STM32F4xx_HAL_Driver/Src/stm32f4xx_hal.o
 .debug_line    0x0000000000003761      0x9ae Drivers/STM32F4xx_HAL_Driver/Src/stm32f4xx_hal_cortex.o
 .debug_line    0x000000000000410f      0x958 Drivers/STM32F4xx_HAL_Driver/Src/stm32f4xx_hal_dma.o
 .debug_line    0x0000000000004a67      0x891 Drivers/STM32F4xx_HAL_Driver/Src/stm32f4xx_hal_gpio.o
 .debug_line    0x00000000000052f8      0xd26 Drivers/STM32F4xx_HAL_Driver/Src/stm32f4xx_hal_i2s.o
 .debug_line    0x000000000000601e      0xe54 Drivers/STM32F4xx_HAL_Driver/Src/stm32f4xx_hal_i2s_ex.o
 .debug_line    0x0000000000006e72      0x77c Drivers/STM32F4xx_HAL_Driver/Src/stm32f4xx_hal_pwr_ex.o
 .debug_line    0x00000000000075ee      0x8e2 Drivers/STM32F4xx_HAL_Driver/Src/stm32f4xx_hal_rcc.o
 .debug_line    0x0000000000007ed0      0x829 Drivers/STM32F4xx_HAL_Driver/Src/stm32f4xx_hal_rcc_ex.o
 .debug_line    0x00000000000086f9      0x17c /home/koutakimura/workspace/ProjectFolder/ARM/STM32CubeIDE/FPGA_SYSTEM/libarm_cortexM4lf_math.a(arm_sin_f32.o)
 .debug_line    0x0000000000008875      0x135 /home/koutakimura/workspace/ProjectFolder/ARM/STM32CubeIDE/FPGA_SYSTEM/libarm_cortexM4lf_math.a(arm_common_tables.o)

.debug_str      0x0000000000000000    0xd200a
 .debug_str     0x0000000000000000    0xcf634 Core/Src/dtm.o
                                      0xcfa2c (size before relaxing)
 .debug_str     0x00000000000cf634      0xd56 Core/Src/main.o
                                      0xcb63c (size before relaxing)
 .debug_str     0x00000000000d038a       0x53 Core/Src/stm32f4xx_hal_msp.o
                                      0xcac0c (size before relaxing)
 .debug_str     0x00000000000d03dd       0xd5 Core/Src/stm32f4xx_it.o
                                      0xcaba2 (size before relaxing)
 .debug_str     0x00000000000d04b2       0xc4 Core/Src/system_stm32f4xx.o
                                      0xca7a5 (size before relaxing)
 .debug_str     0x00000000000d0576      0x116 Core/Src/timer.o
                                      0xcb491 (size before relaxing)
 .debug_str     0x00000000000d068c       0x36 Core/Startup/startup_stm32f429vitx.o
                                         0x83 (size before relaxing)
 .debug_str     0x00000000000d06c2      0x5c8 Drivers/STM32F4xx_HAL_Driver/Src/stm32f4xx_hal.o
                                      0xcb311 (size before relaxing)
 .debug_str     0x00000000000d0c8a      0x35e Drivers/STM32F4xx_HAL_Driver/Src/stm32f4xx_hal_cortex.o
                                      0xcb0b2 (size before relaxing)
 .debug_str     0x00000000000d0fe8      0x322 Drivers/STM32F4xx_HAL_Driver/Src/stm32f4xx_hal_dma.o
                                      0xcaba7 (size before relaxing)
 .debug_str     0x00000000000d130a      0x20c Drivers/STM32F4xx_HAL_Driver/Src/stm32f4xx_hal_gpio.o
                                      0xca9e4 (size before relaxing)
 .debug_str     0x00000000000d1516      0x292 Drivers/STM32F4xx_HAL_Driver/Src/stm32f4xx_hal_i2s.o
                                      0xcad46 (size before relaxing)
 .debug_str     0x00000000000d17a8      0x1fc Drivers/STM32F4xx_HAL_Driver/Src/stm32f4xx_hal_i2s_ex.o
                                      0xcac84 (size before relaxing)
 .debug_str     0x00000000000d19a4      0x135 Drivers/STM32F4xx_HAL_Driver/Src/stm32f4xx_hal_pwr_ex.o
                                      0xca988 (size before relaxing)
 .debug_str     0x00000000000d1ad9      0x24e Drivers/STM32F4xx_HAL_Driver/Src/stm32f4xx_hal_rcc.o
                                      0xcab92 (size before relaxing)
 .debug_str     0x00000000000d1d27      0x145 Drivers/STM32F4xx_HAL_Driver/Src/stm32f4xx_hal_rcc_ex.o
                                      0xca983 (size before relaxing)
 .debug_str     0x00000000000d1e6c      0x170 /home/koutakimura/workspace/ProjectFolder/ARM/STM32CubeIDE/FPGA_SYSTEM/libarm_cortexM4lf_math.a(arm_sin_f32.o)
                                        0x255 (size before relaxing)
 .debug_str     0x00000000000d1fdc       0x2e /home/koutakimura/workspace/ProjectFolder/ARM/STM32CubeIDE/FPGA_SYSTEM/libarm_cortexM4lf_math.a(arm_common_tables.o)
                                        0x717 (size before relaxing)

.comment        0x0000000000000000       0xe9
 .comment       0x0000000000000000       0x7b Core/Src/dtm.o
                                         0x7c (size before relaxing)
 .comment       0x000000000000007b       0x7c Core/Src/main.o
 .comment       0x000000000000007b       0x7c Core/Src/stm32f4xx_hal_msp.o
 .comment       0x000000000000007b       0x7c Core/Src/stm32f4xx_it.o
 .comment       0x000000000000007b       0x7c Core/Src/system_stm32f4xx.o
 .comment       0x000000000000007b       0x7c Core/Src/timer.o
 .comment       0x000000000000007b       0x7c Drivers/STM32F4xx_HAL_Driver/Src/stm32f4xx_hal.o
 .comment       0x000000000000007b       0x7c Drivers/STM32F4xx_HAL_Driver/Src/stm32f4xx_hal_cortex.o
 .comment       0x000000000000007b       0x7c Drivers/STM32F4xx_HAL_Driver/Src/stm32f4xx_hal_dma.o
 .comment       0x000000000000007b       0x7c Drivers/STM32F4xx_HAL_Driver/Src/stm32f4xx_hal_gpio.o
 .comment       0x000000000000007b       0x7c Drivers/STM32F4xx_HAL_Driver/Src/stm32f4xx_hal_i2s.o
 .comment       0x000000000000007b       0x7c Drivers/STM32F4xx_HAL_Driver/Src/stm32f4xx_hal_i2s_ex.o
 .comment       0x000000000000007b       0x7c Drivers/STM32F4xx_HAL_Driver/Src/stm32f4xx_hal_pwr_ex.o
 .comment       0x000000000000007b       0x7c Drivers/STM32F4xx_HAL_Driver/Src/stm32f4xx_hal_rcc.o
 .comment       0x000000000000007b       0x7c Drivers/STM32F4xx_HAL_Driver/Src/stm32f4xx_hal_rcc_ex.o
 .comment       0x000000000000007b       0x6e /home/koutakimura/workspace/ProjectFolder/ARM/STM32CubeIDE/FPGA_SYSTEM/libarm_cortexM4lf_math.a(arm_sin_f32.o)
                                         0x6f (size before relaxing)
 .comment       0x00000000000000e9       0x6f /home/koutakimura/workspace/ProjectFolder/ARM/STM32CubeIDE/FPGA_SYSTEM/libarm_cortexM4lf_math.a(arm_common_tables.o)

.debug_frame    0x0000000000000000     0x1f28
 .debug_frame   0x0000000000000000      0x17c Core/Src/dtm.o
 .debug_frame   0x000000000000017c       0xd4 Core/Src/main.o
 .debug_frame   0x0000000000000250       0x80 Core/Src/stm32f4xx_hal_msp.o
 .debug_frame   0x00000000000002d0      0x120 Core/Src/stm32f4xx_it.o
 .debug_frame   0x00000000000003f0       0x58 Core/Src/system_stm32f4xx.o
 .debug_frame   0x0000000000000448      0x17c Core/Src/timer.o
 .debug_frame   0x00000000000005c4      0x3b4 Drivers/STM32F4xx_HAL_Driver/Src/stm32f4xx_hal.o
 .debug_frame   0x0000000000000978      0x498 Drivers/STM32F4xx_HAL_Driver/Src/stm32f4xx_hal_cortex.o
 .debug_frame   0x0000000000000e10      0x250 Drivers/STM32F4xx_HAL_Driver/Src/stm32f4xx_hal_dma.o
 .debug_frame   0x0000000000001060      0x14c Drivers/STM32F4xx_HAL_Driver/Src/stm32f4xx_hal_gpio.o
 .debug_frame   0x00000000000011ac      0x484 Drivers/STM32F4xx_HAL_Driver/Src/stm32f4xx_hal_i2s.o
 .debug_frame   0x0000000000001630      0x220 Drivers/STM32F4xx_HAL_Driver/Src/stm32f4xx_hal_i2s_ex.o
 .debug_frame   0x0000000000001850      0x14c Drivers/STM32F4xx_HAL_Driver/Src/stm32f4xx_hal_pwr_ex.o
 .debug_frame   0x000000000000199c      0x1f0 Drivers/STM32F4xx_HAL_Driver/Src/stm32f4xx_hal_rcc.o
 .debug_frame   0x0000000000001b8c      0x13c Drivers/STM32F4xx_HAL_Driver/Src/stm32f4xx_hal_rcc_ex.o
 .debug_frame   0x0000000000001cc8       0x20 /home/koutakimura/workspace/ProjectFolder/ARM/STM32CubeIDE/FPGA_SYSTEM/libarm_cortexM4lf_math.a(arm_sin_f32.o)
 .debug_frame   0x0000000000001ce8       0x20 /opt/st/stm32cubeide_1.5.0/plugins/com.st.stm32cube.ide.mcu.externaltools.gnu-tools-for-stm32.7-2018-q2-update.linux64_1.5.0.202011040924/tools/bin/../lib/gcc/arm-none-eabi/7.3.1/../../../../arm-none-eabi/lib/thumb/v7e-m/fpv4-sp/hard/libc_nano.a(lib_a-errno.o)
 .debug_frame   0x0000000000001d08       0x2c /opt/st/stm32cubeide_1.5.0/plugins/com.st.stm32cube.ide.mcu.externaltools.gnu-tools-for-stm32.7-2018-q2-update.linux64_1.5.0.202011040924/tools/bin/../lib/gcc/arm-none-eabi/7.3.1/../../../../arm-none-eabi/lib/thumb/v7e-m/fpv4-sp/hard/libc_nano.a(lib_a-init.o)
 .debug_frame   0x0000000000001d34       0x20 /opt/st/stm32cubeide_1.5.0/plugins/com.st.stm32cube.ide.mcu.externaltools.gnu-tools-for-stm32.7-2018-q2-update.linux64_1.5.0.202011040924/tools/bin/../lib/gcc/arm-none-eabi/7.3.1/../../../../arm-none-eabi/lib/thumb/v7e-m/fpv4-sp/hard/libc_nano.a(lib_a-memset.o)
 .debug_frame   0x0000000000001d54       0x44 /opt/st/stm32cubeide_1.5.0/plugins/com.st.stm32cube.ide.mcu.externaltools.gnu-tools-for-stm32.7-2018-q2-update.linux64_1.5.0.202011040924/tools/bin/../lib/gcc/arm-none-eabi/7.3.1/../../../../arm-none-eabi/lib/thumb/v7e-m/fpv4-sp/hard/libm.a(lib_a-wf_exp.o)
 .debug_frame   0x0000000000001d98       0x20 /opt/st/stm32cubeide_1.5.0/plugins/com.st.stm32cube.ide.mcu.externaltools.gnu-tools-for-stm32.7-2018-q2-update.linux64_1.5.0.202011040924/tools/bin/../lib/gcc/arm-none-eabi/7.3.1/../../../../arm-none-eabi/lib/thumb/v7e-m/fpv4-sp/hard/libm.a(lib_a-ef_exp.o)
 .debug_frame   0x0000000000001db8       0x20 /opt/st/stm32cubeide_1.5.0/plugins/com.st.stm32cube.ide.mcu.externaltools.gnu-tools-for-stm32.7-2018-q2-update.linux64_1.5.0.202011040924/tools/bin/../lib/gcc/arm-none-eabi/7.3.1/../../../../arm-none-eabi/lib/thumb/v7e-m/fpv4-sp/hard/libm.a(lib_a-s_matherr.o)
 .debug_frame   0x0000000000001dd8       0x20 /opt/st/stm32cubeide_1.5.0/plugins/com.st.stm32cube.ide.mcu.externaltools.gnu-tools-for-stm32.7-2018-q2-update.linux64_1.5.0.202011040924/tools/bin/../lib/gcc/arm-none-eabi/7.3.1/../../../../arm-none-eabi/lib/thumb/v7e-m/fpv4-sp/hard/libm.a(lib_a-sf_finite.o)
 .debug_frame   0x0000000000001df8       0xac /opt/st/stm32cubeide_1.5.0/plugins/com.st.stm32cube.ide.mcu.externaltools.gnu-tools-for-stm32.7-2018-q2-update.linux64_1.5.0.202011040924/tools/bin/../lib/gcc/arm-none-eabi/7.3.1/thumb/v7e-m/fpv4-sp/hard/libgcc.a(_arm_addsubdf3.o)
 .debug_frame   0x0000000000001ea4       0x24 /opt/st/stm32cubeide_1.5.0/plugins/com.st.stm32cube.ide.mcu.externaltools.gnu-tools-for-stm32.7-2018-q2-update.linux64_1.5.0.202011040924/tools/bin/../lib/gcc/arm-none-eabi/7.3.1/thumb/v7e-m/fpv4-sp/hard/libgcc.a(_arm_truncdfsf2.o)
 .debug_frame   0x0000000000001ec8       0x2c /opt/st/stm32cubeide_1.5.0/plugins/com.st.stm32cube.ide.mcu.externaltools.gnu-tools-for-stm32.7-2018-q2-update.linux64_1.5.0.202011040924/tools/bin/../lib/gcc/arm-none-eabi/7.3.1/thumb/v7e-m/fpv4-sp/hard/libgcc.a(_aeabi_uldivmod.o)
 .debug_frame   0x0000000000001ef4       0x34 /opt/st/stm32cubeide_1.5.0/plugins/com.st.stm32cube.ide.mcu.externaltools.gnu-tools-for-stm32.7-2018-q2-update.linux64_1.5.0.202011040924/tools/bin/../lib/gcc/arm-none-eabi/7.3.1/thumb/v7e-m/fpv4-sp/hard/libgcc.a(_udivmoddi4.o)

.debug_loc      0x0000000000000000       0xf4
 .debug_loc     0x0000000000000000       0xf4 /home/koutakimura/workspace/ProjectFolder/ARM/STM32CubeIDE/FPGA_SYSTEM/libarm_cortexM4lf_math.a(arm_sin_f32.o)
