Archive member included to satisfy reference by file (symbol)

../nios2pio_bsp/\libhal_bsp.a(alt_load.o)
                              ../nios2pio_bsp//obj/HAL/src/crt0.o (alt_load)
../nios2pio_bsp/\libhal_bsp.a(alt_main.o)
                              ../nios2pio_bsp//obj/HAL/src/crt0.o (alt_main)
../nios2pio_bsp/\libhal_bsp.a(alt_sys_init.o)
                              ../nios2pio_bsp/\libhal_bsp.a(alt_main.o) (alt_irq_init)
../nios2pio_bsp/\libhal_bsp.a(alt_dcache_flush_all.o)
                              ../nios2pio_bsp/\libhal_bsp.a(alt_load.o) (alt_dcache_flush_all)
../nios2pio_bsp/\libhal_bsp.a(alt_icache_flush_all.o)
                              ../nios2pio_bsp/\libhal_bsp.a(alt_load.o) (alt_icache_flush_all)
../nios2pio_bsp/\libhal_bsp.a(altera_nios2_gen2_irq.o)
                              ../nios2pio_bsp/\libhal_bsp.a(alt_sys_init.o) (altera_nios2_gen2_irq_init)
../nios2pio_bsp/\libhal_bsp.a(alt_icache_flush.o)
                              ../nios2pio_bsp/\libhal_bsp.a(alt_icache_flush_all.o) (alt_icache_flush)

Memory Configuration

Name             Origin             Length             Attributes
reset            0x0000000000002000 0x0000000000000020
onchip_memory2_0 0x0000000000002020 0x0000000000001fe0
*default*        0x0000000000000000 0xffffffffffffffff

Linker script and memory map

LOAD ../nios2pio_bsp//obj/HAL/src/crt0.o
LOAD obj/default/hello_world_small.o
LOAD c:/intelfpga_lite/18.1/nios2eds/bin/gnu/h-x86_64-mingw32/bin/../lib/gcc/nios2-elf/5.3.0/../../../../../H-x86_64-mingw32/nios2-elf/lib\libstdc++.a
LOAD c:/intelfpga_lite/18.1/nios2eds/bin/gnu/h-x86_64-mingw32/bin/../lib/gcc/nios2-elf/5.3.0/../../../../../H-x86_64-mingw32/nios2-elf/lib\libm.a
LOAD c:/intelfpga_lite/18.1/nios2eds/bin/gnu/h-x86_64-mingw32/bin/../lib/gcc/nios2-elf/5.3.0\libgcc.a
START GROUP
LOAD c:/intelfpga_lite/18.1/nios2eds/bin/gnu/h-x86_64-mingw32/bin/../lib/gcc/nios2-elf/5.3.0/../../../../../H-x86_64-mingw32/nios2-elf/lib\libsmallc.a
LOAD c:/intelfpga_lite/18.1/nios2eds/bin/gnu/h-x86_64-mingw32/bin/../lib/gcc/nios2-elf/5.3.0\libgcc.a
LOAD ../nios2pio_bsp/\libhal_bsp.a
LOAD c:/intelfpga_lite/18.1/nios2eds/bin/gnu/h-x86_64-mingw32/bin/../lib/gcc/nios2-elf/5.3.0/../../../../../H-x86_64-mingw32/nios2-elf/lib\libm.a
END GROUP
LOAD c:/intelfpga_lite/18.1/nios2eds/bin/gnu/h-x86_64-mingw32/bin/../lib/gcc/nios2-elf/5.3.0\libgcc.a
                0x0000000000002000                __alt_mem_onchip_memory2_0 = 0x2000

.entry          0x0000000000002000       0x20
 *(.entry)
 .entry         0x0000000000002000       0x20 ../nios2pio_bsp//obj/HAL/src/crt0.o
                0x0000000000002000                __reset
                0x000000000000201c                _exit

.exceptions     0x0000000000002020        0x0
                0x0000000000002020                PROVIDE (__ram_exceptions_start, ABSOLUTE (.))
                0x0000000000002020                . = ALIGN (0x20)
 *(.irq)
 *(.exceptions.entry.label)
 *(.exceptions.entry.user)
 *(.exceptions.entry.ecc_fatal)
 *(.exceptions.entry)
 *(.exceptions.irqtest.user)
 *(.exceptions.irqtest)
 *(.exceptions.irqhandler.user)
 *(.exceptions.irqhandler)
 *(.exceptions.irqreturn.user)
 *(.exceptions.irqreturn)
 *(.exceptions.notirq.label)
 *(.exceptions.notirq.user)
 *(.exceptions.notirq)
 *(.exceptions.soft.user)
 *(.exceptions.soft)
 *(.exceptions.unknown.user)
 *(.exceptions.unknown)
 *(.exceptions.exit.label)
 *(.exceptions.exit.user)
 *(.exceptions.exit)
 *(.exceptions)
                0x0000000000002020                PROVIDE (__ram_exceptions_end, ABSOLUTE (.))
                0x0000000000002020                PROVIDE (__flash_exceptions_start, LOADADDR (.exceptions))

.text           0x0000000000002020      0x338
                [!provide]                        PROVIDE (stext, ABSOLUTE (.))
 *(.interp)
 *(.hash)
 *(.dynsym)
 *(.dynstr)
 *(.gnu.version)
 *(.gnu.version_d)
 *(.gnu.version_r)
 *(.rel.init)
 *(.rela.init)
 *(.rel.text .rel.text.* .rel.gnu.linkonce.t.*)
 *(.rela.text .rela.text.* .rela.gnu.linkonce.t.*)
 *(.rel.fini)
 *(.rela.fini)
 *(.rel.rodata .rel.rodata.* .rel.gnu.linkonce.r.*)
 *(.rela.rodata .rela.rodata.* .rela.gnu.linkonce.r.*)
 *(.rel.data .rel.data.* .rel.gnu.linkonce.d.*)
 *(.rela.data .rela.data.* .rela.gnu.linkonce.d.*)
 *(.rel.tdata .rel.tdata.* .rel.gnu.linkonce.td.*)
 *(.rela.tdata .rela.tdata.* .rela.gnu.linkonce.td.*)
 *(.rel.tbss .rel.tbss.* .rel.gnu.linkonce.tb.*)
 *(.rela.tbss .rela.tbss.* .rela.gnu.linkonce.tb.*)
 *(.rel.ctors)
 *(.rela.ctors)
 *(.rel.dtors)
 *(.rela.dtors)
 *(.rel.got)
 *(.rela.got)
 *(.rel.sdata .rel.sdata.* .rel.gnu.linkonce.s.*)
 *(.rela.sdata .rela.sdata.* .rela.gnu.linkonce.s.*)
 *(.rel.sbss .rel.sbss.* .rel.gnu.linkonce.sb.*)
 *(.rela.sbss .rela.sbss.* .rela.gnu.linkonce.sb.*)
 *(.rel.sdata2 .rel.sdata2.* .rel.gnu.linkonce.s2.*)
 *(.rela.sdata2 .rela.sdata2.* .rela.gnu.linkonce.s2.*)
 *(.rel.sbss2 .rel.sbss2.* .rel.gnu.linkonce.sb2.*)
 *(.rela.sbss2 .rela.sbss2.* .rela.gnu.linkonce.sb2.*)
 *(.rel.bss .rel.bss.* .rel.gnu.linkonce.b.*)
 *(.rela.bss .rela.bss.* .rela.gnu.linkonce.b.*)
 *(.rel.plt)
 *(.rela.plt)
 *(.rel.dyn)
 *(.init)
 *(.plt)
 *(.text .stub .text.* .gnu.linkonce.t.*)
 .text          0x0000000000002020       0x4c ../nios2pio_bsp//obj/HAL/src/crt0.o
                0x0000000000002020                _start
 .text          0x000000000000206c      0x158 obj/default/hello_world_small.o
                0x000000000000206c                main
 .text          0x00000000000021c4       0xe0 ../nios2pio_bsp/\libhal_bsp.a(alt_load.o)
                0x00000000000021c4                alt_load
 .text          0x00000000000022a4       0x2c ../nios2pio_bsp/\libhal_bsp.a(alt_main.o)
                0x00000000000022a4                alt_main
 .text          0x00000000000022d0       0x24 ../nios2pio_bsp/\libhal_bsp.a(alt_sys_init.o)
                0x00000000000022d0                alt_irq_init
                0x00000000000022f0                alt_sys_init
 .text          0x00000000000022f4       0x18 ../nios2pio_bsp/\libhal_bsp.a(alt_dcache_flush_all.o)
                0x00000000000022f4                alt_dcache_flush_all
 .text          0x000000000000230c        0xc ../nios2pio_bsp/\libhal_bsp.a(alt_icache_flush_all.o)
                0x000000000000230c                alt_icache_flush_all
 .text          0x0000000000002318        0x8 ../nios2pio_bsp/\libhal_bsp.a(altera_nios2_gen2_irq.o)
                0x0000000000002318                altera_nios2_gen2_irq_init
 .text          0x0000000000002320       0x38 ../nios2pio_bsp/\libhal_bsp.a(alt_icache_flush.o)
                0x0000000000002320                alt_icache_flush
 *(.gnu.warning.*)
 *(.fini)
                [!provide]                        PROVIDE (__etext, ABSOLUTE (.))
                [!provide]                        PROVIDE (_etext, ABSOLUTE (.))
                [!provide]                        PROVIDE (etext, ABSOLUTE (.))
 *(.eh_frame_hdr)
                0x0000000000002358                . = ALIGN (0x4)
                [!provide]                        PROVIDE (__preinit_array_start, ABSOLUTE (.))
 *(.preinit_array)
                [!provide]                        PROVIDE (__preinit_array_end, ABSOLUTE (.))
                [!provide]                        PROVIDE (__init_array_start, ABSOLUTE (.))
 *(.init_array)
                [!provide]                        PROVIDE (__init_array_end, ABSOLUTE (.))
                [!provide]                        PROVIDE (__fini_array_start, ABSOLUTE (.))
 *(.fini_array)
                [!provide]                        PROVIDE (__fini_array_end, ABSOLUTE (.))
 *(.eh_frame)
 *(.gcc_except_table .gcc_except_table.*)
 *(.dynamic)
                [!provide]                        PROVIDE (__CTOR_LIST__, ABSOLUTE (.))
 *(.ctors)
 *(SORT(.ctors.*))
                [!provide]                        PROVIDE (__CTOR_END__, ABSOLUTE (.))
                [!provide]                        PROVIDE (__DTOR_LIST__, ABSOLUTE (.))
 *(.dtors)
 *(SORT(.dtors.*))
                [!provide]                        PROVIDE (__DTOR_END__, ABSOLUTE (.))
 *(.jcr)
                0x0000000000002358                . = ALIGN (0x4)

.rodata         0x0000000000002358        0x0
                0x0000000000002358                PROVIDE (__ram_rodata_start, ABSOLUTE (.))
                0x0000000000002358                . = ALIGN (0x4)
 *(.rodata .rodata.* .gnu.linkonce.r.*)
 *(.rodata1)
                0x0000000000002358                . = ALIGN (0x4)
                0x0000000000002358                PROVIDE (__ram_rodata_end, ABSOLUTE (.))
                0x0000000000002358                PROVIDE (__flash_rodata_start, LOADADDR (.rodata))

.rwdata         0x0000000000002358        0x4 load address 0x000000000000235c
                0x0000000000002358                PROVIDE (__ram_rwdata_start, ABSOLUTE (.))
                0x0000000000002358                . = ALIGN (0x4)
 *(.got.plt)
 *(.got)
 *(.data1)
 *(.data .data.* .gnu.linkonce.d.*)
 .data          0x0000000000002358        0x0 ../nios2pio_bsp//obj/HAL/src/crt0.o
 .data          0x0000000000002358        0x0 obj/default/hello_world_small.o
 .data          0x0000000000002358        0x0 ../nios2pio_bsp/\libhal_bsp.a(alt_load.o)
 .data          0x0000000000002358        0x0 ../nios2pio_bsp/\libhal_bsp.a(alt_main.o)
 .data          0x0000000000002358        0x0 ../nios2pio_bsp/\libhal_bsp.a(alt_sys_init.o)
 .data          0x0000000000002358        0x0 ../nios2pio_bsp/\libhal_bsp.a(alt_dcache_flush_all.o)
 .data          0x0000000000002358        0x0 ../nios2pio_bsp/\libhal_bsp.a(alt_icache_flush_all.o)
 .data          0x0000000000002358        0x0 ../nios2pio_bsp/\libhal_bsp.a(altera_nios2_gen2_irq.o)
 .data          0x0000000000002358        0x0 ../nios2pio_bsp/\libhal_bsp.a(alt_icache_flush.o)
                0x000000000000a358                _gp = ABSOLUTE ((. + 0x8000))
                [!provide]                        PROVIDE (gp, _gp)
 *(.rwdata .rwdata.*)
 *(.sdata .sdata.* .gnu.linkonce.s.*)
 .sdata         0x0000000000002358        0x4 ../nios2pio_bsp/\libhal_bsp.a(alt_sys_init.o)
                0x0000000000002358                jtag_uart_0
 *(.sdata2 .sdata2.* .gnu.linkonce.s2.*)
                0x000000000000235c                . = ALIGN (0x4)
                0x000000000000235c                _edata = ABSOLUTE (.)
                [!provide]                        PROVIDE (edata, ABSOLUTE (.))
                0x000000000000235c                PROVIDE (__ram_rwdata_end, ABSOLUTE (.))
                0x000000000000235c                PROVIDE (__flash_rwdata_start, LOADADDR (.rwdata))

.bss            0x0000000000002360        0xc
                0x0000000000002360                __bss_start = ABSOLUTE (.)
                [!provide]                        PROVIDE (__sbss_start, ABSOLUTE (.))
                [!provide]                        PROVIDE (___sbss_start, ABSOLUTE (.))
 *(.dynsbss)
 *(.sbss .sbss.* .gnu.linkonce.sb.*)
 .sbss          0x0000000000002360        0xc ../nios2pio_bsp/\libhal_bsp.a(alt_main.o)
                0x0000000000002360                alt_envp
                0x0000000000002364                alt_argv
                0x0000000000002368                alt_argc
 *(.sbss2 .sbss2.* .gnu.linkonce.sb2.*)
 *(.scommon)
                [!provide]                        PROVIDE (__sbss_end, ABSOLUTE (.))
                [!provide]                        PROVIDE (___sbss_end, ABSOLUTE (.))
 *(.dynbss)
 *(.bss .bss.* .gnu.linkonce.b.*)
 .bss           0x000000000000236c        0x0 ../nios2pio_bsp//obj/HAL/src/crt0.o
 .bss           0x000000000000236c        0x0 obj/default/hello_world_small.o
 .bss           0x000000000000236c        0x0 ../nios2pio_bsp/\libhal_bsp.a(alt_load.o)
 .bss           0x000000000000236c        0x0 ../nios2pio_bsp/\libhal_bsp.a(alt_main.o)
 .bss           0x000000000000236c        0x0 ../nios2pio_bsp/\libhal_bsp.a(alt_sys_init.o)
 .bss           0x000000000000236c        0x0 ../nios2pio_bsp/\libhal_bsp.a(alt_dcache_flush_all.o)
 .bss           0x000000000000236c        0x0 ../nios2pio_bsp/\libhal_bsp.a(alt_icache_flush_all.o)
 .bss           0x000000000000236c        0x0 ../nios2pio_bsp/\libhal_bsp.a(altera_nios2_gen2_irq.o)
 .bss           0x000000000000236c        0x0 ../nios2pio_bsp/\libhal_bsp.a(alt_icache_flush.o)
 *(COMMON)
                0x000000000000236c                . = ALIGN (0x4)
                0x000000000000236c                __bss_end = ABSOLUTE (.)

.onchip_memory2_0
                0x000000000000236c        0x0
                [!provide]                        PROVIDE (_alt_partition_onchip_memory2_0_start, ABSOLUTE (.))
 *(.onchip_memory2_0 .onchip_memory2_0. onchip_memory2_0.*)
                0x000000000000236c                . = ALIGN (0x4)
                [!provide]                        PROVIDE (_alt_partition_onchip_memory2_0_end, ABSOLUTE (.))
                0x000000000000236c                _end = ABSOLUTE (.)
                0x000000000000236c                end = ABSOLUTE (.)
                0x000000000000236c                __alt_stack_base = ABSOLUTE (.)
                [!provide]                        PROVIDE (_alt_partition_onchip_memory2_0_load_addr, LOADADDR (.onchip_memory2_0))

.stab
 *(.stab)

.stabstr
 *(.stabstr)

.stab.excl
 *(.stab.excl)

.stab.exclstr
 *(.stab.exclstr)

.stab.index
 *(.stab.index)

.stab.indexstr
 *(.stab.indexstr)

.comment        0x0000000000000000       0x23
 *(.comment)
 .comment       0x0000000000000000       0x23 obj/default/hello_world_small.o
                                         0x24 (size before relaxing)
 .comment       0x0000000000000023       0x24 ../nios2pio_bsp/\libhal_bsp.a(alt_load.o)
 .comment       0x0000000000000023       0x24 ../nios2pio_bsp/\libhal_bsp.a(alt_main.o)
 .comment       0x0000000000000023       0x24 ../nios2pio_bsp/\libhal_bsp.a(alt_sys_init.o)
 .comment       0x0000000000000023       0x24 ../nios2pio_bsp/\libhal_bsp.a(alt_dcache_flush_all.o)
 .comment       0x0000000000000023       0x24 ../nios2pio_bsp/\libhal_bsp.a(alt_icache_flush_all.o)
 .comment       0x0000000000000023       0x24 ../nios2pio_bsp/\libhal_bsp.a(altera_nios2_gen2_irq.o)
 .comment       0x0000000000000023       0x24 ../nios2pio_bsp/\libhal_bsp.a(alt_icache_flush.o)

.debug
 *(.debug)

.line
 *(.line)

.debug_srcinfo
 *(.debug_srcinfo)

.debug_sfnames
 *(.debug_sfnames)

.debug_aranges  0x0000000000000000      0x128
 *(.debug_aranges)
 .debug_aranges
                0x0000000000000000       0x28 ../nios2pio_bsp//obj/HAL/src/crt0.o
 .debug_aranges
                0x0000000000000028       0x20 obj/default/hello_world_small.o
 .debug_aranges
                0x0000000000000048       0x20 ../nios2pio_bsp/\libhal_bsp.a(alt_load.o)
 .debug_aranges
                0x0000000000000068       0x20 ../nios2pio_bsp/\libhal_bsp.a(alt_main.o)
 .debug_aranges
                0x0000000000000088       0x20 ../nios2pio_bsp/\libhal_bsp.a(alt_sys_init.o)
 .debug_aranges
                0x00000000000000a8       0x20 ../nios2pio_bsp/\libhal_bsp.a(alt_dcache_flush_all.o)
 .debug_aranges
                0x00000000000000c8       0x20 ../nios2pio_bsp/\libhal_bsp.a(alt_icache_flush_all.o)
 .debug_aranges
                0x00000000000000e8       0x20 ../nios2pio_bsp/\libhal_bsp.a(altera_nios2_gen2_irq.o)
 .debug_aranges
                0x0000000000000108       0x20 ../nios2pio_bsp/\libhal_bsp.a(alt_icache_flush.o)

.debug_pubnames
 *(.debug_pubnames)

.debug_info     0x0000000000000000      0x8ae
 *(.debug_info .gnu.linkonce.wi.*)
 .debug_info    0x0000000000000000       0x6b ../nios2pio_bsp//obj/HAL/src/crt0.o
 .debug_info    0x000000000000006b       0xbe obj/default/hello_world_small.o
 .debug_info    0x0000000000000129      0x1c9 ../nios2pio_bsp/\libhal_bsp.a(alt_load.o)
 .debug_info    0x00000000000002f2      0x169 ../nios2pio_bsp/\libhal_bsp.a(alt_main.o)
 .debug_info    0x000000000000045b      0x185 ../nios2pio_bsp/\libhal_bsp.a(alt_sys_init.o)
 .debug_info    0x00000000000005e0       0xa6 ../nios2pio_bsp/\libhal_bsp.a(alt_dcache_flush_all.o)
 .debug_info    0x0000000000000686       0xb8 ../nios2pio_bsp/\libhal_bsp.a(alt_icache_flush_all.o)
 .debug_info    0x000000000000073e       0x92 ../nios2pio_bsp/\libhal_bsp.a(altera_nios2_gen2_irq.o)
 .debug_info    0x00000000000007d0       0xde ../nios2pio_bsp/\libhal_bsp.a(alt_icache_flush.o)

.debug_abbrev   0x0000000000000000      0x4e3
 *(.debug_abbrev)
 .debug_abbrev  0x0000000000000000       0x12 ../nios2pio_bsp//obj/HAL/src/crt0.o
 .debug_abbrev  0x0000000000000012       0x5e obj/default/hello_world_small.o
 .debug_abbrev  0x0000000000000070       0xd8 ../nios2pio_bsp/\libhal_bsp.a(alt_load.o)
 .debug_abbrev  0x0000000000000148       0xee ../nios2pio_bsp/\libhal_bsp.a(alt_main.o)
 .debug_abbrev  0x0000000000000236      0x107 ../nios2pio_bsp/\libhal_bsp.a(alt_sys_init.o)
 .debug_abbrev  0x000000000000033d       0x5a ../nios2pio_bsp/\libhal_bsp.a(alt_dcache_flush_all.o)
 .debug_abbrev  0x0000000000000397       0x6f ../nios2pio_bsp/\libhal_bsp.a(alt_icache_flush_all.o)
 .debug_abbrev  0x0000000000000406       0x42 ../nios2pio_bsp/\libhal_bsp.a(altera_nios2_gen2_irq.o)
 .debug_abbrev  0x0000000000000448       0x9b ../nios2pio_bsp/\libhal_bsp.a(alt_icache_flush.o)

.debug_line     0x0000000000000000      0x5aa
 *(.debug_line)
 .debug_line    0x0000000000000000       0x72 ../nios2pio_bsp//obj/HAL/src/crt0.o
 .debug_line    0x0000000000000072      0x141 obj/default/hello_world_small.o
 .debug_line    0x00000000000001b3       0xa4 ../nios2pio_bsp/\libhal_bsp.a(alt_load.o)
 .debug_line    0x0000000000000257       0xbd ../nios2pio_bsp/\libhal_bsp.a(alt_main.o)
 .debug_line    0x0000000000000314      0x101 ../nios2pio_bsp/\libhal_bsp.a(alt_sys_init.o)
 .debug_line    0x0000000000000415       0x5a ../nios2pio_bsp/\libhal_bsp.a(alt_dcache_flush_all.o)
 .debug_line    0x000000000000046f       0x6e ../nios2pio_bsp/\libhal_bsp.a(alt_icache_flush_all.o)
 .debug_line    0x00000000000004dd       0x50 ../nios2pio_bsp/\libhal_bsp.a(altera_nios2_gen2_irq.o)
 .debug_line    0x000000000000052d       0x7d ../nios2pio_bsp/\libhal_bsp.a(alt_icache_flush.o)

.debug_frame    0x0000000000000000      0x144
 *(.debug_frame)
 .debug_frame   0x0000000000000000       0x2c obj/default/hello_world_small.o
 .debug_frame   0x000000000000002c       0x30 ../nios2pio_bsp/\libhal_bsp.a(alt_load.o)
 .debug_frame   0x000000000000005c       0x2c ../nios2pio_bsp/\libhal_bsp.a(alt_main.o)
 .debug_frame   0x0000000000000088       0x3c ../nios2pio_bsp/\libhal_bsp.a(alt_sys_init.o)
 .debug_frame   0x00000000000000c4       0x20 ../nios2pio_bsp/\libhal_bsp.a(alt_dcache_flush_all.o)
 .debug_frame   0x00000000000000e4       0x20 ../nios2pio_bsp/\libhal_bsp.a(alt_icache_flush_all.o)
 .debug_frame   0x0000000000000104       0x20 ../nios2pio_bsp/\libhal_bsp.a(altera_nios2_gen2_irq.o)
 .debug_frame   0x0000000000000124       0x20 ../nios2pio_bsp/\libhal_bsp.a(alt_icache_flush.o)

.debug_str      0x0000000000000000      0x466
 *(.debug_str)
 .debug_str     0x0000000000000000       0xee obj/default/hello_world_small.o
                                        0x12f (size before relaxing)
 .debug_str     0x00000000000000ee      0x1ad ../nios2pio_bsp/\libhal_bsp.a(alt_load.o)
                                        0x236 (size before relaxing)
 .debug_str     0x000000000000029b       0x8f ../nios2pio_bsp/\libhal_bsp.a(alt_main.o)
                                        0x1af (size before relaxing)
 .debug_str     0x000000000000032a       0xb2 ../nios2pio_bsp/\libhal_bsp.a(alt_sys_init.o)
                                        0x220 (size before relaxing)
 .debug_str     0x00000000000003dc       0x1f ../nios2pio_bsp/\libhal_bsp.a(alt_dcache_flush_all.o)
                                        0x14f (size before relaxing)
 .debug_str     0x00000000000003fb       0x30 ../nios2pio_bsp/\libhal_bsp.a(alt_icache_flush_all.o)
                                        0x160 (size before relaxing)
 .debug_str     0x000000000000042b       0x20 ../nios2pio_bsp/\libhal_bsp.a(altera_nios2_gen2_irq.o)
                                        0x156 (size before relaxing)
 .debug_str     0x000000000000044b       0x1b ../nios2pio_bsp/\libhal_bsp.a(alt_icache_flush.o)
                                        0x155 (size before relaxing)

.debug_loc      0x0000000000000000       0x92
 *(.debug_loc)
 .debug_loc     0x0000000000000000       0x21 ../nios2pio_bsp/\libhal_bsp.a(alt_sys_init.o)
 .debug_loc     0x0000000000000021       0x1f ../nios2pio_bsp/\libhal_bsp.a(alt_dcache_flush_all.o)
 .debug_loc     0x0000000000000040       0x52 ../nios2pio_bsp/\libhal_bsp.a(alt_icache_flush.o)

.debug_macinfo
 *(.debug_macinfo)

.debug_weaknames
 *(.debug_weaknames)

.debug_funcnames
 *(.debug_funcnames)

.debug_typenames
 *(.debug_typenames)

.debug_varnames
 *(.debug_varnames)

.debug_alt_sim_info
                0x0000000000000000       0x30
 *(.debug_alt_sim_info)
 .debug_alt_sim_info
                0x0000000000000000       0x30 ../nios2pio_bsp//obj/HAL/src/crt0.o
                0x0000000000004000                __alt_data_end = 0x4000
                0x0000000000004000                PROVIDE (__alt_stack_pointer, __alt_data_end)
                [!provide]                        PROVIDE (__alt_stack_limit, __alt_stack_base)
                [!provide]                        PROVIDE (__alt_heap_start, end)
                [!provide]                        PROVIDE (__alt_heap_limit, 0x4000)
OUTPUT(nios2pio.elf elf32-littlenios2)

.debug_ranges   0x0000000000000000       0x78
 .debug_ranges  0x0000000000000000       0x20 ../nios2pio_bsp//obj/HAL/src/crt0.o
 .debug_ranges  0x0000000000000020       0x48 ../nios2pio_bsp/\libhal_bsp.a(alt_load.o)
 .debug_ranges  0x0000000000000068       0x10 ../nios2pio_bsp/\libhal_bsp.a(alt_icache_flush.o)
