Archive member included to satisfy reference by file (symbol)

/opt/st/stm32cubeide_1.5.0/plugins/com.st.stm32cube.ide.mcu.externaltools.gnu-tools-for-stm32.7-2018-q2-update.linux64_1.5.0.202011040924/tools/bin/../lib/gcc/arm-none-eabi/7.3.1/../../../../arm-none-eabi/lib/thumb/v6-m/libc_nano.a(lib_a-errno.o)
                              Core/Src/syscalls.o (__errno)
/opt/st/stm32cubeide_1.5.0/plugins/com.st.stm32cube.ide.mcu.externaltools.gnu-tools-for-stm32.7-2018-q2-update.linux64_1.5.0.202011040924/tools/bin/../lib/gcc/arm-none-eabi/7.3.1/../../../../arm-none-eabi/lib/thumb/v6-m/libc_nano.a(lib_a-exit.o)
                              /opt/st/stm32cubeide_1.5.0/plugins/com.st.stm32cube.ide.mcu.externaltools.gnu-tools-for-stm32.7-2018-q2-update.linux64_1.5.0.202011040924/tools/bin/../lib/gcc/arm-none-eabi/7.3.1/../../../../arm-none-eabi/lib/thumb/v6-m/crt0.o (exit)
/opt/st/stm32cubeide_1.5.0/plugins/com.st.stm32cube.ide.mcu.externaltools.gnu-tools-for-stm32.7-2018-q2-update.linux64_1.5.0.202011040924/tools/bin/../lib/gcc/arm-none-eabi/7.3.1/../../../../arm-none-eabi/lib/thumb/v6-m/libc_nano.a(lib_a-impure.o)
                              /opt/st/stm32cubeide_1.5.0/plugins/com.st.stm32cube.ide.mcu.externaltools.gnu-tools-for-stm32.7-2018-q2-update.linux64_1.5.0.202011040924/tools/bin/../lib/gcc/arm-none-eabi/7.3.1/../../../../arm-none-eabi/lib/thumb/v6-m/libc_nano.a(lib_a-exit.o) (_global_impure_ptr)
/opt/st/stm32cubeide_1.5.0/plugins/com.st.stm32cube.ide.mcu.externaltools.gnu-tools-for-stm32.7-2018-q2-update.linux64_1.5.0.202011040924/tools/bin/../lib/gcc/arm-none-eabi/7.3.1/../../../../arm-none-eabi/lib/thumb/v6-m/libc_nano.a(lib_a-init.o)
                              /opt/st/stm32cubeide_1.5.0/plugins/com.st.stm32cube.ide.mcu.externaltools.gnu-tools-for-stm32.7-2018-q2-update.linux64_1.5.0.202011040924/tools/bin/../lib/gcc/arm-none-eabi/7.3.1/../../../../arm-none-eabi/lib/thumb/v6-m/crt0.o (__libc_init_array)
/opt/st/stm32cubeide_1.5.0/plugins/com.st.stm32cube.ide.mcu.externaltools.gnu-tools-for-stm32.7-2018-q2-update.linux64_1.5.0.202011040924/tools/bin/../lib/gcc/arm-none-eabi/7.3.1/../../../../arm-none-eabi/lib/thumb/v6-m/libc_nano.a(lib_a-malloc.o)
                              Middlewares/ST/STM32_USB_Host_Library/Class/MSC/Src/usbh_msc.o (malloc)
/opt/st/stm32cubeide_1.5.0/plugins/com.st.stm32cube.ide.mcu.externaltools.gnu-tools-for-stm32.7-2018-q2-update.linux64_1.5.0.202011040924/tools/bin/../lib/gcc/arm-none-eabi/7.3.1/../../../../arm-none-eabi/lib/thumb/v6-m/libc_nano.a(lib_a-memcpy-stub.o)
                              Middlewares/ST/STM32_USB_Host_Library/Class/MSC/Src/usbh_msc.o (memcpy)
/opt/st/stm32cubeide_1.5.0/plugins/com.st.stm32cube.ide.mcu.externaltools.gnu-tools-for-stm32.7-2018-q2-update.linux64_1.5.0.202011040924/tools/bin/../lib/gcc/arm-none-eabi/7.3.1/../../../../arm-none-eabi/lib/thumb/v6-m/libc_nano.a(lib_a-memset.o)
                              /opt/st/stm32cubeide_1.5.0/plugins/com.st.stm32cube.ide.mcu.externaltools.gnu-tools-for-stm32.7-2018-q2-update.linux64_1.5.0.202011040924/tools/bin/../lib/gcc/arm-none-eabi/7.3.1/../../../../arm-none-eabi/lib/thumb/v6-m/crt0.o (memset)
/opt/st/stm32cubeide_1.5.0/plugins/com.st.stm32cube.ide.mcu.externaltools.gnu-tools-for-stm32.7-2018-q2-update.linux64_1.5.0.202011040924/tools/bin/../lib/gcc/arm-none-eabi/7.3.1/../../../../arm-none-eabi/lib/thumb/v6-m/libc_nano.a(lib_a-nano-freer.o)
                              /opt/st/stm32cubeide_1.5.0/plugins/com.st.stm32cube.ide.mcu.externaltools.gnu-tools-for-stm32.7-2018-q2-update.linux64_1.5.0.202011040924/tools/bin/../lib/gcc/arm-none-eabi/7.3.1/../../../../arm-none-eabi/lib/thumb/v6-m/libc_nano.a(lib_a-malloc.o) (_free_r)
/opt/st/stm32cubeide_1.5.0/plugins/com.st.stm32cube.ide.mcu.externaltools.gnu-tools-for-stm32.7-2018-q2-update.linux64_1.5.0.202011040924/tools/bin/../lib/gcc/arm-none-eabi/7.3.1/../../../../arm-none-eabi/lib/thumb/v6-m/libc_nano.a(lib_a-nano-mallocr.o)
                              /opt/st/stm32cubeide_1.5.0/plugins/com.st.stm32cube.ide.mcu.externaltools.gnu-tools-for-stm32.7-2018-q2-update.linux64_1.5.0.202011040924/tools/bin/../lib/gcc/arm-none-eabi/7.3.1/../../../../arm-none-eabi/lib/thumb/v6-m/libc_nano.a(lib_a-malloc.o) (_malloc_r)
/opt/st/stm32cubeide_1.5.0/plugins/com.st.stm32cube.ide.mcu.externaltools.gnu-tools-for-stm32.7-2018-q2-update.linux64_1.5.0.202011040924/tools/bin/../lib/gcc/arm-none-eabi/7.3.1/../../../../arm-none-eabi/lib/thumb/v6-m/libc_nano.a(lib_a-sbrkr.o)
                              /opt/st/stm32cubeide_1.5.0/plugins/com.st.stm32cube.ide.mcu.externaltools.gnu-tools-for-stm32.7-2018-q2-update.linux64_1.5.0.202011040924/tools/bin/../lib/gcc/arm-none-eabi/7.3.1/../../../../arm-none-eabi/lib/thumb/v6-m/libc_nano.a(lib_a-nano-mallocr.o) (_sbrk_r)
[...]
Memory Configuration

Name             Origin             Length             Attributes
RAM              0x0000000020000000 0x0000000000024000 xrw
FLASH            0x0000000008000000 0x0000000000080000 xr
*default*        0x0000000000000000 0xffffffffffffffff

Linker script and memory map

LOAD /opt/st/stm32cubeide_1.5.0/plugins/com.st.stm32cube.ide.mcu.externaltools.gnu-tools-for-stm32.7-2018-q2-update.linux64_1.5.0.202011040924/tools/bin/../lib/gcc/arm-none-eabi/7.3.1/thumb/v6-m/crti.o
LOAD /opt/st/stm32cubeide_1.5.0/plugins/com.st.stm32cube.ide.mcu.externaltools.gnu-tools-for-stm32.7-2018-q2-update.linux64_1.5.0.202011040924/tools/bin/../lib/gcc/arm-none-eabi/7.3.1/thumb/v6-m/crtbegin.o
LOAD /opt/st/stm32cubeide_1.5.0/plugins/com.st.stm32cube.ide.mcu.externaltools.gnu-tools-for-stm32.7-2018-q2-update.linux64_1.5.0.202011040924/tools/bin/../lib/gcc/arm-none-eabi/7.3.1/../../../../arm-none-eabi/lib/thumb/v6-m/crt0.o
LOAD Core/Src/main.o
LOAD Core/Src/stm32g0xx_hal_msp.o
LOAD Core/Src/stm32g0xx_it.o
LOAD Core/Src/syscalls.o
LOAD Core/Src/sysmem.o
LOAD Core/Src/system_stm32g0xx.o
LOAD Core/Startup/startup_stm32g0b1ceux.o
LOAD Drivers/STM32G0xx_HAL_Driver/Src/stm32g0xx_hal.o
LOAD Drivers/STM32G0xx_HAL_Driver/Src/stm32g0xx_hal_cortex.o
LOAD Drivers/STM32G0xx_HAL_Driver/Src/stm32g0xx_hal_dma.o
LOAD Drivers/STM32G0xx_HAL_Driver/Src/stm32g0xx_hal_dma_ex.o
LOAD Drivers/STM32G0xx_HAL_Driver/Src/stm32g0xx_hal_exti.o
LOAD Drivers/STM32G0xx_HAL_Driver/Src/stm32g0xx_hal_flash.o
LOAD Drivers/STM32G0xx_HAL_Driver/Src/stm32g0xx_hal_flash_ex.o
LOAD Drivers/STM32G0xx_HAL_Driver/Src/stm32g0xx_hal_gpio.o
LOAD Drivers/STM32G0xx_HAL_Driver/Src/stm32g0xx_hal_hcd.o
LOAD Drivers/STM32G0xx_HAL_Driver/Src/stm32g0xx_hal_i2c.o
LOAD Drivers/STM32G0xx_HAL_Driver/Src/stm32g0xx_hal_i2c_ex.o
LOAD Drivers/STM32G0xx_HAL_Driver/Src/stm32g0xx_hal_pwr.o
LOAD Drivers/STM32G0xx_HAL_Driver/Src/stm32g0xx_hal_pwr_ex.o
LOAD Drivers/STM32G0xx_HAL_Driver/Src/stm32g0xx_hal_rcc.o
LOAD Drivers/STM32G0xx_HAL_Driver/Src/stm32g0xx_hal_rcc_ex.o
LOAD Drivers/STM32G0xx_HAL_Driver/Src/stm32g0xx_hal_spi.o
LOAD Drivers/STM32G0xx_HAL_Driver/Src/stm32g0xx_hal_spi_ex.o
LOAD Drivers/STM32G0xx_HAL_Driver/Src/stm32g0xx_hal_tim.o
LOAD Drivers/STM32G0xx_HAL_Driver/Src/stm32g0xx_hal_tim_ex.o
LOAD Drivers/STM32G0xx_HAL_Driver/Src/stm32g0xx_ll_dma.o
LOAD Drivers/STM32G0xx_HAL_Driver/Src/stm32g0xx_ll_rcc.o
LOAD Drivers/STM32G0xx_HAL_Driver/Src/stm32g0xx_ll_usb.o
LOAD Middlewares/ST/STM32_USB_Host_Library/Class/MSC/Src/usbh_msc.o
LOAD Middlewares/ST/STM32_USB_Host_Library/Class/MSC/Src/usbh_msc_bot.o
LOAD Middlewares/ST/STM32_USB_Host_Library/Class/MSC/Src/usbh_msc_scsi.o
LOAD Middlewares/ST/STM32_USB_Host_Library/Core/Src/usbh_core.o
LOAD Middlewares/ST/STM32_USB_Host_Library/Core/Src/usbh_ctlreq.o
LOAD Middlewares/ST/STM32_USB_Host_Library/Core/Src/usbh_ioreq.o
LOAD Middlewares/ST/STM32_USB_Host_Library/Core/Src/usbh_pipes.o
LOAD USB_Host/App/usb_host.o
LOAD USB_Host/Target/usbh_conf.o
START GROUP
LOAD /opt/st/stm32cubeide_1.5.0/plugins/com.st.stm32cube.ide.mcu.externaltools.gnu-tools-for-stm32.7-2018-q2-update.linux64_1.5.0.202011040924/tools/bin/../lib/gcc/arm-none-eabi/7.3.1/../../../../arm-none-eabi/lib/thumb/v6-m/libc_nano.a
LOAD /opt/st/stm32cubeide_1.5.0/plugins/com.st.stm32cube.ide.mcu.externaltools.gnu-tools-for-stm32.7-2018-q2-update.linux64_1.5.0.202011040924/tools/bin/../lib/gcc/arm-none-eabi/7.3.1/../../../../arm-none-eabi/lib/thumb/v6-m/libm.a
END GROUP
START GROUP
LOAD /opt/st/stm32cubeide_1.5.0/plugins/com.st.stm32cube.ide.mcu.externaltools.gnu-tools-for-stm32.7-2018-q2-update.linux64_1.5.0.202011040924/tools/bin/../lib/gcc/arm-none-eabi/7.3.1/thumb/v6-m/libgcc.a
LOAD /opt/st/stm32cubeide_1.5.0/plugins/com.st.stm32cube.ide.mcu.externaltools.gnu-tools-for-stm32.7-2018-q2-update.linux64_1.5.0.202011040924/tools/bin/../lib/gcc/arm-none-eabi/7.3.1/../../../../arm-none-eabi/lib/thumb/v6-m/libc_nano.a
END GROUP
START GROUP
LOAD /opt/st/stm32cubeide_1.5.0/plugins/com.st.stm32cube.ide.mcu.externaltools.gnu-tools-for-stm32.7-2018-q2-update.linux64_1.5.0.202011040924/tools/bin/../lib/gcc/arm-none-eabi/7.3.1/thumb/v6-m/libgcc.a
LOAD /opt/st/stm32cubeide_1.5.0/plugins/com.st.stm32cube.ide.mcu.externaltools.gnu-tools-for-stm32.7-2018-q2-update.linux64_1.5.0.202011040924/tools/bin/../lib/gcc/arm-none-eabi/7.3.1/../../../../arm-none-eabi/lib/thumb/v6-m/libc_nano.a
LOAD /opt/st/stm32cubeide_1.5.0/plugins/com.st.stm32cube.ide.mcu.externaltools.gnu-tools-for-stm32.7-2018-q2-update.linux64_1.5.0.202011040924/tools/bin/../lib/gcc/arm-none-eabi/7.3.1/../../../../arm-none-eabi/lib/thumb/v6-m/libnosys.a
END GROUP
START GROUP
LOAD /opt/st/stm32cubeide_1.5.0/plugins/com.st.stm32cube.ide.mcu.externaltools.gnu-tools-for-stm32.7-2018-q2-update.linux64_1.5.0.202011040924/tools/bin/../lib/gcc/arm-none-eabi/7.3.1/thumb/v6-m/libgcc.a
LOAD /opt/st/stm32cubeide_1.5.0/plugins/com.st.stm32cube.ide.mcu.externaltools.gnu-tools-for-stm32.7-2018-q2-update.linux64_1.5.0.202011040924/tools/bin/../lib/gcc/arm-none-eabi/7.3.1/../../../../arm-none-eabi/lib/thumb/v6-m/libc_nano.a
LOAD /opt/st/stm32cubeide_1.5.0/plugins/com.st.stm32cube.ide.mcu.externaltools.gnu-tools-for-stm32.7-2018-q2-update.linux64_1.5.0.202011040924/tools/bin/../lib/gcc/arm-none-eabi/7.3.1/../../../../arm-none-eabi/lib/thumb/v6-m/libnosys.a
END GROUP
LOAD /opt/st/stm32cubeide_1.5.0/plugins/com.st.stm32cube.ide.mcu.externaltools.gnu-tools-for-stm32.7-2018-q2-update.linux64_1.5.0.202011040924/tools/bin/../lib/gcc/arm-none-eabi/7.3.1/thumb/v6-m/crtend.o
LOAD /opt/st/stm32cubeide_1.5.0/plugins/com.st.stm32cube.ide.mcu.externaltools.gnu-tools-for-stm32.7-2018-q2-update.linux64_1.5.0.202011040924/tools/bin/../lib/gcc/arm-none-eabi/7.3.1/thumb/v6-m/crtn.o
                0x0000000020024000                _estack = (ORIGIN (RAM) + LENGTH (RAM))
                0x0000000000000200                _Min_Heap_Size = 0x200
                0x0000000000000400                _Min_Stack_Size = 0x400

.isr_vector     0x0000000008000000       0xbc
                0x0000000008000000                . = ALIGN (0x4)
 *(.isr_vector)
 .isr_vector    0x0000000008000000       0xbc Core/Startup/startup_stm32g0b1ceux.o
                0x0000000008000000                g_pfnVectors
                0x00000000080000bc                . = ALIGN (0x4)

.text           0x00000000080000bc     0x7dc4
                0x00000000080000bc                . = ALIGN (0x4)
 *(.text)
 .text          0x00000000080000bc       0x48 /opt/st/stm32cubeide_1.5.0/plugins/com.st.stm32cube.ide.mcu.externaltools.gnu-tools-for-stm32.7-2018-q2-update.linux64_1.5.0.202011040924/tools/bin/../lib/gcc/arm-none-eabi/7.3.1/thumb/v6-m/crtbegin.o
 .text          0x0000000008000104      0x114 /opt/st/stm32cubeide_1.5.0/plugins/com.st.stm32cube.ide.mcu.externaltools.gnu-tools-for-stm32.7-2018-q2-update.linux64_1.5.0.202011040924/tools/bin/../lib/gcc/arm-none-eabi/7.3.1/thumb/v6-m/libgcc.a(_udivsi3.o)
                0x0000000008000104                __udivsi3
                0x0000000008000104                __aeabi_uidiv
                0x0000000008000210                __aeabi_uidivmod
 .text          0x0000000008000218        0x4 /opt/st/stm32cubeide_1.5.0/plugins/com.st.stm32cube.ide.mcu.externaltools.gnu-tools-for-stm32.7-2018-q2-update.linux64_1.5.0.202011040924/tools/bin/../lib/gcc/arm-none-eabi/7.3.1/thumb/v6-m/libgcc.a(_dvmd_tls.o)
                0x0000000008000218                __aeabi_ldiv0
                0x0000000008000218                __aeabi_idiv0
 *(.text*)
 .text.main     0x000000000800021c       0x22 Core/Src/main.o
                0x000000000800021c                main
 *fill*         0x000000000800023e        0x2 
 .text.SystemClock_Config
                0x0000000008000240       0xfc Core/Src/main.o
                0x0000000008000240                SystemClock_Config
 .text.MX_I2C1_Init
                0x000000000800033c       0x80 Core/Src/main.o
 .text.MX_SPI1_Init
                0x00000000080003bc       0x7c Core/Src/main.o
 .text.MX_GPIO_Init
                0x0000000008000438       0x9c Core/Src/main.o
 .text.Error_Handler
                0x00000000080004d4        0x8 Core/Src/main.o
                0x00000000080004d4                Error_Handler
 .text.HAL_MspInit
                0x00000000080004dc       0x50 Core/Src/stm32g0xx_hal_msp.o
                0x00000000080004dc                HAL_MspInit
 .text.HAL_I2C_MspInit
                0x000000000800052c       0x98 Core/Src/stm32g0xx_hal_msp.o
                0x000000000800052c                HAL_I2C_MspInit
 .text.HAL_SPI_MspInit
                0x00000000080005c4       0x94 Core/Src/stm32g0xx_hal_msp.o
                0x00000000080005c4                HAL_SPI_MspInit
 .text.NMI_Handler
                0x0000000008000658        0x6 Core/Src/stm32g0xx_it.o
                0x0000000008000658                NMI_Handler
 .text.HardFault_Handler
                0x000000000800065e        0x6 Core/Src/stm32g0xx_it.o
                0x000000000800065e                HardFault_Handler
 .text.SVC_Handler
                0x0000000008000664        0xa Core/Src/stm32g0xx_it.o
                0x0000000008000664                SVC_Handler
 .text.PendSV_Handler
                0x000000000800066e        0xa Core/Src/stm32g0xx_it.o
                0x000000000800066e                PendSV_Handler
 .text.SysTick_Handler
                0x0000000008000678        0xe Core/Src/stm32g0xx_it.o
                0x0000000008000678                SysTick_Handler
 *fill*         0x0000000008000686        0x2 
 .text._sbrk    0x0000000008000688       0x6c Core/Src/sysmem.o
                0x0000000008000688                _sbrk
 .text.SystemInit
                0x00000000080006f4       0x18 Core/Src/system_stm32g0xx.o
                0x00000000080006f4                SystemInit
 .text.Reset_Handler
                0x000000000800070c       0x50 Core/Startup/startup_stm32g0b1ceux.o
                0x000000000800070c                Reset_Handler
 .text.Default_Handler
                0x000000000800075c        0x2 Core/Startup/startup_stm32g0b1ceux.o
                0x000000000800075c                I2C2_3_IRQHandler
                0x000000000800075c                USART3_4_5_6_LPUART1_IRQHandler
                0x000000000800075c                TIM1_CC_IRQHandler
                0x000000000800075c                ADC1_COMP_IRQHandler
                0x000000000800075c                I2C1_IRQHandler
                0x000000000800075c                TIM7_LPTIM2_IRQHandler
                0x000000000800075c                TIM17_FDCAN_IT1_IRQHandler
                0x000000000800075c                DMA1_Ch4_7_DMA2_Ch1_5_DMAMUX1_OVR_IRQHandler
                0x000000000800075c                RCC_CRS_IRQHandler
                0x000000000800075c                RTC_TAMP_IRQHandler
                0x000000000800075c                SPI1_IRQHandler
                0x000000000800075c                USB_UCPD1_2_IRQHandler
                0x000000000800075c                EXTI2_3_IRQHandler
                0x000000000800075c                USART2_LPUART2_IRQHandler
                0x000000000800075c                PVD_VDDIO2_IRQHandler
                0x000000000800075c                EXTI4_15_IRQHandler
                0x000000000800075c                DMA1_Channel1_IRQHandler
                0x000000000800075c                Default_Handler
                0x000000000800075c                CEC_IRQHandler
                0x000000000800075c                TIM14_IRQHandler
                0x000000000800075c                TIM15_IRQHandler
                0x000000000800075c                TIM3_TIM4_IRQHandler
                0x000000000800075c                EXTI0_1_IRQHandler
                0x000000000800075c                SPI2_3_IRQHandler
                0x000000000800075c                TIM6_DAC_LPTIM1_IRQHandler
                0x000000000800075c                WWDG_IRQHandler
                0x000000000800075c                TIM2_IRQHandler
                0x000000000800075c                DMA1_Channel2_3_IRQHandler
                0x000000000800075c                FLASH_IRQHandler
                0x000000000800075c                USART1_IRQHandler
                0x000000000800075c                TIM16_FDCAN_IT0_IRQHandler
                0x000000000800075c                TIM1_BRK_UP_TRG_COM_IRQHandler
 *fill*         0x000000000800075e        0x2 
 .text.HAL_Init
                0x0000000008000760       0x40 Drivers/STM32G0xx_HAL_Driver/Src/stm32g0xx_hal.o
                0x0000000008000760                HAL_Init
 .text.HAL_InitTick
                0x00000000080007a0       0x94 Drivers/STM32G0xx_HAL_Driver/Src/stm32g0xx_hal.o
                0x00000000080007a0                HAL_InitTick
 .text.HAL_IncTick
                0x0000000008000834       0x24 Drivers/STM32G0xx_HAL_Driver/Src/stm32g0xx_hal.o
                0x0000000008000834                HAL_IncTick
 .text.HAL_GetTick
                0x0000000008000858       0x14 Drivers/STM32G0xx_HAL_Driver/Src/stm32g0xx_hal.o
                0x0000000008000858                HAL_GetTick
 .text.HAL_Delay
                0x000000000800086c       0x44 Drivers/STM32G0xx_HAL_Driver/Src/stm32g0xx_hal.o
                0x000000000800086c                HAL_Delay
 .text.HAL_SYSCFG_StrobeDBattpinsConfig
                0x00000000080008b0       0x2c Drivers/STM32G0xx_HAL_Driver/Src/stm32g0xx_hal.o
                0x00000000080008b0                HAL_SYSCFG_StrobeDBattpinsConfig
 .text.__NVIC_SetPriority
                0x00000000080008dc       0xdc Drivers/STM32G0xx_HAL_Driver/Src/stm32g0xx_hal_cortex.o
 .text.SysTick_Config
                0x00000000080009b8       0x48 Drivers/STM32G0xx_HAL_Driver/Src/stm32g0xx_hal_cortex.o
 .text.HAL_NVIC_SetPriority
                0x0000000008000a00       0x2a Drivers/STM32G0xx_HAL_Driver/Src/stm32g0xx_hal_cortex.o
                0x0000000008000a00                HAL_NVIC_SetPriority
 .text.HAL_SYSTICK_Config
                0x0000000008000a2a       0x1a Drivers/STM32G0xx_HAL_Driver/Src/stm32g0xx_hal_cortex.o
                0x0000000008000a2a                HAL_SYSTICK_Config
 .text.HAL_GPIO_Init
                0x0000000008000a44      0x2d8 Drivers/STM32G0xx_HAL_Driver/Src/stm32g0xx_hal_gpio.o
                0x0000000008000a44                HAL_GPIO_Init
 .text.HAL_HCD_Init
                0x0000000008000d1c       0xdc Drivers/STM32G0xx_HAL_Driver/Src/stm32g0xx_hal_hcd.o
                0x0000000008000d1c                HAL_HCD_Init
 .text.HAL_HCD_HC_Init
                0x0000000008000df8      0x39c Drivers/STM32G0xx_HAL_Driver/Src/stm32g0xx_hal_hcd.o
                0x0000000008000df8                HAL_HCD_HC_Init
 .text.HAL_HCD_HC_Halt
                0x0000000008001194       0xb0 Drivers/STM32G0xx_HAL_Driver/Src/stm32g0xx_hal_hcd.o
                0x0000000008001194                HAL_HCD_HC_Halt
 .text.HAL_HCD_HC_SubmitRequest
                0x0000000008001244      0x382 Drivers/STM32G0xx_HAL_Driver/Src/stm32g0xx_hal_hcd.o
                0x0000000008001244                HAL_HCD_HC_SubmitRequest
 *fill*         0x00000000080015c6        0x2 
 .text.HAL_HCD_Start
                0x00000000080015c8       0x68 Drivers/STM32G0xx_HAL_Driver/Src/stm32g0xx_hal_hcd.o
                0x00000000080015c8                HAL_HCD_Start
 .text.HAL_HCD_ResetPort
                0x0000000008001630       0x54 Drivers/STM32G0xx_HAL_Driver/Src/stm32g0xx_hal_hcd.o
                0x0000000008001630                HAL_HCD_ResetPort
 .text.HAL_HCD_HC_GetURBState
                0x0000000008001684       0x2c Drivers/STM32G0xx_HAL_Driver/Src/stm32g0xx_hal_hcd.o
                0x0000000008001684                HAL_HCD_HC_GetURBState
 .text.HAL_HCD_HC_GetXferCount
                0x00000000080016b0       0x2a Drivers/STM32G0xx_HAL_Driver/Src/stm32g0xx_hal_hcd.o
                0x00000000080016b0                HAL_HCD_HC_GetXferCount
 .text.HAL_HCD_GetCurrentFrame
                0x00000000080016da       0x1c Drivers/STM32G0xx_HAL_Driver/Src/stm32g0xx_hal_hcd.o
                0x00000000080016da                HAL_HCD_GetCurrentFrame
 .text.HAL_HCD_GetCurrentSpeed
                0x00000000080016f6       0x1c Drivers/STM32G0xx_HAL_Driver/Src/stm32g0xx_hal_hcd.o
                0x00000000080016f6                HAL_HCD_GetCurrentSpeed
 .text.HAL_HCD_Check_usedChannel
                0x0000000008001712       0xd8 Drivers/STM32G0xx_HAL_Driver/Src/stm32g0xx_hal_hcd.o
 .text.HAL_HCD_Get_FreePhyChannel
                0x00000000080017ea      0x214 Drivers/STM32G0xx_HAL_Driver/Src/stm32g0xx_hal_hcd.o
 *fill*         0x00000000080019fe        0x2 
 .text.HAL_HCD_GetFreePMA
                0x0000000008001a00      0x28c Drivers/STM32G0xx_HAL_Driver/Src/stm32g0xx_hal_hcd.o
 .text.HAL_HCD_PMAlloc
                0x0000000008001c8c      0x150 Drivers/STM32G0xx_HAL_Driver/Src/stm32g0xx_hal_hcd.o
                0x0000000008001c8c                HAL_HCD_PMAlloc
 .text.HAL_HCD_PMAReset
                0x0000000008001ddc       0x86 Drivers/STM32G0xx_HAL_Driver/Src/stm32g0xx_hal_hcd.o
                0x0000000008001ddc                HAL_HCD_PMAReset
 .text.HAL_HCD_PMAFree
                0x0000000008001e62      0x174 Drivers/STM32G0xx_HAL_Driver/Src/stm32g0xx_hal_hcd.o
 *fill*         0x0000000008001fd6        0x2 
 .text.HAL_I2C_Init
                0x0000000008001fd8      0x12c Drivers/STM32G0xx_HAL_Driver/Src/stm32g0xx_hal_i2c.o
                0x0000000008001fd8                HAL_I2C_Init
 .text.HAL_I2CEx_ConfigAnalogFilter
                0x0000000008002104       0x98 Drivers/STM32G0xx_HAL_Driver/Src/stm32g0xx_hal_i2c_ex.o
                0x0000000008002104                HAL_I2CEx_ConfigAnalogFilter
 .text.HAL_I2CEx_ConfigDigitalFilter
                0x000000000800219c       0x98 Drivers/STM32G0xx_HAL_Driver/Src/stm32g0xx_hal_i2c_ex.o
                0x000000000800219c                HAL_I2CEx_ConfigDigitalFilter
 .text.HAL_PWREx_ControlVoltageScaling
                0x0000000008002234       0x80 Drivers/STM32G0xx_HAL_Driver/Src/stm32g0xx_hal_pwr_ex.o
                0x0000000008002234                HAL_PWREx_ControlVoltageScaling
 .text.HAL_RCC_OscConfig
                0x00000000080022b4      0x6cc Drivers/STM32G0xx_HAL_Driver/Src/stm32g0xx_hal_rcc.o
                0x00000000080022b4                HAL_RCC_OscConfig
 .text.HAL_RCC_ClockConfig
                0x0000000008002980      0x210 Drivers/STM32G0xx_HAL_Driver/Src/stm32g0xx_hal_rcc.o
                0x0000000008002980                HAL_RCC_ClockConfig
 .text.HAL_RCC_GetSysClockFreq
                0x0000000008002b90      0x104 Drivers/STM32G0xx_HAL_Driver/Src/stm32g0xx_hal_rcc.o
                0x0000000008002b90                HAL_RCC_GetSysClockFreq
 .text.HAL_RCCEx_PeriphCLKConfig
                0x0000000008002c94      0x47c Drivers/STM32G0xx_HAL_Driver/Src/stm32g0xx_hal_rcc_ex.o
                0x0000000008002c94                HAL_RCCEx_PeriphCLKConfig
 .text.HAL_SPI_Init
                0x0000000008003110      0x170 Drivers/STM32G0xx_HAL_Driver/Src/stm32g0xx_hal_spi.o
                0x0000000008003110                HAL_SPI_Init
 .text.USB_CoreReset
                0x0000000008003280       0x2a Drivers/STM32G0xx_HAL_Driver/Src/stm32g0xx_ll_usb.o
 .text.USB_CoreInit
                0x00000000080032aa       0x42 Drivers/STM32G0xx_HAL_Driver/Src/stm32g0xx_ll_usb.o
                0x00000000080032aa                USB_CoreInit
 .text.USB_DisableGlobalInt
                0x00000000080032ec       0x28 Drivers/STM32G0xx_HAL_Driver/Src/stm32g0xx_ll_usb.o
                0x00000000080032ec                USB_DisableGlobalInt
 .text.USB_SetCurrentMode
                0x0000000008003314       0x3c Drivers/STM32G0xx_HAL_Driver/Src/stm32g0xx_ll_usb.o
                0x0000000008003314                USB_SetCurrentMode
 .text.USB_WritePMA
                0x0000000008003350       0xf0 Drivers/STM32G0xx_HAL_Driver/Src/stm32g0xx_ll_usb.o
                0x0000000008003350                USB_WritePMA
 .text.USB_HostInit
                0x0000000008003440       0x78 Drivers/STM32G0xx_HAL_Driver/Src/stm32g0xx_ll_usb.o
                0x0000000008003440                USB_HostInit
 .text.USB_ResetPort
                0x00000000080034b8       0x38 Drivers/STM32G0xx_HAL_Driver/Src/stm32g0xx_ll_usb.o
                0x00000000080034b8                USB_ResetPort
 .text.USB_GetHostSpeed
                0x00000000080034f0       0x22 Drivers/STM32G0xx_HAL_Driver/Src/stm32g0xx_ll_usb.o
                0x00000000080034f0                USB_GetHostSpeed
 .text.USB_GetCurrentFrame
                0x0000000008003512       0x18 Drivers/STM32G0xx_HAL_Driver/Src/stm32g0xx_ll_usb.o
                0x0000000008003512                USB_GetCurrentFrame
 *fill*         0x000000000800352a        0x2 
 .text.USB_HC_DoubleBuffer
                0x000000000800352c       0x68 Drivers/STM32G0xx_HAL_Driver/Src/stm32g0xx_ll_usb.o
                0x000000000800352c                USB_HC_DoubleBuffer
 .text.USB_HC_Init
                0x0000000008003594      0x1ec Drivers/STM32G0xx_HAL_Driver/Src/stm32g0xx_ll_usb.o
                0x0000000008003594                USB_HC_Init
 .text.USB_HC_StartXfer
                0x0000000008003780      0x7f0 Drivers/STM32G0xx_HAL_Driver/Src/stm32g0xx_ll_usb.o
                0x0000000008003780                USB_HC_StartXfer
 .text.USB_HC_ISO_DB_StartXfer
                0x0000000008003f70      0x578 Drivers/STM32G0xx_HAL_Driver/Src/stm32g0xx_ll_usb.o
 .text.USB_HC_BULK_DB_StartXfer
                0x00000000080044e8      0x3d8 Drivers/STM32G0xx_HAL_Driver/Src/stm32g0xx_ll_usb.o
 .text.USB_HC_IN_Halt
                0x00000000080048c0       0x44 Drivers/STM32G0xx_HAL_Driver/Src/stm32g0xx_ll_usb.o
                0x00000000080048c0                USB_HC_IN_Halt
 .text.USB_HC_OUT_Halt
                0x0000000008004904       0x44 Drivers/STM32G0xx_HAL_Driver/Src/stm32g0xx_ll_usb.o
                0x0000000008004904                USB_HC_OUT_Halt
 .text.USBH_MSC_InterfaceInit
                0x0000000008004948      0x260 Middlewares/ST/STM32_USB_Host_Library/Class/MSC/Src/usbh_msc.o
 .text.USBH_MSC_InterfaceDeInit
                0x0000000008004ba8       0x9c Middlewares/ST/STM32_USB_Host_Library/Class/MSC/Src/usbh_msc.o
 .text.USBH_MSC_ClassRequest
                0x0000000008004c44       0xf4 Middlewares/ST/STM32_USB_Host_Library/Class/MSC/Src/usbh_msc.o
 .text.USBH_MSC_Process
                0x0000000008004d38      0x558 Middlewares/ST/STM32_USB_Host_Library/Class/MSC/Src/usbh_msc.o
 .text.USBH_MSC_SOFProcess
                0x0000000008005290       0x12 Middlewares/ST/STM32_USB_Host_Library/Class/MSC/Src/usbh_msc.o
 .text.USBH_MSC_BOT_REQ_Reset
                0x00000000080052a2       0x3c Middlewares/ST/STM32_USB_Host_Library/Class/MSC/Src/usbh_msc_bot.o
                0x00000000080052a2                USBH_MSC_BOT_REQ_Reset
 .text.USBH_MSC_BOT_REQ_GetMaxLUN
                0x00000000080052de       0x3e Middlewares/ST/STM32_USB_Host_Library/Class/MSC/Src/usbh_msc_bot.o
                0x00000000080052de                USBH_MSC_BOT_REQ_GetMaxLUN
 .text.USBH_MSC_BOT_Init
                0x000000000800531c       0x44 Middlewares/ST/STM32_USB_Host_Library/Class/MSC/Src/usbh_msc_bot.o
                0x000000000800531c                USBH_MSC_BOT_Init
 .text.USBH_MSC_BOT_Process
                0x0000000008005360      0x40c Middlewares/ST/STM32_USB_Host_Library/Class/MSC/Src/usbh_msc_bot.o
                0x0000000008005360                USBH_MSC_BOT_Process
 .text.USBH_MSC_BOT_Abort
                0x000000000800576c       0x78 Middlewares/ST/STM32_USB_Host_Library/Class/MSC/Src/usbh_msc_bot.o
 .text.USBH_MSC_DecodeCSW
                0x00000000080057e4       0xa8 Middlewares/ST/STM32_USB_Host_Library/Class/MSC/Src/usbh_msc_bot.o
 .text.USBH_MSC_SCSI_TestUnitReady
                0x000000000800588c       0x9e Middlewares/ST/STM32_USB_Host_Library/Class/MSC/Src/usbh_msc_scsi.o
                0x000000000800588c                USBH_MSC_SCSI_TestUnitReady
 .text.USBH_MSC_SCSI_ReadCapacity
                0x000000000800592a      0x116 Middlewares/ST/STM32_USB_Host_Library/Class/MSC/Src/usbh_msc_scsi.o
                0x000000000800592a                USBH_MSC_SCSI_ReadCapacity
 .text.USBH_MSC_SCSI_Inquiry
                0x0000000008005a40      0x174 Middlewares/ST/STM32_USB_Host_Library/Class/MSC/Src/usbh_msc_scsi.o
                0x0000000008005a40                USBH_MSC_SCSI_Inquiry
 .text.USBH_MSC_SCSI_RequestSense
                0x0000000008005bb4      0x114 Middlewares/ST/STM32_USB_Host_Library/Class/MSC/Src/usbh_msc_scsi.o
                0x0000000008005bb4                USBH_MSC_SCSI_RequestSense
 .text.USBH_Init
                0x0000000008005cc8       0x90 Middlewares/ST/STM32_USB_Host_Library/Core/Src/usbh_core.o
                0x0000000008005cc8                USBH_Init
 .text.DeInitStateMachine
                0x0000000008005d58       0xbc Middlewares/ST/STM32_USB_Host_Library/Core/Src/usbh_core.o
 .text.USBH_RegisterClass
                0x0000000008005e14       0x6a Middlewares/ST/STM32_USB_Host_Library/Core/Src/usbh_core.o
                0x0000000008005e14                USBH_RegisterClass
 .text.USBH_SelectInterface
                0x0000000008005e7e       0x4a Middlewares/ST/STM32_USB_Host_Library/Core/Src/usbh_core.o
                0x0000000008005e7e                USBH_SelectInterface
 .text.USBH_FindInterface
                0x0000000008005ec8       0xb2 Middlewares/ST/STM32_USB_Host_Library/Core/Src/usbh_core.o
                0x0000000008005ec8                USBH_FindInterface
 .text.USBH_Start
                0x0000000008005f7a       0x24 Middlewares/ST/STM32_USB_Host_Library/Core/Src/usbh_core.o
                0x0000000008005f7a                USBH_Start
 *fill*         0x0000000008005f9e        0x2 
 .text.USBH_Process
                0x0000000008005fa0      0x450 Middlewares/ST/STM32_USB_Host_Library/Core/Src/usbh_core.o
                0x0000000008005fa0                USBH_Process
 .text.USBH_HandleEnum
                0x00000000080063f0      0x464 Middlewares/ST/STM32_USB_Host_Library/Core/Src/usbh_core.o
 .text.USBH_LL_SetTimer
                0x0000000008006854       0x1c Middlewares/ST/STM32_USB_Host_Library/Core/Src/usbh_core.o
                0x0000000008006854                USBH_LL_SetTimer
 .text.USBH_Get_DevDesc
                0x0000000008006870       0x68 Middlewares/ST/STM32_USB_Host_Library/Core/Src/usbh_ctlreq.o
                0x0000000008006870                USBH_Get_DevDesc
 .text.USBH_Get_CfgDesc
                0x00000000080068d8       0x5c Middlewares/ST/STM32_USB_Host_Library/Core/Src/usbh_ctlreq.o
                0x00000000080068d8                USBH_Get_CfgDesc
 .text.USBH_Get_StringDesc
                0x0000000008006934       0x78 Middlewares/ST/STM32_USB_Host_Library/Core/Src/usbh_ctlreq.o
                0x0000000008006934                USBH_Get_StringDesc
 .text.USBH_GetDescriptor
                0x00000000080069ac       0x90 Middlewares/ST/STM32_USB_Host_Library/Core/Src/usbh_ctlreq.o
                0x00000000080069ac                USBH_GetDescriptor
 .text.USBH_SetAddress
                0x0000000008006a3c       0x4e Middlewares/ST/STM32_USB_Host_Library/Core/Src/usbh_ctlreq.o
                0x0000000008006a3c                USBH_SetAddress
 .text.USBH_SetCfg
                0x0000000008006a8a       0x4c Middlewares/ST/STM32_USB_Host_Library/Core/Src/usbh_ctlreq.o
                0x0000000008006a8a                USBH_SetCfg
 .text.USBH_SetFeature
                0x0000000008006ad6       0x4e Middlewares/ST/STM32_USB_Host_Library/Core/Src/usbh_ctlreq.o
                0x0000000008006ad6                USBH_SetFeature
 .text.USBH_ClrFeature
                0x0000000008006b24       0x4e Middlewares/ST/STM32_USB_Host_Library/Core/Src/usbh_ctlreq.o
                0x0000000008006b24                USBH_ClrFeature
 .text.USBH_ParseDevDesc
                0x0000000008006b72       0xde Middlewares/ST/STM32_USB_Host_Library/Core/Src/usbh_ctlreq.o
 .text.USBH_ParseCfgDesc
                0x0000000008006c50      0x186 Middlewares/ST/STM32_USB_Host_Library/Core/Src/usbh_ctlreq.o
 .text.USBH_ParseInterfaceDesc
                0x0000000008006dd6       0x5a Middlewares/ST/STM32_USB_Host_Library/Core/Src/usbh_ctlreq.o
 .text.USBH_ParseEPDesc
                0x0000000008006e30       0x56 Middlewares/ST/STM32_USB_Host_Library/Core/Src/usbh_ctlreq.o
 .text.USBH_ParseStringDesc
                0x0000000008006e86       0x7c Middlewares/ST/STM32_USB_Host_Library/Core/Src/usbh_ctlreq.o
 .text.USBH_GetNextDesc
                0x0000000008006f02       0x32 Middlewares/ST/STM32_USB_Host_Library/Core/Src/usbh_ctlreq.o
                0x0000000008006f02                USBH_GetNextDesc
 .text.USBH_CtlReq
                0x0000000008006f34       0x98 Middlewares/ST/STM32_USB_Host_Library/Core/Src/usbh_ctlreq.o
                0x0000000008006f34                USBH_CtlReq
 .text.USBH_HandleControl
                0x0000000008006fcc      0x360 Middlewares/ST/STM32_USB_Host_Library/Core/Src/usbh_ctlreq.o
 .text.USBH_CtlSendSetup
                0x000000000800732c       0x36 Middlewares/ST/STM32_USB_Host_Library/Core/Src/usbh_ioreq.o
                0x000000000800732c                USBH_CtlSendSetup
 *fill*         0x0000000008007362        0x2 
 .text.USBH_CtlSendData
                0x0000000008007364       0x5c Middlewares/ST/STM32_USB_Host_Library/Core/Src/usbh_ioreq.o
                0x0000000008007364                USBH_CtlSendData
 .text.USBH_CtlReceiveData
                0x00000000080073c0       0x40 Middlewares/ST/STM32_USB_Host_Library/Core/Src/usbh_ioreq.o
                0x00000000080073c0                USBH_CtlReceiveData
 .text.USBH_BulkSendData
                0x0000000008007400       0x5c Middlewares/ST/STM32_USB_Host_Library/Core/Src/usbh_ioreq.o
                0x0000000008007400                USBH_BulkSendData
 .text.USBH_BulkReceiveData
                0x000000000800745c       0x40 Middlewares/ST/STM32_USB_Host_Library/Core/Src/usbh_ioreq.o
                0x000000000800745c                USBH_BulkReceiveData
 .text.USBH_OpenPipe
                0x000000000800749c       0x56 Middlewares/ST/STM32_USB_Host_Library/Core/Src/usbh_pipes.o
                0x000000000800749c                USBH_OpenPipe
 .text.USBH_ClosePipe
                0x00000000080074f2       0x26 Middlewares/ST/STM32_USB_Host_Library/Core/Src/usbh_pipes.o
                0x00000000080074f2                USBH_ClosePipe
 .text.USBH_AllocPipe
                0x0000000008007518       0x5c Middlewares/ST/STM32_USB_Host_Library/Core/Src/usbh_pipes.o
                0x0000000008007518                USBH_AllocPipe
 .text.USBH_FreePipe
                0x0000000008007574       0x44 Middlewares/ST/STM32_USB_Host_Library/Core/Src/usbh_pipes.o
                0x0000000008007574                USBH_FreePipe
 .text.USBH_GetFreePipe
                0x00000000080075b8       0x60 Middlewares/ST/STM32_USB_Host_Library/Core/Src/usbh_pipes.o
 .text.MX_USB_Host_Init
                0x0000000008007618       0x50 USB_Host/App/usb_host.o
                0x0000000008007618                MX_USB_Host_Init
 .text.MX_USB_HOST_Process
                0x0000000008007668       0x18 USB_Host/App/usb_host.o
                0x0000000008007668                MX_USB_HOST_Process
 .text.USBH_UserProcess
                0x0000000008007680       0x50 USB_Host/App/usb_host.o
 .text.HAL_HCD_MspInit
                0x00000000080076d0       0x40 USB_Host/Target/usbh_conf.o
                0x00000000080076d0                HAL_HCD_MspInit
 .text.USBH_LL_Init
                0x0000000008007710       0xa8 USB_Host/Target/usbh_conf.o
                0x0000000008007710                USBH_LL_Init
 .text.USBH_LL_Start
                0x00000000080077b8       0x4c USB_Host/Target/usbh_conf.o
                0x00000000080077b8                USBH_LL_Start
 .text.USBH_LL_GetSpeed
                0x0000000008007804       0x62 USB_Host/Target/usbh_conf.o
                0x0000000008007804                USBH_LL_GetSpeed
 .text.USBH_LL_ResetPort
                0x0000000008007866       0x4c USB_Host/Target/usbh_conf.o
                0x0000000008007866                USBH_LL_ResetPort
 .text.USBH_LL_GetLastXferSize
                0x00000000080078b2       0x2c USB_Host/Target/usbh_conf.o
                0x00000000080078b2                USBH_LL_GetLastXferSize
 .text.USBH_LL_OpenPipe
                0x00000000080078de       0xa4 USB_Host/Target/usbh_conf.o
                0x00000000080078de                USBH_LL_OpenPipe
 .text.USBH_LL_ClosePipe
                0x0000000008007982       0x58 USB_Host/Target/usbh_conf.o
                0x0000000008007982                USBH_LL_ClosePipe
 .text.USBH_LL_SubmitURB
                0x00000000080079da       0xa8 USB_Host/Target/usbh_conf.o
                0x00000000080079da                USBH_LL_SubmitURB
 .text.USBH_LL_GetURBState
                0x0000000008007a82       0x2c USB_Host/Target/usbh_conf.o
                0x0000000008007a82                USBH_LL_GetURBState
 .text.USBH_LL_DriverVBUS
                0x0000000008007aae       0x1e USB_Host/Target/usbh_conf.o
                0x0000000008007aae                USBH_LL_DriverVBUS
 .text.USBH_LL_SetToggle
                0x0000000008007acc       0x7c USB_Host/Target/usbh_conf.o
                0x0000000008007acc                USBH_LL_SetToggle
 .text.USBH_LL_GetToggle
                0x0000000008007b48       0x82 USB_Host/Target/usbh_conf.o
                0x0000000008007b48                USBH_LL_GetToggle
 .text.USBH_Delay
                0x0000000008007bca       0x18 USB_Host/Target/usbh_conf.o
                0x0000000008007bca                USBH_Delay
 .text.USBH_Get_USB_Status
                0x0000000008007be2       0x6e USB_Host/Target/usbh_conf.o
                0x0000000008007be2                USBH_Get_USB_Status
 .text.__errno  0x0000000008007c50        0xc /opt/st/stm32cubeide_1.5.0/plugins/com.st.stm32cube.ide.mcu.externaltools.gnu-tools-for-stm32.7-2018-q2-update.linux64_1.5.0.202011040924/tools/bin/../lib/gcc/arm-none-eabi/7.3.1/../../../../arm-none-eabi/lib/thumb/v6-m/libc_nano.a(lib_a-errno.o)
                0x0000000008007c50                __errno
 .text.__libc_init_array
                0x0000000008007c5c       0x48 /opt/st/stm32cubeide_1.5.0/plugins/com.st.stm32cube.ide.mcu.externaltools.gnu-tools-for-stm32.7-2018-q2-update.linux64_1.5.0.202011040924/tools/bin/../lib/gcc/arm-none-eabi/7.3.1/../../../../arm-none-eabi/lib/thumb/v6-m/libc_nano.a(lib_a-init.o)
                0x0000000008007c5c                __libc_init_array
 .text.malloc   0x0000000008007ca4       0x14 /opt/st/stm32cubeide_1.5.0/plugins/com.st.stm32cube.ide.mcu.externaltools.gnu-tools-for-stm32.7-2018-q2-update.linux64_1.5.0.202011040924/tools/bin/../lib/gcc/arm-none-eabi/7.3.1/../../../../arm-none-eabi/lib/thumb/v6-m/libc_nano.a(lib_a-malloc.o)
                0x0000000008007ca4                malloc
 .text.free     0x0000000008007cb8       0x14 /opt/st/stm32cubeide_1.5.0/plugins/com.st.stm32cube.ide.mcu.externaltools.gnu-tools-for-stm32.7-2018-q2-update.linux64_1.5.0.202011040924/tools/bin/../lib/gcc/arm-none-eabi/7.3.1/../../../../arm-none-eabi/lib/thumb/v6-m/libc_nano.a(lib_a-malloc.o)
                0x0000000008007cb8                free
 .text.memcpy   0x0000000008007ccc       0x12 /opt/st/stm32cubeide_1.5.0/plugins/com.st.stm32cube.ide.mcu.externaltools.gnu-tools-for-stm32.7-2018-q2-update.linux64_1.5.0.202011040924/tools/bin/../lib/gcc/arm-none-eabi/7.3.1/../../../../arm-none-eabi/lib/thumb/v6-m/libc_nano.a(lib_a-memcpy-stub.o)
                0x0000000008007ccc                memcpy
 .text.memset   0x0000000008007cde       0x10 /opt/st/stm32cubeide_1.5.0/plugins/com.st.stm32cube.ide.mcu.externaltools.gnu-tools-for-stm32.7-2018-q2-update.linux64_1.5.0.202011040924/tools/bin/../lib/gcc/arm-none-eabi/7.3.1/../../../../arm-none-eabi/lib/thumb/v6-m/libc_nano.a(lib_a-memset.o)
                0x0000000008007cde                memset
 *fill*         0x0000000008007cee        0x2 
 .text._free_r  0x0000000008007cf0       0x94 /opt/st/stm32cubeide_1.5.0/plugins/com.st.stm32cube.ide.mcu.externaltools.gnu-tools-for-stm32.7-2018-q2-update.linux64_1.5.0.202011040924/tools/bin/../lib/gcc/arm-none-eabi/7.3.1/../../../../arm-none-eabi/lib/thumb/v6-m/libc_nano.a(lib_a-nano-freer.o)
                0x0000000008007cf0                _free_r
 .text._malloc_r
                0x0000000008007d84       0xbc /opt/st/stm32cubeide_1.5.0/plugins/com.st.stm32cube.ide.mcu.externaltools.gnu-tools-for-stm32.7-2018-q2-update.linux64_1.5.0.202011040924/tools/bin/../lib/gcc/arm-none-eabi/7.3.1/../../../../arm-none-eabi/lib/thumb/v6-m/libc_nano.a(lib_a-nano-mallocr.o)
                0x0000000008007d84                _malloc_r
 .text._sbrk_r  0x0000000008007e40       0x24 /opt/st/stm32cubeide_1.5.0/plugins/com.st.stm32cube.ide.mcu.externaltools.gnu-tools-for-stm32.7-2018-q2-update.linux64_1.5.0.202011040924/tools/bin/../lib/gcc/arm-none-eabi/7.3.1/../../../../arm-none-eabi/lib/thumb/v6-m/libc_nano.a(lib_a-sbrkr.o)
                0x0000000008007e40                _sbrk_r
 .text.__malloc_lock
                0x0000000008007e64        0x2 /opt/st/stm32cubeide_1.5.0/plugins/com.st.stm32cube.ide.mcu.externaltools.gnu-tools-for-stm32.7-2018-q2-update.linux64_1.5.0.202011040924/tools/bin/../lib/gcc/arm-none-eabi/7.3.1/../../../../arm-none-eabi/lib/thumb/v6-m/libc_nano.a(lib_a-mlock.o)
                0x0000000008007e64                __malloc_lock
 .text.__malloc_unlock
                0x0000000008007e66        0x2 /opt/st/stm32cubeide_1.5.0/plugins/com.st.stm32cube.ide.mcu.externaltools.gnu-tools-for-stm32.7-2018-q2-update.linux64_1.5.0.202011040924/tools/bin/../lib/gcc/arm-none-eabi/7.3.1/../../../../arm-none-eabi/lib/thumb/v6-m/libc_nano.a(lib_a-mlock.o)
                0x0000000008007e66                __malloc_unlock
 *(.glue_7)
 .glue_7        0x0000000008007e68        0x0 linker stubs
 *(.glue_7t)
 .glue_7t       0x0000000008007e68        0x0 linker stubs
 *(.eh_frame)
 .eh_frame      0x0000000008007e68        0x0 /opt/st/stm32cubeide_1.5.0/plugins/com.st.stm32cube.ide.mcu.externaltools.gnu-tools-for-stm32.7-2018-q2-update.linux64_1.5.0.202011040924/tools/bin/../lib/gcc/arm-none-eabi/7.3.1/thumb/v6-m/crtbegin.o
 *(.init)
 .init          0x0000000008007e68        0x4 /opt/st/stm32cubeide_1.5.0/plugins/com.st.stm32cube.ide.mcu.externaltools.gnu-tools-for-stm32.7-2018-q2-update.linux64_1.5.0.202011040924/tools/bin/../lib/gcc/arm-none-eabi/7.3.1/thumb/v6-m/crti.o
                0x0000000008007e68                _init
 .init          0x0000000008007e6c        0x8 /opt/st/stm32cubeide_1.5.0/plugins/com.st.stm32cube.ide.mcu.externaltools.gnu-tools-for-stm32.7-2018-q2-update.linux64_1.5.0.202011040924/tools/bin/../lib/gcc/arm-none-eabi/7.3.1/thumb/v6-m/crtn.o
 *(.fini)
 .fini          0x0000000008007e74        0x4 /opt/st/stm32cubeide_1.5.0/plugins/com.st.stm32cube.ide.mcu.externaltools.gnu-tools-for-stm32.7-2018-q2-update.linux64_1.5.0.202011040924/tools/bin/../lib/gcc/arm-none-eabi/7.3.1/thumb/v6-m/crti.o
                0x0000000008007e74                _fini
 .fini          0x0000000008007e78        0x8 /opt/st/stm32cubeide_1.5.0/plugins/com.st.stm32cube.ide.mcu.externaltools.gnu-tools-for-stm32.7-2018-q2-update.linux64_1.5.0.202011040924/tools/bin/../lib/gcc/arm-none-eabi/7.3.1/thumb/v6-m/crtn.o
                0x0000000008007e80                . = ALIGN (0x4)
                0x0000000008007e80                _etext = .

.vfp11_veneer   0x0000000008007e80        0x0
 .vfp11_veneer  0x0000000008007e80        0x0 linker stubs

.v4_bx          0x0000000008007e80        0x0
 .v4_bx         0x0000000008007e80        0x0 linker stubs

.iplt           0x0000000008007e80        0x0
 .iplt          0x0000000008007e80        0x0 /opt/st/stm32cubeide_1.5.0/plugins/com.st.stm32cube.ide.mcu.externaltools.gnu-tools-for-stm32.7-2018-q2-update.linux64_1.5.0.202011040924/tools/bin/../lib/gcc/arm-none-eabi/7.3.1/thumb/v6-m/crtbegin.o

.rodata         0x0000000008007e80      0x118
                0x0000000008007e80                . = ALIGN (0x4)
 *(.rodata)
 .rodata        0x0000000008007e80        0x4 Middlewares/ST/STM32_USB_Host_Library/Class/MSC/Src/usbh_msc.o
 *(.rodata*)
 .rodata.AHBPrescTable
                0x0000000008007e84       0x40 Core/Src/system_stm32g0xx.o
                0x0000000008007e84                AHBPrescTable
 .rodata.USBH_MSC_Process
                0x0000000008007ec4       0x24 Middlewares/ST/STM32_USB_Host_Library/Class/MSC/Src/usbh_msc.o
 .rodata.USBH_MSC_BOT_Process
                0x0000000008007ee8       0x30 Middlewares/ST/STM32_USB_Host_Library/Class/MSC/Src/usbh_msc_bot.o
 .rodata.USBH_Process
                0x0000000008007f18       0x30 Middlewares/ST/STM32_USB_Host_Library/Core/Src/usbh_core.o
 .rodata.USBH_HandleEnum
                0x0000000008007f48       0x20 Middlewares/ST/STM32_USB_Host_Library/Core/Src/usbh_core.o
 .rodata.USBH_HandleControl
                0x0000000008007f68       0x30 Middlewares/ST/STM32_USB_Host_Library/Core/Src/usbh_ctlreq.o
                0x0000000008007f98                . = ALIGN (0x4)

.rel.dyn        0x0000000008007f98        0x0
 .rel.iplt      0x0000000008007f98        0x0 /opt/st/stm32cubeide_1.5.0/plugins/com.st.stm32cube.ide.mcu.externaltools.gnu-tools-for-stm32.7-2018-q2-update.linux64_1.5.0.202011040924/tools/bin/../lib/gcc/arm-none-eabi/7.3.1/thumb/v6-m/crtbegin.o

.ARM.extab      0x0000000008007f98        0x0
                0x0000000008007f98                . = ALIGN (0x4)
 *(.ARM.extab* .gnu.linkonce.armextab.*)
                0x0000000008007f98                . = ALIGN (0x4)

.ARM            0x0000000008007f98        0x0
                0x0000000008007f98                . = ALIGN (0x4)
                0x0000000008007f98                __exidx_start = .
 *(.ARM.exidx*)
                0x0000000008007f98                __exidx_end = .
                0x0000000008007f98                . = ALIGN (0x4)

.preinit_array  0x0000000008007f98        0x0
                0x0000000008007f98                . = ALIGN (0x4)
                0x0000000008007f98                PROVIDE (__preinit_array_start = .)
 *(.preinit_array*)
                0x0000000008007f98                PROVIDE (__preinit_array_end = .)
                0x0000000008007f98                . = ALIGN (0x4)

.init_array     0x0000000008007f98        0x4
                0x0000000008007f98                . = ALIGN (0x4)
                0x0000000008007f98                PROVIDE (__init_array_start = .)
 *(SORT_BY_NAME(.init_array.*))
 *(.init_array*)
 .init_array    0x0000000008007f98        0x4 /opt/st/stm32cubeide_1.5.0/plugins/com.st.stm32cube.ide.mcu.externaltools.gnu-tools-for-stm32.7-2018-q2-update.linux64_1.5.0.202011040924/tools/bin/../lib/gcc/arm-none-eabi/7.3.1/thumb/v6-m/crtbegin.o
                0x0000000008007f9c                PROVIDE (__init_array_end = .)
                0x0000000008007f9c                . = ALIGN (0x4)

.fini_array     0x0000000008007f9c        0x4
                0x0000000008007f9c                . = ALIGN (0x4)
                [!provide]                        PROVIDE (__fini_array_start = .)
 *(SORT_BY_NAME(.fini_array.*))
 *(.fini_array*)
 .fini_array    0x0000000008007f9c        0x4 /opt/st/stm32cubeide_1.5.0/plugins/com.st.stm32cube.ide.mcu.externaltools.gnu-tools-for-stm32.7-2018-q2-update.linux64_1.5.0.202011040924/tools/bin/../lib/gcc/arm-none-eabi/7.3.1/thumb/v6-m/crtbegin.o
                [!provide]                        PROVIDE (__fini_array_end = .)
                0x0000000008007fa0                . = ALIGN (0x4)
                0x0000000008007fa0                _sidata = LOADADDR (.data)

.data           0x0000000020000000       0x90 load address 0x0000000008007fa0
                0x0000000020000000                . = ALIGN (0x4)
                0x0000000020000000                _sdata = .
 *(.data)
 *(.data*)
 .data.SystemCoreClock
                0x0000000020000000        0x4 Core/Src/system_stm32g0xx.o
                0x0000000020000000                SystemCoreClock
 .data.uwTickPrio
                0x0000000020000004        0x4 Drivers/STM32G0xx_HAL_Driver/Src/stm32g0xx_hal.o
                0x0000000020000004                uwTickPrio
 .data.uwTickFreq
                0x0000000020000008        0x1 Drivers/STM32G0xx_HAL_Driver/Src/stm32g0xx_hal.o
                0x0000000020000008                uwTickFreq
 *fill*         0x0000000020000009        0x3 
 .data.USBH_msc
                0x000000002000000c       0x20 Middlewares/ST/STM32_USB_Host_Library/Class/MSC/Src/usbh_msc.o
                0x000000002000000c                USBH_msc
 .data._impure_ptr
                0x000000002000002c        0x4 /opt/st/stm32cubeide_1.5.0/plugins/com.st.stm32cube.ide.mcu.externaltools.gnu-tools-for-stm32.7-2018-q2-update.linux64_1.5.0.202011040924/tools/bin/../lib/gcc/arm-none-eabi/7.3.1/../../../../arm-none-eabi/lib/thumb/v6-m/libc_nano.a(lib_a-impure.o)
                0x000000002000002c                _impure_ptr
 .data.impure_data
                0x0000000020000030       0x60 /opt/st/stm32cubeide_1.5.0/plugins/com.st.stm32cube.ide.mcu.externaltools.gnu-tools-for-stm32.7-2018-q2-update.linux64_1.5.0.202011040924/tools/bin/../lib/gcc/arm-none-eabi/7.3.1/../../../../arm-none-eabi/lib/thumb/v6-m/libc_nano.a(lib_a-impure.o)
 *(.RamFunc)
 *(.RamFunc*)
                0x0000000020000090                . = ALIGN (0x4)
                0x0000000020000090                _edata = .

.igot.plt       0x0000000020000090        0x0 load address 0x0000000008008030
 .igot.plt      0x0000000020000090        0x0 /opt/st/stm32cubeide_1.5.0/plugins/com.st.stm32cube.ide.mcu.externaltools.gnu-tools-for-stm32.7-2018-q2-update.linux64_1.5.0.202011040924/tools/bin/../lib/gcc/arm-none-eabi/7.3.1/thumb/v6-m/crtbegin.o
                0x0000000020000090                . = ALIGN (0x4)

.bss            0x0000000020000090      0x83c load address 0x0000000008008030
                0x0000000020000090                _sbss = .
                0x0000000020000090                __bss_start__ = _sbss
 *(.bss)
 .bss           0x0000000020000090       0x1c /opt/st/stm32cubeide_1.5.0/plugins/com.st.stm32cube.ide.mcu.externaltools.gnu-tools-for-stm32.7-2018-q2-update.linux64_1.5.0.202011040924/tools/bin/../lib/gcc/arm-none-eabi/7.3.1/thumb/v6-m/crtbegin.o
 *(.bss*)
 .bss.__sbrk_heap_end
                0x00000000200000ac        0x4 Core/Src/sysmem.o
 .bss.Appli_state
                0x00000000200000b0        0x1 USB_Host/App/usb_host.o
                0x00000000200000b0                Appli_state
 *fill*         0x00000000200000b1        0x3 
 .bss.__malloc_free_list
                0x00000000200000b4        0x4 /opt/st/stm32cubeide_1.5.0/plugins/com.st.stm32cube.ide.mcu.externaltools.gnu-tools-for-stm32.7-2018-q2-update.linux64_1.5.0.202011040924/tools/bin/../lib/gcc/arm-none-eabi/7.3.1/../../../../arm-none-eabi/lib/thumb/v6-m/libc_nano.a(lib_a-nano-mallocr.o)
                0x00000000200000b4                __malloc_free_list
 .bss.__malloc_sbrk_start
                0x00000000200000b8        0x4 /opt/st/stm32cubeide_1.5.0/plugins/com.st.stm32cube.ide.mcu.externaltools.gnu-tools-for-stm32.7-2018-q2-update.linux64_1.5.0.202011040924/tools/bin/../lib/gcc/arm-none-eabi/7.3.1/../../../../arm-none-eabi/lib/thumb/v6-m/libc_nano.a(lib_a-nano-mallocr.o)
                0x00000000200000b8                __malloc_sbrk_start
 *(COMMON)
 COMMON         0x00000000200000bc       0xb0 Core/Src/main.o
                0x00000000200000bc                hi2c1
                0x0000000020000108                hspi1
 COMMON         0x000000002000016c        0x4 Drivers/STM32G0xx_HAL_Driver/Src/stm32g0xx_hal.o
                0x000000002000016c                uwTick
 COMMON         0x0000000020000170      0x3d8 USB_Host/App/usb_host.o
                0x0000000020000170                hUsbHostFS
 COMMON         0x0000000020000548      0x380 USB_Host/Target/usbh_conf.o
                0x0000000020000548                hhcd_USB_DRD_FS
 COMMON         0x00000000200008c8        0x4 /opt/st/stm32cubeide_1.5.0/plugins/com.st.stm32cube.ide.mcu.externaltools.gnu-tools-for-stm32.7-2018-q2-update.linux64_1.5.0.202011040924/tools/bin/../lib/gcc/arm-none-eabi/7.3.1/../../../../arm-none-eabi/lib/thumb/v6-m/libc_nano.a(lib_a-reent.o)
                0x00000000200008c8                errno
                0x00000000200008cc                . = ALIGN (0x4)
                0x00000000200008cc                _ebss = .
                0x00000000200008cc                __bss_end__ = _ebss

._user_heap_stack
                0x00000000200008cc      0x604 load address 0x0000000008008030
                0x00000000200008d0                . = ALIGN (0x8)
 *fill*         0x00000000200008cc        0x4 
                [!provide]                        PROVIDE (end = .)
                0x00000000200008d0                PROVIDE (_end = .)
                0x0000000020000ad0                . = (. + _Min_Heap_Size)
 *fill*         0x00000000200008d0      0x200 
                0x0000000020000ed0                . = (. + _Min_Stack_Size)
 *fill*         0x0000000020000ad0      0x400 
                0x0000000020000ed0                . = ALIGN (0x8)

/DISCARD/
 libc.a(*)
 libm.a(*)
 libgcc.a(*)

.ARM.attributes
                0x0000000000000000       0x28
 *(.ARM.attributes)
 .ARM.attributes
                0x0000000000000000       0x1e /opt/st/stm32cubeide_1.5.0/plugins/com.st.stm32cube.ide.mcu.externaltools.gnu-tools-for-stm32.7-2018-q2-update.linux64_1.5.0.202011040924/tools/bin/../lib/gcc/arm-none-eabi/7.3.1/thumb/v6-m/crti.o
 .ARM.attributes
                0x000000000000001e       0x2c /opt/st/stm32cubeide_1.5.0/plugins/com.st.stm32cube.ide.mcu.externaltools.gnu-tools-for-stm32.7-2018-q2-update.linux64_1.5.0.202011040924/tools/bin/../lib/gcc/arm-none-eabi/7.3.1/thumb/v6-m/crtbegin.o
 .ARM.attributes
                0x000000000000004a       0x32 Core/Src/main.o
 .ARM.attributes
                0x000000000000007c       0x32 Core/Src/stm32g0xx_hal_msp.o
 .ARM.attributes
                0x00000000000000ae       0x32 Core/Src/stm32g0xx_it.o
 .ARM.attributes
                0x00000000000000e0       0x32 Core/Src/sysmem.o
 .ARM.attributes
                0x0000000000000112       0x32 Core/Src/system_stm32g0xx.o
 .ARM.attributes
                0x0000000000000144       0x22 Core/Startup/startup_stm32g0b1ceux.o
 .ARM.attributes
                0x0000000000000166       0x32 Drivers/STM32G0xx_HAL_Driver/Src/stm32g0xx_hal.o
 .ARM.attributes
                0x0000000000000198       0x32 Drivers/STM32G0xx_HAL_Driver/Src/stm32g0xx_hal_cortex.o
 .ARM.attributes
                0x00000000000001ca       0x32 Drivers/STM32G0xx_HAL_Driver/Src/stm32g0xx_hal_gpio.o
 .ARM.attributes
                0x00000000000001fc       0x32 Drivers/STM32G0xx_HAL_Driver/Src/stm32g0xx_hal_hcd.o
 .ARM.attributes
                0x000000000000022e       0x32 Drivers/STM32G0xx_HAL_Driver/Src/stm32g0xx_hal_i2c.o
 .ARM.attributes
                0x0000000000000260       0x32 Drivers/STM32G0xx_HAL_Driver/Src/stm32g0xx_hal_i2c_ex.o
 .ARM.attributes
                0x0000000000000292       0x32 Drivers/STM32G0xx_HAL_Driver/Src/stm32g0xx_hal_pwr_ex.o
 .ARM.attributes
                0x00000000000002c4       0x32 Drivers/STM32G0xx_HAL_Driver/Src/stm32g0xx_hal_rcc.o
 .ARM.attributes
                0x00000000000002f6       0x32 Drivers/STM32G0xx_HAL_Driver/Src/stm32g0xx_hal_rcc_ex.o
 .ARM.attributes
                0x0000000000000328       0x32 Drivers/STM32G0xx_HAL_Driver/Src/stm32g0xx_hal_spi.o
 .ARM.attributes
                0x000000000000035a       0x32 Drivers/STM32G0xx_HAL_Driver/Src/stm32g0xx_ll_usb.o
 .ARM.attributes
                0x000000000000038c       0x32 Middlewares/ST/STM32_USB_Host_Library/Class/MSC/Src/usbh_msc.o
 .ARM.attributes
                0x00000000000003be       0x32 Middlewares/ST/STM32_USB_Host_Library/Class/MSC/Src/usbh_msc_bot.o
 .ARM.attributes
                0x00000000000003f0       0x32 Middlewares/ST/STM32_USB_Host_Library/Class/MSC/Src/usbh_msc_scsi.o
 .ARM.attributes
                0x0000000000000422       0x32 Middlewares/ST/STM32_USB_Host_Library/Core/Src/usbh_core.o
 .ARM.attributes
                0x0000000000000454       0x32 Middlewares/ST/STM32_USB_Host_Library/Core/Src/usbh_ctlreq.o
 .ARM.attributes
                0x0000000000000486       0x32 Middlewares/ST/STM32_USB_Host_Library/Core/Src/usbh_ioreq.o
 .ARM.attributes
                0x00000000000004b8       0x32 Middlewares/ST/STM32_USB_Host_Library/Core/Src/usbh_pipes.o
 .ARM.attributes
                0x00000000000004ea       0x32 USB_Host/App/usb_host.o
 .ARM.attributes
                0x000000000000051c       0x32 USB_Host/Target/usbh_conf.o
 .ARM.attributes
                0x000000000000054e       0x2c /opt/st/stm32cubeide_1.5.0/plugins/com.st.stm32cube.ide.mcu.externaltools.gnu-tools-for-stm32.7-2018-q2-update.linux64_1.5.0.202011040924/tools/bin/../lib/gcc/arm-none-eabi/7.3.1/../../../../arm-none-eabi/lib/thumb/v6-m/libc_nano.a(lib_a-errno.o)
 .ARM.attributes
                0x000000000000057a       0x2c /opt/st/stm32cubeide_1.5.0/plugins/com.st.stm32cube.ide.mcu.externaltools.gnu-tools-for-stm32.7-2018-q2-update.linux64_1.5.0.202011040924/tools/bin/../lib/gcc/arm-none-eabi/7.3.1/../../../../arm-none-eabi/lib/thumb/v6-m/libc_nano.a(lib_a-impure.o)
 .ARM.attributes
                0x00000000000005a6       0x2c /opt/st/stm32cubeide_1.5.0/plugins/com.st.stm32cube.ide.mcu.externaltools.gnu-tools-for-stm32.7-2018-q2-update.linux64_1.5.0.202011040924/tools/bin/../lib/gcc/arm-none-eabi/7.3.1/../../../../arm-none-eabi/lib/thumb/v6-m/libc_nano.a(lib_a-init.o)
 .ARM.attributes
                0x00000000000005d2       0x2c /opt/st/stm32cubeide_1.5.0/plugins/com.st.stm32cube.ide.mcu.externaltools.gnu-tools-for-stm32.7-2018-q2-update.linux64_1.5.0.202011040924/tools/bin/../lib/gcc/arm-none-eabi/7.3.1/../../../../arm-none-eabi/lib/thumb/v6-m/libc_nano.a(lib_a-malloc.o)
 .ARM.attributes
                0x00000000000005fe       0x2c /opt/st/stm32cubeide_1.5.0/plugins/com.st.stm32cube.ide.mcu.externaltools.gnu-tools-for-stm32.7-2018-q2-update.linux64_1.5.0.202011040924/tools/bin/../lib/gcc/arm-none-eabi/7.3.1/../../../../arm-none-eabi/lib/thumb/v6-m/libc_nano.a(lib_a-memcpy-stub.o)
 .ARM.attributes
                0x000000000000062a       0x2c /opt/st/stm32cubeide_1.5.0/plugins/com.st.stm32cube.ide.mcu.externaltools.gnu-tools-for-stm32.7-2018-q2-update.linux64_1.5.0.202011040924/tools/bin/../lib/gcc/arm-none-eabi/7.3.1/../../../../arm-none-eabi/lib/thumb/v6-m/libc_nano.a(lib_a-memset.o)
 .ARM.attributes
                0x0000000000000656       0x2c /opt/st/stm32cubeide_1.5.0/plugins/com.st.stm32cube.ide.mcu.externaltools.gnu-tools-for-stm32.7-2018-q2-update.linux64_1.5.0.202011040924/tools/bin/../lib/gcc/arm-none-eabi/7.3.1/../../../../arm-none-eabi/lib/thumb/v6-m/libc_nano.a(lib_a-nano-freer.o)
 .ARM.attributes
                0x0000000000000682       0x2c /opt/st/stm32cubeide_1.5.0/plugins/com.st.stm32cube.ide.mcu.externaltools.gnu-tools-for-stm32.7-2018-q2-update.linux64_1.5.0.202011040924/tools/bin/../lib/gcc/arm-none-eabi/7.3.1/../../../../arm-none-eabi/lib/thumb/v6-m/libc_nano.a(lib_a-nano-mallocr.o)
 .ARM.attributes
                0x00000000000006ae       0x2c /opt/st/stm32cubeide_1.5.0/plugins/com.st.stm32cube.ide.mcu.externaltools.gnu-tools-for-stm32.7-2018-q2-update.linux64_1.5.0.202011040924/tools/bin/../lib/gcc/arm-none-eabi/7.3.1/../../../../arm-none-eabi/lib/thumb/v6-m/libc_nano.a(lib_a-sbrkr.o)
 .ARM.attributes
                0x00000000000006da       0x2c /opt/st/stm32cubeide_1.5.0/plugins/com.st.stm32cube.ide.mcu.externaltools.gnu-tools-for-stm32.7-2018-q2-update.linux64_1.5.0.202011040924/tools/bin/../lib/gcc/arm-none-eabi/7.3.1/../../../../arm-none-eabi/lib/thumb/v6-m/libc_nano.a(lib_a-mlock.o)
 .ARM.attributes
                0x0000000000000706       0x2c /opt/st/stm32cubeide_1.5.0/plugins/com.st.stm32cube.ide.mcu.externaltools.gnu-tools-for-stm32.7-2018-q2-update.linux64_1.5.0.202011040924/tools/bin/../lib/gcc/arm-none-eabi/7.3.1/../../../../arm-none-eabi/lib/thumb/v6-m/libc_nano.a(lib_a-reent.o)
 .ARM.attributes
                0x0000000000000732       0x1e /opt/st/stm32cubeide_1.5.0/plugins/com.st.stm32cube.ide.mcu.externaltools.gnu-tools-for-stm32.7-2018-q2-update.linux64_1.5.0.202011040924/tools/bin/../lib/gcc/arm-none-eabi/7.3.1/thumb/v6-m/libgcc.a(_udivsi3.o)
 .ARM.attributes
                0x0000000000000750       0x1e /opt/st/stm32cubeide_1.5.0/plugins/com.st.stm32cube.ide.mcu.externaltools.gnu-tools-for-stm32.7-2018-q2-update.linux64_1.5.0.202011040924/tools/bin/../lib/gcc/arm-none-eabi/7.3.1/thumb/v6-m/libgcc.a(_dvmd_tls.o)
 .ARM.attributes
                0x000000000000076e       0x1e /opt/st/stm32cubeide_1.5.0/plugins/com.st.stm32cube.ide.mcu.externaltools.gnu-tools-for-stm32.7-2018-q2-update.linux64_1.5.0.202011040924/tools/bin/../lib/gcc/arm-none-eabi/7.3.1/thumb/v6-m/crtn.o
OUTPUT(G0B1E.elf elf32-littlearm)

.debug_info     0x0000000000000000    0x1b280
 .debug_info    0x0000000000000000     0x1059 Core/Src/main.o
 .debug_info    0x0000000000001059      0xe3f Core/Src/stm32g0xx_hal_msp.o
 .debug_info    0x0000000000001e98      0x266 Core/Src/stm32g0xx_it.o
 .debug_info    0x00000000000020fe      0x985 Core/Src/sysmem.o
 .debug_info    0x0000000000002a83      0x4b2 Core/Src/system_stm32g0xx.o
 .debug_info    0x0000000000002f35       0x22 Core/Startup/startup_stm32g0b1ceux.o
 .debug_info    0x0000000000002f57      0xb5b Drivers/STM32G0xx_HAL_Driver/Src/stm32g0xx_hal.o
 .debug_info    0x0000000000003ab2      0x9d9 Drivers/STM32G0xx_HAL_Driver/Src/stm32g0xx_hal_cortex.o
 .debug_info    0x000000000000448b      0x730 Drivers/STM32G0xx_HAL_Driver/Src/stm32g0xx_hal_gpio.o
 .debug_info    0x0000000000004bbb     0x16cf Drivers/STM32G0xx_HAL_Driver/Src/stm32g0xx_hal_hcd.o
 .debug_info    0x000000000000628a     0x2174 Drivers/STM32G0xx_HAL_Driver/Src/stm32g0xx_hal_i2c.o
 .debug_info    0x00000000000083fe      0xb37 Drivers/STM32G0xx_HAL_Driver/Src/stm32g0xx_hal_i2c_ex.o
 .debug_info    0x0000000000008f35      0x9c2 Drivers/STM32G0xx_HAL_Driver/Src/stm32g0xx_hal_pwr_ex.o
 .debug_info    0x00000000000098f7      0xbc4 Drivers/STM32G0xx_HAL_Driver/Src/stm32g0xx_hal_rcc.o
 .debug_info    0x000000000000a4bb      0xb25 Drivers/STM32G0xx_HAL_Driver/Src/stm32g0xx_hal_rcc_ex.o
 .debug_info    0x000000000000afe0     0x17ff Drivers/STM32G0xx_HAL_Driver/Src/stm32g0xx_hal_spi.o
 .debug_info    0x000000000000c7df      0xfb5 Drivers/STM32G0xx_HAL_Driver/Src/stm32g0xx_ll_usb.o
 .debug_info    0x000000000000d794     0x1bc2 Middlewares/ST/STM32_USB_Host_Library/Class/MSC/Src/usbh_msc.o
 .debug_info    0x000000000000f356     0x19db Middlewares/ST/STM32_USB_Host_Library/Class/MSC/Src/usbh_msc_bot.o
 .debug_info    0x0000000000010d31     0x1a37 Middlewares/ST/STM32_USB_Host_Library/Class/MSC/Src/usbh_msc_scsi.o
 .debug_info    0x0000000000012768     0x1752 Middlewares/ST/STM32_USB_Host_Library/Core/Src/usbh_core.o
 .debug_info    0x0000000000013eba     0x1812 Middlewares/ST/STM32_USB_Host_Library/Core/Src/usbh_ctlreq.o
 .debug_info    0x00000000000156cc     0x157f Middlewares/ST/STM32_USB_Host_Library/Core/Src/usbh_ioreq.o
 .debug_info    0x0000000000016c4b     0x13c1 Middlewares/ST/STM32_USB_Host_Library/Core/Src/usbh_pipes.o
 .debug_info    0x000000000001800c     0x1314 USB_Host/App/usb_host.o
 .debug_info    0x0000000000019320     0x1f60 USB_Host/Target/usbh_conf.o

.debug_abbrev   0x0000000000000000     0x3939
 .debug_abbrev  0x0000000000000000      0x210 Core/Src/main.o
 .debug_abbrev  0x0000000000000210      0x197 Core/Src/stm32g0xx_hal_msp.o
 .debug_abbrev  0x00000000000003a7       0xf1 Core/Src/stm32g0xx_it.o
 .debug_abbrev  0x0000000000000498      0x19b Core/Src/sysmem.o
 .debug_abbrev  0x0000000000000633      0x147 Core/Src/system_stm32g0xx.o
 .debug_abbrev  0x000000000000077a       0x12 Core/Startup/startup_stm32g0b1ceux.o
 .debug_abbrev  0x000000000000078c      0x233 Drivers/STM32G0xx_HAL_Driver/Src/stm32g0xx_hal.o
 .debug_abbrev  0x00000000000009bf      0x28b Drivers/STM32G0xx_HAL_Driver/Src/stm32g0xx_hal_cortex.o
 .debug_abbrev  0x0000000000000c4a      0x1b7 Drivers/STM32G0xx_HAL_Driver/Src/stm32g0xx_hal_gpio.o
 .debug_abbrev  0x0000000000000e01      0x2a2 Drivers/STM32G0xx_HAL_Driver/Src/stm32g0xx_hal_hcd.o
 .debug_abbrev  0x00000000000010a3      0x239 Drivers/STM32G0xx_HAL_Driver/Src/stm32g0xx_hal_i2c.o
 .debug_abbrev  0x00000000000012dc      0x1c6 Drivers/STM32G0xx_HAL_Driver/Src/stm32g0xx_hal_i2c_ex.o
 .debug_abbrev  0x00000000000014a2      0x217 Drivers/STM32G0xx_HAL_Driver/Src/stm32g0xx_hal_pwr_ex.o
 .debug_abbrev  0x00000000000016b9      0x21c Drivers/STM32G0xx_HAL_Driver/Src/stm32g0xx_hal_rcc.o
 .debug_abbrev  0x00000000000018d5      0x1ec Drivers/STM32G0xx_HAL_Driver/Src/stm32g0xx_hal_rcc_ex.o
 .debug_abbrev  0x0000000000001ac1      0x237 Drivers/STM32G0xx_HAL_Driver/Src/stm32g0xx_hal_spi.o
 .debug_abbrev  0x0000000000001cf8      0x24d Drivers/STM32G0xx_HAL_Driver/Src/stm32g0xx_ll_usb.o
 .debug_abbrev  0x0000000000001f45      0x30e Middlewares/ST/STM32_USB_Host_Library/Class/MSC/Src/usbh_msc.o
 .debug_abbrev  0x0000000000002253      0x2cf Middlewares/ST/STM32_USB_Host_Library/Class/MSC/Src/usbh_msc_bot.o
 .debug_abbrev  0x0000000000002522      0x2b5 Middlewares/ST/STM32_USB_Host_Library/Class/MSC/Src/usbh_msc_scsi.o
 .debug_abbrev  0x00000000000027d7      0x362 Middlewares/ST/STM32_USB_Host_Library/Core/Src/usbh_core.o
 .debug_abbrev  0x0000000000002b39      0x31b Middlewares/ST/STM32_USB_Host_Library/Core/Src/usbh_ctlreq.o
 .debug_abbrev  0x0000000000002e54      0x288 Middlewares/ST/STM32_USB_Host_Library/Core/Src/usbh_ioreq.o
 .debug_abbrev  0x00000000000030dc      0x2b1 Middlewares/ST/STM32_USB_Host_Library/Core/Src/usbh_pipes.o
 .debug_abbrev  0x000000000000338d      0x277 USB_Host/App/usb_host.o
 .debug_abbrev  0x0000000000003604      0x335 USB_Host/Target/usbh_conf.o

.debug_aranges  0x0000000000000000     0x1100
 .debug_aranges
                0x0000000000000000       0x48 Core/Src/main.o
 .debug_aranges
                0x0000000000000048       0x40 Core/Src/stm32g0xx_hal_msp.o
 .debug_aranges
                0x0000000000000088       0x40 Core/Src/stm32g0xx_it.o
 .debug_aranges
                0x00000000000000c8       0x20 Core/Src/sysmem.o
 .debug_aranges
                0x00000000000000e8       0x28 Core/Src/system_stm32g0xx.o
 .debug_aranges
                0x0000000000000110       0x28 Core/Startup/startup_stm32g0b1ceux.o
 .debug_aranges
                0x0000000000000138      0x130 Drivers/STM32G0xx_HAL_Driver/Src/stm32g0xx_hal.o
 .debug_aranges
                0x0000000000000268       0xd8 Drivers/STM32G0xx_HAL_Driver/Src/stm32g0xx_hal_cortex.o
 .debug_aranges
                0x0000000000000340       0x60 Drivers/STM32G0xx_HAL_Driver/Src/stm32g0xx_hal_gpio.o
 .debug_aranges
                0x00000000000003a0      0x178 Drivers/STM32G0xx_HAL_Driver/Src/stm32g0xx_hal_hcd.o
 .debug_aranges
                0x0000000000000518      0x290 Drivers/STM32G0xx_HAL_Driver/Src/stm32g0xx_hal_i2c.o
 .debug_aranges
                0x00000000000007a8       0x48 Drivers/STM32G0xx_HAL_Driver/Src/stm32g0xx_hal_i2c_ex.o
 .debug_aranges
                0x00000000000007f0      0x128 Drivers/STM32G0xx_HAL_Driver/Src/stm32g0xx_hal_pwr_ex.o
 .debug_aranges
                0x0000000000000918       0x98 Drivers/STM32G0xx_HAL_Driver/Src/stm32g0xx_hal_rcc.o
 .debug_aranges
                0x00000000000009b0       0x88 Drivers/STM32G0xx_HAL_Driver/Src/stm32g0xx_hal_rcc_ex.o
 .debug_aranges
                0x0000000000000a38      0x1d8 Drivers/STM32G0xx_HAL_Driver/Src/stm32g0xx_hal_spi.o
 .debug_aranges
                0x0000000000000c10       0xf0 Drivers/STM32G0xx_HAL_Driver/Src/stm32g0xx_ll_usb.o
 .debug_aranges
                0x0000000000000d00       0x78 Middlewares/ST/STM32_USB_Host_Library/Class/MSC/Src/usbh_msc.o
 .debug_aranges
                0x0000000000000d78       0x48 Middlewares/ST/STM32_USB_Host_Library/Class/MSC/Src/usbh_msc_bot.o
 .debug_aranges
                0x0000000000000dc0       0x48 Middlewares/ST/STM32_USB_Host_Library/Class/MSC/Src/usbh_msc_scsi.o
 .debug_aranges
                0x0000000000000e08       0xc0 Middlewares/ST/STM32_USB_Host_Library/Core/Src/usbh_core.o
 .debug_aranges
                0x0000000000000ec8       0xa0 Middlewares/ST/STM32_USB_Host_Library/Core/Src/usbh_ctlreq.o
 .debug_aranges
                0x0000000000000f68       0x60 Middlewares/ST/STM32_USB_Host_Library/Core/Src/usbh_ioreq.o
 .debug_aranges
                0x0000000000000fc8       0x40 Middlewares/ST/STM32_USB_Host_Library/Core/Src/usbh_pipes.o
 .debug_aranges
                0x0000000000001008       0x30 USB_Host/App/usb_host.o
 .debug_aranges
                0x0000000000001038       0xc8 USB_Host/Target/usbh_conf.o

.debug_ranges   0x0000000000000000      0xf68
 .debug_ranges  0x0000000000000000       0x38 Core/Src/main.o
 .debug_ranges  0x0000000000000038       0x30 Core/Src/stm32g0xx_hal_msp.o
 .debug_ranges  0x0000000000000068       0x30 Core/Src/stm32g0xx_it.o
 .debug_ranges  0x0000000000000098       0x10 Core/Src/sysmem.o
 .debug_ranges  0x00000000000000a8       0x18 Core/Src/system_stm32g0xx.o
 .debug_ranges  0x00000000000000c0       0x20 Core/Startup/startup_stm32g0b1ceux.o
 .debug_ranges  0x00000000000000e0      0x120 Drivers/STM32G0xx_HAL_Driver/Src/stm32g0xx_hal.o
 .debug_ranges  0x0000000000000200       0xc8 Drivers/STM32G0xx_HAL_Driver/Src/stm32g0xx_hal_cortex.o
 .debug_ranges  0x00000000000002c8       0x50 Drivers/STM32G0xx_HAL_Driver/Src/stm32g0xx_hal_gpio.o
 .debug_ranges  0x0000000000000318      0x168 Drivers/STM32G0xx_HAL_Driver/Src/stm32g0xx_hal_hcd.o
 .debug_ranges  0x0000000000000480      0x280 Drivers/STM32G0xx_HAL_Driver/Src/stm32g0xx_hal_i2c.o
 .debug_ranges  0x0000000000000700       0x38 Drivers/STM32G0xx_HAL_Driver/Src/stm32g0xx_hal_i2c_ex.o
 .debug_ranges  0x0000000000000738      0x118 Drivers/STM32G0xx_HAL_Driver/Src/stm32g0xx_hal_pwr_ex.o
 .debug_ranges  0x0000000000000850       0x88 Drivers/STM32G0xx_HAL_Driver/Src/stm32g0xx_hal_rcc.o
 .debug_ranges  0x00000000000008d8       0x78 Drivers/STM32G0xx_HAL_Driver/Src/stm32g0xx_hal_rcc_ex.o
 .debug_ranges  0x0000000000000950      0x1c8 Drivers/STM32G0xx_HAL_Driver/Src/stm32g0xx_hal_spi.o
 .debug_ranges  0x0000000000000b18       0xe0 Drivers/STM32G0xx_HAL_Driver/Src/stm32g0xx_ll_usb.o
 .debug_ranges  0x0000000000000bf8       0x68 Middlewares/ST/STM32_USB_Host_Library/Class/MSC/Src/usbh_msc.o
 .debug_ranges  0x0000000000000c60       0x38 Middlewares/ST/STM32_USB_Host_Library/Class/MSC/Src/usbh_msc_bot.o
 .debug_ranges  0x0000000000000c98       0x38 Middlewares/ST/STM32_USB_Host_Library/Class/MSC/Src/usbh_msc_scsi.o
 .debug_ranges  0x0000000000000cd0       0xb0 Middlewares/ST/STM32_USB_Host_Library/Core/Src/usbh_core.o
 .debug_ranges  0x0000000000000d80       0x90 Middlewares/ST/STM32_USB_Host_Library/Core/Src/usbh_ctlreq.o
 .debug_ranges  0x0000000000000e10       0x50 Middlewares/ST/STM32_USB_Host_Library/Core/Src/usbh_ioreq.o
 .debug_ranges  0x0000000000000e60       0x30 Middlewares/ST/STM32_USB_Host_Library/Core/Src/usbh_pipes.o
 .debug_ranges  0x0000000000000e90       0x20 USB_Host/App/usb_host.o
 .debug_ranges  0x0000000000000eb0       0xb8 USB_Host/Target/usbh_conf.o

.debug_macro    0x0000000000000000    0x1e227
 .debug_macro   0x0000000000000000      0x212 Core/Src/main.o
 .debug_macro   0x0000000000000212      0xa48 Core/Src/main.o
 .debug_macro   0x0000000000000c5a      0x130 Core/Src/main.o
 .debug_macro   0x0000000000000d8a       0x2e Core/Src/main.o
 .debug_macro   0x0000000000000db8       0x28 Core/Src/main.o
 .debug_macro   0x0000000000000de0       0x22 Core/Src/main.o
 .debug_macro   0x0000000000000e02       0x8e Core/Src/main.o
 .debug_macro   0x0000000000000e90       0x51 Core/Src/main.o
 .debug_macro   0x0000000000000ee1       0xef Core/Src/main.o
 .debug_macro   0x0000000000000fd0       0x6a Core/Src/main.o
 .debug_macro   0x000000000000103a      0x1df Core/Src/main.o
 .debug_macro   0x0000000000001219       0x1c Core/Src/main.o
 .debug_macro   0x0000000000001235       0x22 Core/Src/main.o
 .debug_macro   0x0000000000001257       0xd7 Core/Src/main.o
 .debug_macro   0x000000000000132e      0x4da Core/Src/main.o
 .debug_macro   0x0000000000001808      0x11f Core/Src/main.o
 .debug_macro   0x0000000000001927     0xf1a0 Core/Src/main.o
 .debug_macro   0x0000000000010ac7       0x3c Core/Src/main.o
 .debug_macro   0x0000000000010b03     0x34b5 Core/Src/main.o
 .debug_macro   0x0000000000013fb8      0x174 Core/Src/main.o
 .debug_macro   0x000000000001412c       0x5c Core/Src/main.o
 .debug_macro   0x0000000000014188      0x72c Core/Src/main.o
 .debug_macro   0x00000000000148b4     0x14d1 Core/Src/main.o
 .debug_macro   0x0000000000015d85      0x535 Core/Src/main.o
 .debug_macro   0x00000000000162ba      0x153 Core/Src/main.o
 .debug_macro   0x000000000001640d      0x25c Core/Src/main.o
 .debug_macro   0x0000000000016669      0x4f5 Core/Src/main.o
 .debug_macro   0x0000000000016b5e      0x280 Core/Src/main.o
 .debug_macro   0x0000000000016dde      0x417 Core/Src/main.o
 .debug_macro   0x00000000000171f5      0x1b2 Core/Src/main.o
 .debug_macro   0x00000000000173a7       0x43 Core/Src/main.o
 .debug_macro   0x00000000000173ea      0x1f1 Core/Src/main.o
 .debug_macro   0x00000000000175db      0x1e4 Core/Src/main.o
 .debug_macro   0x00000000000177bf      0x3fa Core/Src/main.o
 .debug_macro   0x0000000000017bb9       0x28 Core/Src/main.o
 .debug_macro   0x0000000000017be1      0x123 Core/Src/main.o
 .debug_macro   0x0000000000017d04      0x1f4 Core/Src/main.o
 .debug_macro   0x0000000000017ef8      0x129 Core/Src/main.o
 .debug_macro   0x0000000000018021      0x22c Core/Src/main.o
 .debug_macro   0x000000000001824d       0x64 Core/Src/main.o
 .debug_macro   0x00000000000182b1       0xa5 Core/Src/main.o
 .debug_macro   0x0000000000018356      0x145 Core/Src/main.o
 .debug_macro   0x000000000001849b      0x30b Core/Src/main.o
 .debug_macro   0x00000000000187a6      0x2fe Core/Src/main.o
 .debug_macro   0x0000000000018aa4      0x5df Core/Src/main.o
 .debug_macro   0x0000000000019083      0x208 Core/Src/stm32g0xx_hal_msp.o
 .debug_macro   0x000000000001928b      0x212 Core/Src/stm32g0xx_it.o
 .debug_macro   0x000000000001949d       0xee Core/Src/sysmem.o
 .debug_macro   0x000000000001958b      0x23b Core/Src/sysmem.o
 .debug_macro   0x00000000000197c6      0x204 Core/Src/system_stm32g0xx.o
 .debug_macro   0x00000000000199ca      0x222 Drivers/STM32G0xx_HAL_Driver/Src/stm32g0xx_hal.o
 .debug_macro   0x0000000000019bec      0x1fe Drivers/STM32G0xx_HAL_Driver/Src/stm32g0xx_hal_cortex.o
 .debug_macro   0x0000000000019dea      0x236 Drivers/STM32G0xx_HAL_Driver/Src/stm32g0xx_hal_gpio.o
 .debug_macro   0x000000000001a020      0x1fe Drivers/STM32G0xx_HAL_Driver/Src/stm32g0xx_hal_hcd.o
 .debug_macro   0x000000000001a21e      0x2c3 Drivers/STM32G0xx_HAL_Driver/Src/stm32g0xx_hal_i2c.o
 .debug_macro   0x000000000001a4e1      0x1fe Drivers/STM32G0xx_HAL_Driver/Src/stm32g0xx_hal_i2c_ex.o
 .debug_macro   0x000000000001a6df      0x228 Drivers/STM32G0xx_HAL_Driver/Src/stm32g0xx_hal_pwr_ex.o
 .debug_macro   0x000000000001a907      0x252 Drivers/STM32G0xx_HAL_Driver/Src/stm32g0xx_hal_rcc.o
 .debug_macro   0x000000000001ab59      0x216 Drivers/STM32G0xx_HAL_Driver/Src/stm32g0xx_hal_rcc_ex.o
 .debug_macro   0x000000000001ad6f      0x206 Drivers/STM32G0xx_HAL_Driver/Src/stm32g0xx_hal_spi.o
 .debug_macro   0x000000000001af75      0x1fe Drivers/STM32G0xx_HAL_Driver/Src/stm32g0xx_ll_usb.o
 .debug_macro   0x000000000001b173      0x432 Middlewares/ST/STM32_USB_Host_Library/Class/MSC/Src/usbh_msc.o
 .debug_macro   0x000000000001b5a5       0x16 Middlewares/ST/STM32_USB_Host_Library/Class/MSC/Src/usbh_msc.o
 .debug_macro   0x000000000001b5bb       0x97 Middlewares/ST/STM32_USB_Host_Library/Class/MSC/Src/usbh_msc.o
 .debug_macro   0x000000000001b652       0xfd Middlewares/ST/STM32_USB_Host_Library/Class/MSC/Src/usbh_msc.o
 .debug_macro   0x000000000001b74f       0x16 Middlewares/ST/STM32_USB_Host_Library/Class/MSC/Src/usbh_msc.o
 .debug_macro   0x000000000001b765       0x20 Middlewares/ST/STM32_USB_Host_Library/Class/MSC/Src/usbh_msc.o
 .debug_macro   0x000000000001b785       0xd1 Middlewares/ST/STM32_USB_Host_Library/Class/MSC/Src/usbh_msc.o
 .debug_macro   0x000000000001b856       0x56 Middlewares/ST/STM32_USB_Host_Library/Class/MSC/Src/usbh_msc.o
 .debug_macro   0x000000000001b8ac       0x73 Middlewares/ST/STM32_USB_Host_Library/Class/MSC/Src/usbh_msc.o
 .debug_macro   0x000000000001b91f      0x218 Middlewares/ST/STM32_USB_Host_Library/Class/MSC/Src/usbh_msc.o
 .debug_macro   0x000000000001bb37       0x2e Middlewares/ST/STM32_USB_Host_Library/Class/MSC/Src/usbh_msc.o
 .debug_macro   0x000000000001bb65       0x2e Middlewares/ST/STM32_USB_Host_Library/Class/MSC/Src/usbh_msc.o
 .debug_macro   0x000000000001bb93       0x28 Middlewares/ST/STM32_USB_Host_Library/Class/MSC/Src/usbh_msc.o
 .debug_macro   0x000000000001bbbb       0x65 Middlewares/ST/STM32_USB_Host_Library/Class/MSC/Src/usbh_msc.o
 .debug_macro   0x000000000001bc20       0xeb Middlewares/ST/STM32_USB_Host_Library/Class/MSC/Src/usbh_msc.o
 .debug_macro   0x000000000001bd0b       0x34 Middlewares/ST/STM32_USB_Host_Library/Class/MSC/Src/usbh_msc.o
 .debug_macro   0x000000000001bd3f      0x434 Middlewares/ST/STM32_USB_Host_Library/Class/MSC/Src/usbh_msc_bot.o
 .debug_macro   0x000000000001c173       0x5f Middlewares/ST/STM32_USB_Host_Library/Class/MSC/Src/usbh_msc_bot.o
 .debug_macro   0x000000000001c1d2      0x432 Middlewares/ST/STM32_USB_Host_Library/Class/MSC/Src/usbh_msc_scsi.o
 .debug_macro   0x000000000001c604      0x41b Middlewares/ST/STM32_USB_Host_Library/Core/Src/usbh_core.o
 .debug_macro   0x000000000001ca1f      0x413 Middlewares/ST/STM32_USB_Host_Library/Core/Src/usbh_ctlreq.o
 .debug_macro   0x000000000001ce32       0x28 Middlewares/ST/STM32_USB_Host_Library/Core/Src/usbh_ctlreq.o
 .debug_macro   0x000000000001ce5a      0x40d Middlewares/ST/STM32_USB_Host_Library/Core/Src/usbh_ioreq.o
 .debug_macro   0x000000000001d267      0x40d Middlewares/ST/STM32_USB_Host_Library/Core/Src/usbh_pipes.o
 .debug_macro   0x000000000001d674      0x43a USB_Host/App/usb_host.o
 .debug_macro   0x000000000001daae       0x46 USB_Host/App/usb_host.o
 .debug_macro   0x000000000001daf4      0x32a USB_Host/App/usb_host.o
 .debug_macro   0x000000000001de1e      0x409 USB_Host/Target/usbh_conf.o

.debug_line     0x0000000000000000    0x11854
 .debug_line    0x0000000000000000      0x7d4 Core/Src/main.o
 .debug_line    0x00000000000007d4      0x76b Core/Src/stm32g0xx_hal_msp.o
 .debug_line    0x0000000000000f3f      0x763 Core/Src/stm32g0xx_it.o
 .debug_line    0x00000000000016a2      0x49a Core/Src/sysmem.o
 .debug_line    0x0000000000001b3c      0x727 Core/Src/system_stm32g0xx.o
 .debug_line    0x0000000000002263       0x89 Core/Startup/startup_stm32g0b1ceux.o
 .debug_line    0x00000000000022ec      0x9a8 Drivers/STM32G0xx_HAL_Driver/Src/stm32g0xx_hal.o
 .debug_line    0x0000000000002c94      0x950 Drivers/STM32G0xx_HAL_Driver/Src/stm32g0xx_hal_cortex.o
 .debug_line    0x00000000000035e4      0x8ac Drivers/STM32G0xx_HAL_Driver/Src/stm32g0xx_hal_gpio.o
 .debug_line    0x0000000000003e90      0xf50 Drivers/STM32G0xx_HAL_Driver/Src/stm32g0xx_hal_hcd.o
 .debug_line    0x0000000000004de0     0x1af8 Drivers/STM32G0xx_HAL_Driver/Src/stm32g0xx_hal_i2c.o
 .debug_line    0x00000000000068d8      0x84f Drivers/STM32G0xx_HAL_Driver/Src/stm32g0xx_hal_i2c_ex.o
 .debug_line    0x0000000000007127      0x9fa Drivers/STM32G0xx_HAL_Driver/Src/stm32g0xx_hal_pwr_ex.o
 .debug_line    0x0000000000007b21      0xa1b Drivers/STM32G0xx_HAL_Driver/Src/stm32g0xx_hal_rcc.o
 .debug_line    0x000000000000853c      0xb90 Drivers/STM32G0xx_HAL_Driver/Src/stm32g0xx_hal_rcc_ex.o
 .debug_line    0x00000000000090cc     0x1187 Drivers/STM32G0xx_HAL_Driver/Src/stm32g0xx_hal_spi.o
 .debug_line    0x000000000000a253      0xd07 Drivers/STM32G0xx_HAL_Driver/Src/stm32g0xx_ll_usb.o
 .debug_line    0x000000000000af5a      0xcd9 Middlewares/ST/STM32_USB_Host_Library/Class/MSC/Src/usbh_msc.o
 .debug_line    0x000000000000bc33      0xba0 Middlewares/ST/STM32_USB_Host_Library/Class/MSC/Src/usbh_msc_bot.o
 .debug_line    0x000000000000c7d3      0xb5c Middlewares/ST/STM32_USB_Host_Library/Class/MSC/Src/usbh_msc_scsi.o
 .debug_line    0x000000000000d32f      0xda6 Middlewares/ST/STM32_USB_Host_Library/Core/Src/usbh_core.o
 .debug_line    0x000000000000e0d5      0xc8f Middlewares/ST/STM32_USB_Host_Library/Core/Src/usbh_ctlreq.o
 .debug_line    0x000000000000ed64      0xa98 Middlewares/ST/STM32_USB_Host_Library/Core/Src/usbh_ioreq.o
 .debug_line    0x000000000000f7fc      0xa4e Middlewares/ST/STM32_USB_Host_Library/Core/Src/usbh_pipes.o
 .debug_line    0x000000000001024a      0xa80 USB_Host/App/usb_host.o
 .debug_line    0x0000000000010cca      0xb8a USB_Host/Target/usbh_conf.o

.debug_str      0x0000000000000000    0xb4a73
 .debug_str     0x0000000000000000    0xa9bc8 Core/Src/main.o
                                      0xaa398 (size before relaxing)
 .debug_str     0x00000000000a9bc8       0x7a Core/Src/stm32g0xx_hal_msp.o
                                      0xaa0d1 (size before relaxing)
 .debug_str     0x00000000000a9c42       0x76 Core/Src/stm32g0xx_it.o
                                      0xa9835 (size before relaxing)
 .debug_str     0x00000000000a9cb8     0x1fbc Core/Src/sysmem.o
                                       0x5ecb (size before relaxing)
 .debug_str     0x00000000000abc74       0xa6 Core/Src/system_stm32g0xx.o
                                      0xa9911 (size before relaxing)
 .debug_str     0x00000000000abd1a       0x36 Core/Startup/startup_stm32g0b1ceux.o
                                         0x7d (size before relaxing)
 .debug_str     0x00000000000abd50      0x793 Drivers/STM32G0xx_HAL_Driver/Src/stm32g0xx_hal.o
                                      0xaa10c (size before relaxing)
 .debug_str     0x00000000000ac4e3      0x2a5 Drivers/STM32G0xx_HAL_Driver/Src/stm32g0xx_hal_cortex.o
                                      0xa9dcf (size before relaxing)
 .debug_str     0x00000000000ac788      0x27e Drivers/STM32G0xx_HAL_Driver/Src/stm32g0xx_hal_gpio.o
                                      0xa9b17 (size before relaxing)
 .debug_str     0x00000000000aca06      0x9a3 Drivers/STM32G0xx_HAL_Driver/Src/stm32g0xx_hal_hcd.o
                                      0xaa240 (size before relaxing)
 .debug_str     0x00000000000ad3a9      0xd38 Drivers/STM32G0xx_HAL_Driver/Src/stm32g0xx_hal_i2c.o
                                      0xaabdd (size before relaxing)
 .debug_str     0x00000000000ae0e1       0xb8 Drivers/STM32G0xx_HAL_Driver/Src/stm32g0xx_hal_i2c_ex.o
                                      0xa9f3f (size before relaxing)
 .debug_str     0x00000000000ae199      0x410 Drivers/STM32G0xx_HAL_Driver/Src/stm32g0xx_hal_pwr_ex.o
                                      0xa9e6b (size before relaxing)
 .debug_str     0x00000000000ae5a9      0x3c7 Drivers/STM32G0xx_HAL_Driver/Src/stm32g0xx_hal_rcc.o
                                      0xa9f70 (size before relaxing)
 .debug_str     0x00000000000ae970      0x335 Drivers/STM32G0xx_HAL_Driver/Src/stm32g0xx_hal_rcc_ex.o
                                      0xa9edb (size before relaxing)
 .debug_str     0x00000000000aeca5      0x556 Drivers/STM32G0xx_HAL_Driver/Src/stm32g0xx_hal_spi.o
                                      0xaa272 (size before relaxing)
 .debug_str     0x00000000000af1fb      0x2aa Drivers/STM32G0xx_HAL_Driver/Src/stm32g0xx_ll_usb.o
                                      0xa9e67 (size before relaxing)
 .debug_str     0x00000000000af4a5     0x4aed Middlewares/ST/STM32_USB_Host_Library/Class/MSC/Src/usbh_msc.o
                                      0xaff2a (size before relaxing)
 .debug_str     0x00000000000b3f92      0x1a7 Middlewares/ST/STM32_USB_Host_Library/Class/MSC/Src/usbh_msc_bot.o
                                      0xaff75 (size before relaxing)
 .debug_str     0x00000000000b4139       0xe1 Middlewares/ST/STM32_USB_Host_Library/Class/MSC/Src/usbh_msc_scsi.o
                                      0xafea8 (size before relaxing)
 .debug_str     0x00000000000b421a      0x266 Middlewares/ST/STM32_USB_Host_Library/Core/Src/usbh_core.o
                                      0xaf555 (size before relaxing)
 .debug_str     0x00000000000b4480      0x21d Middlewares/ST/STM32_USB_Host_Library/Core/Src/usbh_ctlreq.o
                                      0xaf579 (size before relaxing)
 .debug_str     0x00000000000b469d       0xfe Middlewares/ST/STM32_USB_Host_Library/Core/Src/usbh_ioreq.o
                                      0xaf3f4 (size before relaxing)
 .debug_str     0x00000000000b479b       0x97 Middlewares/ST/STM32_USB_Host_Library/Core/Src/usbh_pipes.o
                                      0xaf379 (size before relaxing)
 .debug_str     0x00000000000b4832       0xc7 USB_Host/App/usb_host.o
                                      0xafa31 (size before relaxing)
 .debug_str     0x00000000000b48f9      0x17a USB_Host/Target/usbh_conf.o
                                      0xafb87 (size before relaxing)

.comment        0x0000000000000000       0x7b
 .comment       0x0000000000000000       0x7b Core/Src/main.o
                                         0x7c (size before relaxing)
 .comment       0x000000000000007b       0x7c Core/Src/stm32g0xx_hal_msp.o
 .comment       0x000000000000007b       0x7c Core/Src/stm32g0xx_it.o
 .comment       0x000000000000007b       0x7c Core/Src/sysmem.o
 .comment       0x000000000000007b       0x7c Core/Src/system_stm32g0xx.o
 .comment       0x000000000000007b       0x7c Drivers/STM32G0xx_HAL_Driver/Src/stm32g0xx_hal.o
 .comment       0x000000000000007b       0x7c Drivers/STM32G0xx_HAL_Driver/Src/stm32g0xx_hal_cortex.o
 .comment       0x000000000000007b       0x7c Drivers/STM32G0xx_HAL_Driver/Src/stm32g0xx_hal_gpio.o
 .comment       0x000000000000007b       0x7c Drivers/STM32G0xx_HAL_Driver/Src/stm32g0xx_hal_hcd.o
 .comment       0x000000000000007b       0x7c Drivers/STM32G0xx_HAL_Driver/Src/stm32g0xx_hal_i2c.o
 .comment       0x000000000000007b       0x7c Drivers/STM32G0xx_HAL_Driver/Src/stm32g0xx_hal_i2c_ex.o
 .comment       0x000000000000007b       0x7c Drivers/STM32G0xx_HAL_Driver/Src/stm32g0xx_hal_pwr_ex.o
 .comment       0x000000000000007b       0x7c Drivers/STM32G0xx_HAL_Driver/Src/stm32g0xx_hal_rcc.o
 .comment       0x000000000000007b       0x7c Drivers/STM32G0xx_HAL_Driver/Src/stm32g0xx_hal_rcc_ex.o
 .comment       0x000000000000007b       0x7c Drivers/STM32G0xx_HAL_Driver/Src/stm32g0xx_hal_spi.o
 .comment       0x000000000000007b       0x7c Drivers/STM32G0xx_HAL_Driver/Src/stm32g0xx_ll_usb.o
 .comment       0x000000000000007b       0x7c Middlewares/ST/STM32_USB_Host_Library/Class/MSC/Src/usbh_msc.o
 .comment       0x000000000000007b       0x7c Middlewares/ST/STM32_USB_Host_Library/Class/MSC/Src/usbh_msc_bot.o
 .comment       0x000000000000007b       0x7c Middlewares/ST/STM32_USB_Host_Library/Class/MSC/Src/usbh_msc_scsi.o
 .comment       0x000000000000007b       0x7c Middlewares/ST/STM32_USB_Host_Library/Core/Src/usbh_core.o
 .comment       0x000000000000007b       0x7c Middlewares/ST/STM32_USB_Host_Library/Core/Src/usbh_ctlreq.o
 .comment       0x000000000000007b       0x7c Middlewares/ST/STM32_USB_Host_Library/Core/Src/usbh_ioreq.o
 .comment       0x000000000000007b       0x7c Middlewares/ST/STM32_USB_Host_Library/Core/Src/usbh_pipes.o
 .comment       0x000000000000007b       0x7c USB_Host/App/usb_host.o
 .comment       0x000000000000007b       0x7c USB_Host/Target/usbh_conf.o

.debug_frame    0x0000000000000000     0x3d38
 .debug_frame   0x0000000000000000       0xc0 Core/Src/main.o
 .debug_frame   0x00000000000000c0       0xb0 Core/Src/stm32g0xx_hal_msp.o
 .debug_frame   0x0000000000000170       0x9c Core/Src/stm32g0xx_it.o
 .debug_frame   0x000000000000020c       0x30 Core/Src/sysmem.o
 .debug_frame   0x000000000000023c       0x4c Core/Src/system_stm32g0xx.o
 .debug_frame   0x0000000000000288      0x41c Drivers/STM32G0xx_HAL_Driver/Src/stm32g0xx_hal.o
 .debug_frame   0x00000000000006a4      0x2fc Drivers/STM32G0xx_HAL_Driver/Src/stm32g0xx_hal_cortex.o
 .debug_frame   0x00000000000009a0      0x130 Drivers/STM32G0xx_HAL_Driver/Src/stm32g0xx_hal_gpio.o
 .debug_frame   0x0000000000000ad0      0x5bc Drivers/STM32G0xx_HAL_Driver/Src/stm32g0xx_hal_hcd.o
 .debug_frame   0x000000000000108c      0xa20 Drivers/STM32G0xx_HAL_Driver/Src/stm32g0xx_hal_i2c.o
 .debug_frame   0x0000000000001aac       0xd0 Drivers/STM32G0xx_HAL_Driver/Src/stm32g0xx_hal_i2c_ex.o
 .debug_frame   0x0000000000001b7c      0x3f4 Drivers/STM32G0xx_HAL_Driver/Src/stm32g0xx_hal_pwr_ex.o
 .debug_frame   0x0000000000001f70      0x1f4 Drivers/STM32G0xx_HAL_Driver/Src/stm32g0xx_hal_rcc.o
 .debug_frame   0x0000000000002164      0x1c0 Drivers/STM32G0xx_HAL_Driver/Src/stm32g0xx_hal_rcc_ex.o
 .debug_frame   0x0000000000002324      0x710 Drivers/STM32G0xx_HAL_Driver/Src/stm32g0xx_hal_spi.o
 .debug_frame   0x0000000000002a34      0x384 Drivers/STM32G0xx_HAL_Driver/Src/stm32g0xx_ll_usb.o
 .debug_frame   0x0000000000002db8      0x1a0 Middlewares/ST/STM32_USB_Host_Library/Class/MSC/Src/usbh_msc.o
 .debug_frame   0x0000000000002f58       0xd4 Middlewares/ST/STM32_USB_Host_Library/Class/MSC/Src/usbh_msc_bot.o
 .debug_frame   0x000000000000302c       0xdc Middlewares/ST/STM32_USB_Host_Library/Class/MSC/Src/usbh_msc_scsi.o
 .debug_frame   0x0000000000003108      0x2b4 Middlewares/ST/STM32_USB_Host_Library/Core/Src/usbh_core.o
 .debug_frame   0x00000000000033bc      0x244 Middlewares/ST/STM32_USB_Host_Library/Core/Src/usbh_ctlreq.o
 .debug_frame   0x0000000000003600      0x130 Middlewares/ST/STM32_USB_Host_Library/Core/Src/usbh_ioreq.o
 .debug_frame   0x0000000000003730       0xb4 Middlewares/ST/STM32_USB_Host_Library/Core/Src/usbh_pipes.o
 .debug_frame   0x00000000000037e4       0x68 USB_Host/App/usb_host.o
 .debug_frame   0x000000000000384c      0x2fc USB_Host/Target/usbh_conf.o
 .debug_frame   0x0000000000003b48       0x20 /opt/st/stm32cubeide_1.5.0/plugins/com.st.stm32cube.ide.mcu.externaltools.gnu-tools-for-stm32.7-2018-q2-update.linux64_1.5.0.202011040924/tools/bin/../lib/gcc/arm-none-eabi/7.3.1/../../../../arm-none-eabi/lib/thumb/v6-m/libc_nano.a(lib_a-errno.o)
 .debug_frame   0x0000000000003b68       0x2c /opt/st/stm32cubeide_1.5.0/plugins/com.st.stm32cube.ide.mcu.externaltools.gnu-tools-for-stm32.7-2018-q2-update.linux64_1.5.0.202011040924/tools/bin/../lib/gcc/arm-none-eabi/7.3.1/../../../../arm-none-eabi/lib/thumb/v6-m/libc_nano.a(lib_a-init.o)
 .debug_frame   0x0000000000003b94       0x40 /opt/st/stm32cubeide_1.5.0/plugins/com.st.stm32cube.ide.mcu.externaltools.gnu-tools-for-stm32.7-2018-q2-update.linux64_1.5.0.202011040924/tools/bin/../lib/gcc/arm-none-eabi/7.3.1/../../../../arm-none-eabi/lib/thumb/v6-m/libc_nano.a(lib_a-malloc.o)
 .debug_frame   0x0000000000003bd4       0x28 /opt/st/stm32cubeide_1.5.0/plugins/com.st.stm32cube.ide.mcu.externaltools.gnu-tools-for-stm32.7-2018-q2-update.linux64_1.5.0.202011040924/tools/bin/../lib/gcc/arm-none-eabi/7.3.1/../../../../arm-none-eabi/lib/thumb/v6-m/libc_nano.a(lib_a-memcpy-stub.o)
 .debug_frame   0x0000000000003bfc       0x20 /opt/st/stm32cubeide_1.5.0/plugins/com.st.stm32cube.ide.mcu.externaltools.gnu-tools-for-stm32.7-2018-q2-update.linux64_1.5.0.202011040924/tools/bin/../lib/gcc/arm-none-eabi/7.3.1/../../../../arm-none-eabi/lib/thumb/v6-m/libc_nano.a(lib_a-memset.o)
 .debug_frame   0x0000000000003c1c       0x2c /opt/st/stm32cubeide_1.5.0/plugins/com.st.stm32cube.ide.mcu.externaltools.gnu-tools-for-stm32.7-2018-q2-update.linux64_1.5.0.202011040924/tools/bin/../lib/gcc/arm-none-eabi/7.3.1/../../../../arm-none-eabi/lib/thumb/v6-m/libc_nano.a(lib_a-nano-freer.o)
 .debug_frame   0x0000000000003c48       0x2c /opt/st/stm32cubeide_1.5.0/plugins/com.st.stm32cube.ide.mcu.externaltools.gnu-tools-for-stm32.7-2018-q2-update.linux64_1.5.0.202011040924/tools/bin/../lib/gcc/arm-none-eabi/7.3.1/../../../../arm-none-eabi/lib/thumb/v6-m/libc_nano.a(lib_a-nano-mallocr.o)
 .debug_frame   0x0000000000003c74       0x2c /opt/st/stm32cubeide_1.5.0/plugins/com.st.stm32cube.ide.mcu.externaltools.gnu-tools-for-stm32.7-2018-q2-update.linux64_1.5.0.202011040924/tools/bin/../lib/gcc/arm-none-eabi/7.3.1/../../../../arm-none-eabi/lib/thumb/v6-m/libc_nano.a(lib_a-sbrkr.o)
 .debug_frame   0x0000000000003ca0       0x30 /opt/st/stm32cubeide_1.5.0/plugins/com.st.stm32cube.ide.mcu.externaltools.gnu-tools-for-stm32.7-2018-q2-update.linux64_1.5.0.202011040924/tools/bin/../lib/gcc/arm-none-eabi/7.3.1/../../../../arm-none-eabi/lib/thumb/v6-m/libc_nano.a(lib_a-mlock.o)
 .debug_frame   0x0000000000003cd0       0x48 /opt/st/stm32cubeide_1.5.0/plugins/com.st.stm32cube.ide.mcu.externaltools.gnu-tools-for-stm32.7-2018-q2-update.linux64_1.5.0.202011040924/tools/bin/../lib/gcc/arm-none-eabi/7.3.1/../../../../arm-none-eabi/lib/thumb/v6-m/libc_nano.a(lib_a-reent.o)
 .debug_frame   0x0000000000003d18       0x20 /opt/st/stm32cubeide_1.5.0/plugins/com.st.stm32cube.ide.mcu.externaltools.gnu-tools-for-stm32.7-2018-q2-update.linux64_1.5.0.202011040924/tools/bin/../lib/gcc/arm-none-eabi/7.3.1/thumb/v6-m/libgcc.a(_udivsi3.o)
