

================================================================
== Vitis HLS Report for 'display_shift_label2_proc'
================================================================
* Date:           Thu Jun  3 14:10:48 2021

* Version:        2020.2 (Build 3064766 on Wed Nov 18 09:12:47 MST 2020)
* Project:        display_shift
* Solution:       solution1 (Vivado IP Flow Target)
* Product family: zynq
* Target device:  xc7z020-clg484-1


================================================================
== Performance Estimates
================================================================
+ Timing: 
    * Summary: 
    +--------+----------+----------+------------+
    |  Clock |  Target  | Estimated| Uncertainty|
    +--------+----------+----------+------------+
    |ap_clk  |  10.00 ns|  7.300 ns|     2.70 ns|
    +--------+----------+----------+------------+

+ Latency: 
    * Summary: 
    +---------+---------+----------+----------+-----+-----+---------+
    |  Latency (cycles) |  Latency (absolute) |  Interval | Pipeline|
    |   min   |   max   |    min   |    max   | min | max |   Type  |
    +---------+---------+----------+----------+-----+-----+---------+
    |       12|      651|  0.120 us|  6.510 us|   12|  651|     none|
    +---------+---------+----------+----------+-----+-----+---------+

    + Detail: 
        * Instance: 
        N/A

        * Loop: 
        +------------------------+---------+---------+----------+-----------+-----------+---------+----------+
        |                        |  Latency (cycles) | Iteration|  Initiation Interval  |   Trip  |          |
        |        Loop Name       |   min   |   max   |  Latency |  achieved |   target  |  Count  | Pipelined|
        +------------------------+---------+---------+----------+-----------+-----------+---------+----------+
        |- display_shift_label2  |        2|      641|         3|          1|          1|  1 ~ 640|       yes|
        +------------------------+---------+---------+----------+-----------+-----------+---------+----------+

============================================================
+ Verbose Summary: Synthesis Manager
============================================================
InlineROM: 1
ExposeGlobal: 0
============================================================
+ Verbose Summary: CDFG Model
============================================================
IsTopModel: 0
ResetActiveHigh: 1
IsCombinational: 2
IsDatapathOnly: 0
HasWiredReturn: 1
HasMFsm: 0
HasVarLatency: 1
IsPipeline: 0
IsRtlPipelined: 0
IsInstanceOverlapped: 0
IsDontTouch: 0
HasImplIP: 0
IsGatedGlobalClock: 0

+ Individual pipeline summary: 
  * Pipeline-0: initiation interval (II) = 1, depth = 3


============================================================
+ Verbose Summary: Schedule
============================================================
* Number of FSM states : 13
* Pipeline : 1
  Pipeline-0 : II = 1, D = 3, States = { 6 7 8 }
* Dataflow Pipeline: 0

* FSM state transitions: 
1 --> 2 
2 --> 3 
3 --> 4 
4 --> 5 
5 --> 6 
6 --> 9 7 
7 --> 8 
8 --> 6 
9 --> 10 
10 --> 11 
11 --> 12 
12 --> 13 
13 --> 

* FSM state operations: 

State 1 <SV = 0> <Delay = 6.18>
ST_1 : Operation 14 [1/1] (3.63ns)   --->   "%width_read = read i32 @_ssdm_op_Read.ap_fifo.i32P0A, i32 %width"   --->   Operation 14 'read' 'width_read' <Predicate = true> <Delay = 3.63> <CoreInst = "FIFO_SRL">   --->   Core 81 'FIFO_SRL' <Latency = 0> <II = 1> <Delay = 3.63> <Storage> <Opcode : 'read' 'write' 'nbread' 'nbwrite'> <Ports = 0> <Width = 32> <Depth = 2> <FIFO>
ST_1 : Operation 15 [1/1] (3.63ns)   --->   "%xend_read = read i32 @_ssdm_op_Read.ap_fifo.i32P0A, i32 %xend"   --->   Operation 15 'read' 'xend_read' <Predicate = true> <Delay = 3.63> <CoreInst = "FIFO_SRL">   --->   Core 81 'FIFO_SRL' <Latency = 0> <II = 1> <Delay = 3.63> <Storage> <Opcode : 'read' 'write' 'nbread' 'nbwrite'> <Ports = 0> <Width = 32> <Depth = 2> <FIFO>
ST_1 : Operation 16 [1/1] (3.63ns)   --->   "%y_2_read = read i32 @_ssdm_op_Read.ap_fifo.i32P0A, i32 %y_2"   --->   Operation 16 'read' 'y_2_read' <Predicate = true> <Delay = 3.63> <CoreInst = "FIFO_SRL">   --->   Core 81 'FIFO_SRL' <Latency = 0> <II = 1> <Delay = 3.63> <Storage> <Opcode : 'read' 'write' 'nbread' 'nbwrite'> <Ports = 0> <Width = 32> <Depth = 2> <FIFO>
ST_1 : Operation 17 [1/1] (3.63ns)   --->   "%yend_read = read i32 @_ssdm_op_Read.ap_fifo.i32P0A, i32 %yend"   --->   Operation 17 'read' 'yend_read' <Predicate = true> <Delay = 3.63> <CoreInst = "FIFO_SRL">   --->   Core 81 'FIFO_SRL' <Latency = 0> <II = 1> <Delay = 3.63> <Storage> <Opcode : 'read' 'write' 'nbread' 'nbwrite'> <Ports = 0> <Width = 32> <Depth = 2> <FIFO>
ST_1 : Operation 18 [1/1] (3.63ns)   --->   "%frame_size_read = read i32 @_ssdm_op_Read.ap_fifo.i32P0A, i32 %frame_size"   --->   Operation 18 'read' 'frame_size_read' <Predicate = true> <Delay = 3.63> <CoreInst = "FIFO_SRL">   --->   Core 81 'FIFO_SRL' <Latency = 0> <II = 1> <Delay = 3.63> <Storage> <Opcode : 'read' 'write' 'nbread' 'nbwrite'> <Ports = 0> <Width = 32> <Depth = 2> <FIFO>
ST_1 : Operation 19 [1/1] (3.63ns)   --->   "%ddr_update_read = read i64 @_ssdm_op_Read.ap_fifo.i64P0A, i64 %ddr_update"   --->   Operation 19 'read' 'ddr_update_read' <Predicate = true> <Delay = 3.63> <CoreInst = "FIFO_SRL">   --->   Core 81 'FIFO_SRL' <Latency = 0> <II = 1> <Delay = 3.63> <Storage> <Opcode : 'read' 'write' 'nbread' 'nbwrite'> <Ports = 0> <Width = 64> <Depth = 2> <FIFO>
ST_1 : Operation 20 [1/1] (0.00ns)   --->   "%lhs_1_i = sext i32 %y_2_read"   --->   Operation 20 'sext' 'lhs_1_i' <Predicate = true> <Delay = 0.00>
ST_1 : Operation 21 [1/1] (0.00ns)   --->   "%rhs_3_i = zext i32 %yend_read"   --->   Operation 21 'zext' 'rhs_3_i' <Predicate = true> <Delay = 0.00>
ST_1 : Operation 22 [1/1] (2.55ns)   --->   "%ret_3_i = add i34 %lhs_1_i, i34 %rhs_3_i"   --->   Operation 22 'add' 'ret_3_i' <Predicate = true> <Delay = 2.55> <CoreInst = "Adder">   --->   Core 1 'Adder' <Latency = 0> <II = 1> <Delay = 3.52> <FuncUnit> <Opcode : 'add' 'sub'> <InPorts = 2> <OutPorts = 1>

State 2 <SV = 1> <Delay = 6.91>
ST_2 : Operation 23 [1/1] (0.00ns)   --->   "%sext_ln534 = sext i34 %ret_3_i"   --->   Operation 23 'sext' 'sext_ln534' <Predicate = true> <Delay = 0.00>
ST_2 : Operation 24 [1/1] (0.00ns)   --->   "%zext_ln534 = zext i32 %frame_size_read"   --->   Operation 24 'zext' 'zext_ln534' <Predicate = true> <Delay = 0.00>
ST_2 : Operation 25 [2/2] (6.91ns)   --->   "%mul_ln534 = mul i62 %sext_ln534, i62 %zext_ln534"   --->   Operation 25 'mul' 'mul_ln534' <Predicate = true> <Delay = 6.91> <CoreInst = "Multiplier">   --->   Core 3 'Multiplier' <Latency = 1> <II = 1> <Delay = 6.91> <FuncUnit> <Opcode : 'mul'> <InPorts = 2> <OutPorts = 1>

State 3 <SV = 2> <Delay = 6.91>
ST_3 : Operation 26 [1/2] (6.91ns)   --->   "%mul_ln534 = mul i62 %sext_ln534, i62 %zext_ln534"   --->   Operation 26 'mul' 'mul_ln534' <Predicate = true> <Delay = 6.91> <CoreInst = "Multiplier">   --->   Core 3 'Multiplier' <Latency = 1> <II = 1> <Delay = 6.91> <FuncUnit> <Opcode : 'mul'> <InPorts = 2> <OutPorts = 1>

State 4 <SV = 3> <Delay = 6.98>
ST_4 : Operation 27 [1/1] (0.00ns)   --->   "%zext_ln534_1 = zext i32 %xend_read"   --->   Operation 27 'zext' 'zext_ln534_1' <Predicate = true> <Delay = 0.00>
ST_4 : Operation 28 [1/1] (3.46ns)   --->   "%add_ln329 = add i62 %mul_ln534, i62 %zext_ln534_1"   --->   Operation 28 'add' 'add_ln329' <Predicate = true> <Delay = 3.46> <CoreInst = "Adder">   --->   Core 1 'Adder' <Latency = 0> <II = 1> <Delay = 3.52> <FuncUnit> <Opcode : 'add' 'sub'> <InPorts = 2> <OutPorts = 1>
ST_4 : Operation 29 [1/1] (0.00ns)   --->   "%shl_ln329_1 = bitconcatenate i64 @_ssdm_op_BitConcatenate.i64.i62.i2, i62 %add_ln329, i2 0"   --->   Operation 29 'bitconcatenate' 'shl_ln329_1' <Predicate = true> <Delay = 0.00>
ST_4 : Operation 30 [1/1] (3.52ns)   --->   "%add_ln329_1 = add i64 %ddr_update_read, i64 %shl_ln329_1"   --->   Operation 30 'add' 'add_ln329_1' <Predicate = true> <Delay = 3.52> <CoreInst = "Adder">   --->   Core 1 'Adder' <Latency = 0> <II = 1> <Delay = 3.52> <FuncUnit> <Opcode : 'add' 'sub'> <InPorts = 2> <OutPorts = 1>
ST_4 : Operation 31 [1/1] (0.00ns)   --->   "%trunc_ln329_1 = partselect i62 @_ssdm_op_PartSelect.i62.i64.i32.i32, i64 %add_ln329_1, i32 2, i32 63"   --->   Operation 31 'partselect' 'trunc_ln329_1' <Predicate = true> <Delay = 0.00>
ST_4 : Operation 32 [1/1] (0.00ns)   --->   "%sext_ln329 = sext i62 %trunc_ln329_1"   --->   Operation 32 'sext' 'sext_ln329' <Predicate = true> <Delay = 0.00>
ST_4 : Operation 33 [1/1] (0.00ns)   --->   "%update_addr = getelementptr i32 %update, i64 %sext_ln329"   --->   Operation 33 'getelementptr' 'update_addr' <Predicate = true> <Delay = 0.00>

State 5 <SV = 4> <Delay = 7.30>
ST_5 : Operation 34 [1/1] (0.00ns)   --->   "%specinterface_ln0 = specinterface void @_ssdm_op_SpecInterface, i32 %update, void @empty_19, i32 0, i32 0, void @empty_15, i32 0, i32 307200, void @empty_7, void @empty_14, void @empty_15, i32 16, i32 16, i32 16, i32 32, void @empty_15, void @empty_15"   --->   Operation 34 'specinterface' 'specinterface_ln0' <Predicate = true> <Delay = 0.00>
ST_5 : Operation 35 [1/1] (0.00ns)   --->   "%specinterface_ln0 = specinterface void @_ssdm_op_SpecInterface, i64 %ddr_update, void @ap_fifo_str, i32 0, i32 0, void @p_str, i32 0, i32 0, void @p_str, void @p_str, void @p_str, i32 2, i32 2, i32 16, i32 16, void @p_str, void @ScalarProp_str"   --->   Operation 35 'specinterface' 'specinterface_ln0' <Predicate = true> <Delay = 0.00>
ST_5 : Operation 36 [1/1] (0.00ns)   --->   "%specinterface_ln0 = specinterface void @_ssdm_op_SpecInterface, i32 %frame_size, void @ap_fifo_str, i32 0, i32 0, void @p_str, i32 0, i32 0, void @p_str, void @p_str, void @p_str, i32 2, i32 2, i32 16, i32 16, void @p_str, void @ScalarProp_str"   --->   Operation 36 'specinterface' 'specinterface_ln0' <Predicate = true> <Delay = 0.00>
ST_5 : Operation 37 [1/1] (0.00ns)   --->   "%specinterface_ln0 = specinterface void @_ssdm_op_SpecInterface, i32 %yend, void @ap_fifo_str, i32 0, i32 0, void @p_str, i32 0, i32 0, void @p_str, void @p_str, void @p_str, i32 2, i32 2, i32 16, i32 16, void @p_str, void @ScalarProp_str"   --->   Operation 37 'specinterface' 'specinterface_ln0' <Predicate = true> <Delay = 0.00>
ST_5 : Operation 38 [1/1] (0.00ns)   --->   "%specinterface_ln0 = specinterface void @_ssdm_op_SpecInterface, i32 %y_2, void @ap_fifo_str, i32 0, i32 0, void @p_str, i32 0, i32 0, void @p_str, void @p_str, void @p_str, i32 2, i32 2, i32 16, i32 16, void @p_str, void @ScalarProp_str"   --->   Operation 38 'specinterface' 'specinterface_ln0' <Predicate = true> <Delay = 0.00>
ST_5 : Operation 39 [1/1] (0.00ns)   --->   "%specinterface_ln0 = specinterface void @_ssdm_op_SpecInterface, i32 %xend, void @ap_fifo_str, i32 0, i32 0, void @p_str, i32 0, i32 0, void @p_str, void @p_str, void @p_str, i32 2, i32 2, i32 16, i32 16, void @p_str, void @ScalarProp_str"   --->   Operation 39 'specinterface' 'specinterface_ln0' <Predicate = true> <Delay = 0.00>
ST_5 : Operation 40 [1/1] (0.00ns)   --->   "%specinterface_ln0 = specinterface void @_ssdm_op_SpecInterface, i32 %width, void @ap_fifo_str, i32 0, i32 0, void @p_str, i32 0, i32 0, void @p_str, void @p_str, void @p_str, i32 2, i32 2, i32 16, i32 16, void @p_str, void @ScalarProp_str"   --->   Operation 40 'specinterface' 'specinterface_ln0' <Predicate = true> <Delay = 0.00>
ST_5 : Operation 41 [1/1] (0.00ns)   --->   "%specinterface_ln0 = specinterface void @_ssdm_op_SpecInterface, i32 %update, void @empty_19, i32 0, i32 0, void @empty_15, i32 0, i32 307200, void @empty_7, void @empty_14, void @empty_15, i32 16, i32 16, i32 16, i32 32, void @empty_15, void @empty_15"   --->   Operation 41 'specinterface' 'specinterface_ln0' <Predicate = true> <Delay = 0.00>
ST_5 : Operation 42 [1/1] (7.30ns)   --->   "%update_addr_1_wr_req = writereq i1 @_ssdm_op_WriteReq.m_axi.i32P1A, i32 %update_addr, i32 %width_read"   --->   Operation 42 'writereq' 'update_addr_1_wr_req' <Predicate = true> <Delay = 7.30> <CoreInst = "m_axi">   --->   Core 113 'm_axi' <Latency = 6> <II = 1> <Delay = 1.00> <Adapter> <Opcode : 'read' 'write' 'readreq' 'writereq' 'writeresp'>
ST_5 : Operation 43 [1/1] (1.58ns)   --->   "%br_ln0 = br void"   --->   Operation 43 'br' 'br_ln0' <Predicate = true> <Delay = 1.58>

State 6 <SV = 5> <Delay = 3.25>
ST_6 : Operation 44 [1/1] (0.00ns)   --->   "%x = phi i32 %add_ln42, void, i32 0, void %entry"   --->   Operation 44 'phi' 'x' <Predicate = true> <Delay = 0.00>
ST_6 : Operation 45 [1/1] (2.55ns)   --->   "%add_ln42 = add i32 %x, i32 1" [display_shift.cpp:42]   --->   Operation 45 'add' 'add_ln42' <Predicate = true> <Delay = 2.55> <CoreInst = "Adder">   --->   Core 1 'Adder' <Latency = 0> <II = 1> <Delay = 3.52> <FuncUnit> <Opcode : 'add' 'sub'> <InPorts = 2> <OutPorts = 1>
ST_6 : Operation 46 [1/1] (2.47ns)   --->   "%icmp_ln878 = icmp_eq  i32 %x, i32 %width_read"   --->   Operation 46 'icmp' 'icmp_ln878' <Predicate = true> <Delay = 2.47> <CoreInst = "Cmp">   --->   Core 9 'Cmp' <Latency = 0> <II = 1> <Delay = 2.47> <FuncUnit> <Opcode : 'icmp'> <InPorts = 2> <OutPorts = 1>
ST_6 : Operation 47 [1/1] (0.00ns)   --->   "%br_ln42 = br i1 %icmp_ln878, void, void %.exit" [display_shift.cpp:42]   --->   Operation 47 'br' 'br_ln42' <Predicate = true> <Delay = 0.00>
ST_6 : Operation 48 [1/1] (0.00ns)   --->   "%zext_ln42 = zext i32 %x" [display_shift.cpp:42]   --->   Operation 48 'zext' 'zext_ln42' <Predicate = (!icmp_ln878)> <Delay = 0.00>
ST_6 : Operation 49 [1/1] (0.00ns)   --->   "%copy_V1_addr = getelementptr i32 %copy_V1, i64 0, i64 %zext_ln42"   --->   Operation 49 'getelementptr' 'copy_V1_addr' <Predicate = (!icmp_ln878)> <Delay = 0.00>
ST_6 : Operation 50 [2/2] (3.25ns)   --->   "%copy_V1_load = load i10 %copy_V1_addr"   --->   Operation 50 'load' 'copy_V1_load' <Predicate = (!icmp_ln878)> <Delay = 3.25> <CoreInst = "RAM">   --->   Core 82 'RAM' <Latency = 1> <II = 1> <Delay = 3.25> <Storage> <Opcode : 'load' 'store'> <Ports = 2> <Width = 32> <Depth = 640> <RAM>

State 7 <SV = 6> <Delay = 3.25>
ST_7 : Operation 51 [1/2] (3.25ns)   --->   "%copy_V1_load = load i10 %copy_V1_addr"   --->   Operation 51 'load' 'copy_V1_load' <Predicate = (!icmp_ln878)> <Delay = 3.25> <CoreInst = "RAM">   --->   Core 82 'RAM' <Latency = 1> <II = 1> <Delay = 3.25> <Storage> <Opcode : 'load' 'store'> <Ports = 2> <Width = 32> <Depth = 640> <RAM>

State 8 <SV = 7> <Delay = 7.30>
ST_8 : Operation 52 [1/1] (0.00ns)   --->   "%specpipeline_ln1461 = specpipeline void @_ssdm_op_SpecPipeline, i32 4294967295, i32 0, i32 0, i32 0, void @empty_15"   --->   Operation 52 'specpipeline' 'specpipeline_ln1461' <Predicate = (!icmp_ln878)> <Delay = 0.00>
ST_8 : Operation 53 [1/1] (0.00ns)   --->   "%speclooptripcount_ln1461 = speclooptripcount void @_ssdm_op_SpecLoopTripCount, i64 1, i64 640, i64 640"   --->   Operation 53 'speclooptripcount' 'speclooptripcount_ln1461' <Predicate = (!icmp_ln878)> <Delay = 0.00>
ST_8 : Operation 54 [1/1] (0.00ns)   --->   "%specloopname_ln1461 = specloopname void @_ssdm_op_SpecLoopName, void @empty_10"   --->   Operation 54 'specloopname' 'specloopname_ln1461' <Predicate = (!icmp_ln878)> <Delay = 0.00>
ST_8 : Operation 55 [1/1] (7.30ns)   --->   "%write_ln329 = write void @_ssdm_op_Write.m_axi.i32P1A, i32 %update_addr, i32 %copy_V1_load, i4 15"   --->   Operation 55 'write' 'write_ln329' <Predicate = (!icmp_ln878)> <Delay = 7.30> <CoreInst = "m_axi">   --->   Core 113 'm_axi' <Latency = 6> <II = 1> <Delay = 1.00> <Adapter> <Opcode : 'read' 'write' 'readreq' 'writereq' 'writeresp'>
ST_8 : Operation 56 [1/1] (0.00ns)   --->   "%br_ln42 = br void" [display_shift.cpp:42]   --->   Operation 56 'br' 'br_ln42' <Predicate = (!icmp_ln878)> <Delay = 0.00>

State 9 <SV = 6> <Delay = 7.30>
ST_9 : Operation 57 [5/5] (7.30ns)   --->   "%update_addr_1_wr_resp = writeresp i1 @_ssdm_op_WriteResp.m_axi.i32P1A, i32 %update_addr"   --->   Operation 57 'writeresp' 'update_addr_1_wr_resp' <Predicate = true> <Delay = 7.30> <CoreInst = "m_axi">   --->   Core 113 'm_axi' <Latency = 6> <II = 1> <Delay = 1.00> <Adapter> <Opcode : 'read' 'write' 'readreq' 'writereq' 'writeresp'>

State 10 <SV = 7> <Delay = 7.30>
ST_10 : Operation 58 [4/5] (7.30ns)   --->   "%update_addr_1_wr_resp = writeresp i1 @_ssdm_op_WriteResp.m_axi.i32P1A, i32 %update_addr"   --->   Operation 58 'writeresp' 'update_addr_1_wr_resp' <Predicate = true> <Delay = 7.30> <CoreInst = "m_axi">   --->   Core 113 'm_axi' <Latency = 6> <II = 1> <Delay = 1.00> <Adapter> <Opcode : 'read' 'write' 'readreq' 'writereq' 'writeresp'>

State 11 <SV = 8> <Delay = 7.30>
ST_11 : Operation 59 [3/5] (7.30ns)   --->   "%update_addr_1_wr_resp = writeresp i1 @_ssdm_op_WriteResp.m_axi.i32P1A, i32 %update_addr"   --->   Operation 59 'writeresp' 'update_addr_1_wr_resp' <Predicate = true> <Delay = 7.30> <CoreInst = "m_axi">   --->   Core 113 'm_axi' <Latency = 6> <II = 1> <Delay = 1.00> <Adapter> <Opcode : 'read' 'write' 'readreq' 'writereq' 'writeresp'>

State 12 <SV = 9> <Delay = 7.30>
ST_12 : Operation 60 [2/5] (7.30ns)   --->   "%update_addr_1_wr_resp = writeresp i1 @_ssdm_op_WriteResp.m_axi.i32P1A, i32 %update_addr"   --->   Operation 60 'writeresp' 'update_addr_1_wr_resp' <Predicate = true> <Delay = 7.30> <CoreInst = "m_axi">   --->   Core 113 'm_axi' <Latency = 6> <II = 1> <Delay = 1.00> <Adapter> <Opcode : 'read' 'write' 'readreq' 'writereq' 'writeresp'>

State 13 <SV = 10> <Delay = 7.30>
ST_13 : Operation 61 [1/5] (7.30ns)   --->   "%update_addr_1_wr_resp = writeresp i1 @_ssdm_op_WriteResp.m_axi.i32P1A, i32 %update_addr"   --->   Operation 61 'writeresp' 'update_addr_1_wr_resp' <Predicate = true> <Delay = 7.30> <CoreInst = "m_axi">   --->   Core 113 'm_axi' <Latency = 6> <II = 1> <Delay = 1.00> <Adapter> <Opcode : 'read' 'write' 'readreq' 'writereq' 'writeresp'>
ST_13 : Operation 62 [1/1] (0.00ns)   --->   "%ret_ln0 = ret"   --->   Operation 62 'ret' 'ret_ln0' <Predicate = true> <Delay = 0.00>


============================================================
+ Verbose Summary: Timing violations
============================================================
Target clock period: 10ns, clock uncertainty: 2.7ns.

 <State 1>: 6.19ns
The critical path consists of the following:
	fifo read on port 'y_2' [18]  (3.63 ns)
	'add' operation ('ret_3_i') [25]  (2.55 ns)

 <State 2>: 6.91ns
The critical path consists of the following:
	'mul' operation ('mul_ln534') [28]  (6.91 ns)

 <State 3>: 6.91ns
The critical path consists of the following:
	'mul' operation ('mul_ln534') [28]  (6.91 ns)

 <State 4>: 6.99ns
The critical path consists of the following:
	'add' operation ('add_ln329') [30]  (3.47 ns)
	'add' operation ('add_ln329_1') [32]  (3.52 ns)

 <State 5>: 7.3ns
The critical path consists of the following:
	bus request on port 'update' [36]  (7.3 ns)

 <State 6>: 3.25ns
The critical path consists of the following:
	'phi' operation ('x') with incoming values : ('add_ln42', display_shift.cpp:42) [39]  (0 ns)
	'getelementptr' operation ('copy_V1_addr') [48]  (0 ns)
	'load' operation ('copy_V1_load') on array 'copy_V1' [49]  (3.25 ns)

 <State 7>: 3.25ns
The critical path consists of the following:
	'load' operation ('copy_V1_load') on array 'copy_V1' [49]  (3.25 ns)

 <State 8>: 7.3ns
The critical path consists of the following:
	bus write on port 'update' [50]  (7.3 ns)

 <State 9>: 7.3ns
The critical path consists of the following:
	bus response on port 'update' [53]  (7.3 ns)

 <State 10>: 7.3ns
The critical path consists of the following:
	bus response on port 'update' [53]  (7.3 ns)

 <State 11>: 7.3ns
The critical path consists of the following:
	bus response on port 'update' [53]  (7.3 ns)

 <State 12>: 7.3ns
The critical path consists of the following:
	bus response on port 'update' [53]  (7.3 ns)

 <State 13>: 7.3ns
The critical path consists of the following:
	bus response on port 'update' [53]  (7.3 ns)


============================================================
+ Verbose Summary: Binding
============================================================
N/A
* FSMD analyzer results:
  - Output states:
 - Input state : 
  - Chain level:
	State 1
	State 2
	State 3
	State 4
	State 5
	State 6
	State 7
	State 8
	State 9
	State 10
	State 11
	State 12
	State 13


============================================================
+ Verbose Summary: Datapath Resource usage 
============================================================
N/A
