

================================================================
== Vitis HLS Report for 'Block_entry_proc_proc7'
================================================================
* Date:           Tue Jun  1 15:08:04 2021

* Version:        2020.2 (Build 3064766 on Wed Nov 18 09:12:47 MST 2020)
* Project:        background_loop
* Solution:       solution1 (Vivado IP Flow Target)
* Product family: zynq
* Target device:  xc7z020-clg400-1


================================================================
== Performance Estimates
================================================================
+ Timing: 
    * Summary: 
    +--------+----------+----------+------------+
    |  Clock |  Target  | Estimated| Uncertainty|
    +--------+----------+----------+------------+
    |ap_clk  |  10.00 ns|  7.300 ns|     2.70 ns|
    +--------+----------+----------+------------+

+ Latency: 
    * Summary: 
    +---------+---------+-----------+-----------+-----+-----+---------+
    |  Latency (cycles) |   Latency (absolute)  |  Interval | Pipeline|
    |   min   |   max   |    min    |    max    | min | max |   Type  |
    +---------+---------+-----------+-----------+-----+-----+---------+
    |        9|        9|  90.000 ns|  90.000 ns|    9|    9|     none|
    +---------+---------+-----------+-----------+-----+-----+---------+

    + Detail: 
        * Instance: 
        N/A

        * Loop: 
        N/A



================================================================
== Utilization Estimates
================================================================
* Summary: 
+-----------------+---------+-----+--------+-------+-----+
|       Name      | BRAM_18K| DSP |   FF   |  LUT  | URAM|
+-----------------+---------+-----+--------+-------+-----+
|DSP              |        -|    -|       -|      -|    -|
|Expression       |        -|    -|       0|     73|    -|
|FIFO             |        -|    -|       -|      -|    -|
|Instance         |        -|    0|     165|     50|    -|
|Memory           |        -|    -|       -|      -|    -|
|Multiplexer      |        -|    -|       -|     95|    -|
|Register         |        -|    -|     169|      -|    -|
+-----------------+---------+-----+--------+-------+-----+
|Total            |        0|    0|     334|    218|    0|
+-----------------+---------+-----+--------+-------+-----+
|Available        |      280|  220|  106400|  53200|    0|
+-----------------+---------+-----+--------+-------+-----+
|Utilization (%)  |        0|    0|      ~0|     ~0|    0|
+-----------------+---------+-----+--------+-------+-----+

+ Detail: 
    * Instance: 
    +--------------------------+----------------------+---------+----+-----+----+-----+
    |         Instance         |        Module        | BRAM_18K| DSP|  FF | LUT| URAM|
    +--------------------------+----------------------+---------+----+-----+----+-----+
    |mul_32ns_32ns_62_2_1_U59  |mul_32ns_32ns_62_2_1  |        0|   0|  165|  50|    0|
    +--------------------------+----------------------+---------+----+-----+----+-----+
    |Total                     |                      |        0|   0|  165|  50|    0|
    +--------------------------+----------------------+---------+----+-----+----+-----+

    * DSP: 
    N/A

    * Memory: 
    N/A

    * FIFO: 
    N/A

    * Expression: 
    +---------------------+----------+----+---+----+------------+------------+
    |    Variable Name    | Operation| DSP| FF| LUT| Bitwidth P0| Bitwidth P1|
    +---------------------+----------+----+---+----+------------+------------+
    |add_ln329_fu_126_p2  |         +|   0|  0|  71|          64|          64|
    |ap_block_state1      |        or|   0|  0|   2|           1|           1|
    +---------------------+----------+----+---+----+------------+------------+
    |Total                |          |   0|  0|  73|          65|          65|
    +---------------------+----------+----+---+----+------------+------------+

    * Multiplexer: 
    +-----------------+----+-----------+-----+-----------+
    |       Name      | LUT| Input Size| Bits| Total Bits|
    +-----------------+----+-----------+-----+-----------+
    |ap_NS_fsm        |  59|         11|    1|         11|
    |ap_done          |   9|          2|    1|          2|
    |update_blk_n_AW  |   9|          2|    1|          2|
    |update_blk_n_B   |   9|          2|    1|          2|
    |update_blk_n_W   |   9|          2|    1|          2|
    +-----------------+----+-----------+-----+-----------+
    |Total            |  95|         19|    5|         19|
    +-----------------+----+-----------+-----+-----------+

    * Register: 
    +----------------------+----+----+-----+-----------+
    |         Name         | FF | LUT| Bits| Const Bits|
    +----------------------+----+----+-----+-----------+
    |ap_CS_fsm             |  10|   0|   10|          0|
    |ap_done_reg           |   1|   0|    1|          0|
    |mul_ln329_reg_167     |  62|   0|   62|          0|
    |update_addr_reg_177   |  64|   0|   64|          0|
    |ycopy_V_load_reg_183  |  32|   0|   32|          0|
    +----------------------+----+----+-----+-----------+
    |Total                 | 169|   0|  169|          0|
    +----------------------+----+----+-----+-----------+



================================================================
== Interface
================================================================
* Summary: 
+-----------------------+-----+-----+------------+------------------------+--------------+
|       RTL Ports       | Dir | Bits|  Protocol  |      Source Object     |    C Type    |
+-----------------------+-----+-----+------------+------------------------+--------------+
|ap_clk                 |   in|    1|  ap_ctrl_hs|  Block_entry_proc_proc7|  return value|
|ap_rst                 |   in|    1|  ap_ctrl_hs|  Block_entry_proc_proc7|  return value|
|ap_start               |   in|    1|  ap_ctrl_hs|  Block_entry_proc_proc7|  return value|
|ap_done                |  out|    1|  ap_ctrl_hs|  Block_entry_proc_proc7|  return value|
|ap_continue            |   in|    1|  ap_ctrl_hs|  Block_entry_proc_proc7|  return value|
|ap_idle                |  out|    1|  ap_ctrl_hs|  Block_entry_proc_proc7|  return value|
|ap_ready               |  out|    1|  ap_ctrl_hs|  Block_entry_proc_proc7|  return value|
|ycopy_V_address0       |  out|   10|   ap_memory|                 ycopy_V|         array|
|ycopy_V_ce0            |  out|    1|   ap_memory|                 ycopy_V|         array|
|ycopy_V_q0             |   in|   32|   ap_memory|                 ycopy_V|         array|
|trunc_ln329            |   in|   32|     ap_none|             trunc_ln329|        scalar|
|m_axi_update_AWVALID   |  out|    1|       m_axi|                  update|       pointer|
|m_axi_update_AWREADY   |   in|    1|       m_axi|                  update|       pointer|
|m_axi_update_AWADDR    |  out|   64|       m_axi|                  update|       pointer|
|m_axi_update_AWID      |  out|    1|       m_axi|                  update|       pointer|
|m_axi_update_AWLEN     |  out|   32|       m_axi|                  update|       pointer|
|m_axi_update_AWSIZE    |  out|    3|       m_axi|                  update|       pointer|
|m_axi_update_AWBURST   |  out|    2|       m_axi|                  update|       pointer|
|m_axi_update_AWLOCK    |  out|    2|       m_axi|                  update|       pointer|
|m_axi_update_AWCACHE   |  out|    4|       m_axi|                  update|       pointer|
|m_axi_update_AWPROT    |  out|    3|       m_axi|                  update|       pointer|
|m_axi_update_AWQOS     |  out|    4|       m_axi|                  update|       pointer|
|m_axi_update_AWREGION  |  out|    4|       m_axi|                  update|       pointer|
|m_axi_update_AWUSER    |  out|    1|       m_axi|                  update|       pointer|
|m_axi_update_WVALID    |  out|    1|       m_axi|                  update|       pointer|
|m_axi_update_WREADY    |   in|    1|       m_axi|                  update|       pointer|
|m_axi_update_WDATA     |  out|   32|       m_axi|                  update|       pointer|
|m_axi_update_WSTRB     |  out|    4|       m_axi|                  update|       pointer|
|m_axi_update_WLAST     |  out|    1|       m_axi|                  update|       pointer|
|m_axi_update_WID       |  out|    1|       m_axi|                  update|       pointer|
|m_axi_update_WUSER     |  out|    1|       m_axi|                  update|       pointer|
|m_axi_update_ARVALID   |  out|    1|       m_axi|                  update|       pointer|
|m_axi_update_ARREADY   |   in|    1|       m_axi|                  update|       pointer|
|m_axi_update_ARADDR    |  out|   64|       m_axi|                  update|       pointer|
|m_axi_update_ARID      |  out|    1|       m_axi|                  update|       pointer|
|m_axi_update_ARLEN     |  out|   32|       m_axi|                  update|       pointer|
|m_axi_update_ARSIZE    |  out|    3|       m_axi|                  update|       pointer|
|m_axi_update_ARBURST   |  out|    2|       m_axi|                  update|       pointer|
|m_axi_update_ARLOCK    |  out|    2|       m_axi|                  update|       pointer|
|m_axi_update_ARCACHE   |  out|    4|       m_axi|                  update|       pointer|
|m_axi_update_ARPROT    |  out|    3|       m_axi|                  update|       pointer|
|m_axi_update_ARQOS     |  out|    4|       m_axi|                  update|       pointer|
|m_axi_update_ARREGION  |  out|    4|       m_axi|                  update|       pointer|
|m_axi_update_ARUSER    |  out|    1|       m_axi|                  update|       pointer|
|m_axi_update_RVALID    |   in|    1|       m_axi|                  update|       pointer|
|m_axi_update_RREADY    |  out|    1|       m_axi|                  update|       pointer|
|m_axi_update_RDATA     |   in|   32|       m_axi|                  update|       pointer|
|m_axi_update_RLAST     |   in|    1|       m_axi|                  update|       pointer|
|m_axi_update_RID       |   in|    1|       m_axi|                  update|       pointer|
|m_axi_update_RUSER     |   in|    1|       m_axi|                  update|       pointer|
|m_axi_update_RRESP     |   in|    2|       m_axi|                  update|       pointer|
|m_axi_update_BVALID    |   in|    1|       m_axi|                  update|       pointer|
|m_axi_update_BREADY    |  out|    1|       m_axi|                  update|       pointer|
|m_axi_update_BRESP     |   in|    2|       m_axi|                  update|       pointer|
|m_axi_update_BID       |   in|    1|       m_axi|                  update|       pointer|
|m_axi_update_BUSER     |   in|    1|       m_axi|                  update|       pointer|
|frame_size             |   in|   32|     ap_none|              frame_size|        scalar|
|ddr_update             |   in|   64|     ap_none|              ddr_update|        scalar|
+-----------------------+-----+-----+------------+------------------------+--------------+

