

================================================================
== Synthesis Summary Report of 'mapchip'
================================================================
+ General Information: 
    * Date:           Sat Jul 10 10:01:57 2021
    * Version:        2020.2 (Build 3064766 on Wed Nov 18 09:12:47 MST 2020)
    * Project:        mapchip
    * Solution:       solution1 (Vivado IP Flow Target)
    * Product family: zynq
    * Target device:  xc7z020-clg400-1
    

+ Performance & Resource Estimates: 
    
    PS: '+' for module; 'o' for loop; '*' for dataflow
    +---------------------------------------------------------+--------+-------+---------+-----------+----------+---------+------+----------+---------+--------+------------+------------+-----+
    |                         Modules                         |  Issue |       | Latency |  Latency  | Iteration|         | Trip |          |         |        |            |            |     |
    |                         & Loops                         |  Type  | Slack | (cycles)|    (ns)   |  Latency | Interval| Count| Pipelined|  BRAM   |   DSP  |     FF     |     LUT    | URAM|
    +---------------------------------------------------------+--------+-------+---------+-----------+----------+---------+------+----------+---------+--------+------------+------------+-----+
    |+ mapchip                                                |  Timing|   0.00|   316500|  3.165e+06|         -|   316501|     -|        no|  11 (3%)|  6 (2%)|   6739 (6%)|  5373 (10%)|    -|
    | + grp_dataflow_in_loop_height_loop_fu_208*              |  Timing|   0.00|     1316|  1.316e+04|         -|      658|     -|  dataflow|   7 (2%)|  6 (2%)|   4605 (4%)|   3071 (5%)|    -|
    |  + grp_src_loop_proc_fu_278                             |  Timing|   0.00|      657|  6.570e+03|         -|      657|     -|        no|        -|       -|   1210 (1%)|    675 (1%)|    -|
    |   o src_loop                                            |       -|  -7.30|      641|  6.410e+03|         3|        1|   640|       yes|        -|       -|           -|           -|    -|
    |  + grp_dstout_loop_proc_fu_295                          |  Timing|   0.00|      657|  6.570e+03|         -|      657|     -|        no|        -|  6 (2%)|  1010 (~0%)|    620 (1%)|    -|
    |   o dstout_loop                                         |       -|  -7.30|      647|  6.470e+03|         9|        1|   640|       yes|        -|       -|           -|           -|    -|
    |  + grp_dstin_loop_proc_fu_309                           |  Timing|   0.00|      653|  6.530e+03|         -|      653|     -|        no|        -|       -|   598 (~0%)|   352 (~0%)|    -|
    |   o dstin_loop                                          |       -|  -7.30|      641|  6.410e+03|         3|        1|   640|       yes|        -|       -|           -|           -|    -|
    |  + call_ln0_dataflow_in_loop_height_loop_entry6_fu_320  |       -|  -3.67|        0|      0.000|         -|        0|     -|        no|        -|       -|     2 (~0%)|   155 (~0%)|    -|
    | o height_loop                                           |       -|  -7.30|   316499|  3.165e+06|      1318|        -|   480|        no|        -|       -|           -|           -|    -|
    +---------------------------------------------------------+--------+-------+---------+-----------+----------+---------+------+----------+---------+--------+------------+------------+-----+

