

================================================================
== Vitis HLS Report for 'dstin_loop_proc'
================================================================
* Date:           Tue Jul 27 20:14:35 2021

* Version:        2020.2 (Build 3064766 on Wed Nov 18 09:12:47 MST 2020)
* Project:        mapchip_color
* Solution:       solution1 (Vivado IP Flow Target)
* Product family: zynq
* Target device:  xc7z020-clg400-1


================================================================
== Performance Estimates
================================================================
+ Timing: 
    * Summary: 
    +--------+----------+----------+------------+
    |  Clock |  Target  | Estimated| Uncertainty|
    +--------+----------+----------+------------+
    |ap_clk  |  10.00 ns|  7.300 ns|     2.70 ns|
    +--------+----------+----------+------------+

+ Latency: 
    * Summary: 
    +---------+---------+----------+----------+-----+-----+---------+
    |  Latency (cycles) |  Latency (absolute) |  Interval | Pipeline|
    |   min   |   max   |    min   |    max   | min | max |   Type  |
    +---------+---------+----------+----------+-----+-----+---------+
    |       14|      653|  0.140 us|  6.530 us|   14|  653|     none|
    +---------+---------+----------+----------+-----+-----+---------+

    + Detail: 
        * Instance: 
        N/A

        * Loop: 
        +--------------+---------+---------+----------+-----------+-----------+---------+----------+
        |              |  Latency (cycles) | Iteration|  Initiation Interval  |   Trip  |          |
        |   Loop Name  |   min   |   max   |  Latency |  achieved |   target  |  Count  | Pipelined|
        +--------------+---------+---------+----------+-----------+-----------+---------+----------+
        |- dstin_loop  |        2|      641|         3|          1|          1|  1 ~ 640|       yes|
        +--------------+---------+---------+----------+-----------+-----------+---------+----------+



================================================================
== Utilization Estimates
================================================================
* Summary: 
+-----------------+---------+-----+--------+-------+-----+
|       Name      | BRAM_18K| DSP |   FF   |  LUT  | URAM|
+-----------------+---------+-----+--------+-------+-----+
|DSP              |        -|    -|       -|      -|    -|
|Expression       |        -|    -|       0|    138|    -|
|FIFO             |        -|    -|       -|      -|    -|
|Instance         |        -|    0|     165|     50|    -|
|Memory           |        -|    -|       -|      -|    -|
|Multiplexer      |        -|    -|       -|    164|    -|
|Register         |        -|    -|     425|      -|    -|
+-----------------+---------+-----+--------+-------+-----+
|Total            |        0|    0|     590|    352|    0|
+-----------------+---------+-----+--------+-------+-----+
|Available        |      280|  220|  106400|  53200|    0|
+-----------------+---------+-----+--------+-------+-----+
|Utilization (%)  |        0|    0|      ~0|     ~0|    0|
+-----------------+---------+-----+--------+-------+-----+

+ Detail: 
    * Instance: 
    +--------------------------+----------------------+---------+----+-----+----+-----+
    |         Instance         |        Module        | BRAM_18K| DSP|  FF | LUT| URAM|
    +--------------------------+----------------------+---------+----+-----+----+-----+
    |mul_32ns_32ns_62_2_1_U49  |mul_32ns_32ns_62_2_1  |        0|   0|  165|  50|    0|
    +--------------------------+----------------------+---------+----+-----+----+-----+
    |Total                     |                      |        0|   0|  165|  50|    0|
    +--------------------------+----------------------+---------+----+-----+----+-----+

    * DSP: 
    N/A

    * Memory: 
    N/A

    * FIFO: 
    N/A

    * Expression: 
    +-----------------------------------+----------+----+---+----+------------+------------+
    |           Variable Name           | Operation| DSP| FF| LUT| Bitwidth P0| Bitwidth P1|
    +-----------------------------------+----------+----+---+----+------------+------------+
    |add_ln324_fu_153_p2                |         +|   0|  0|  71|          64|          64|
    |add_ln82_fu_178_p2                 |         +|   0|  0|  39|          32|           1|
    |ap_block_pp0_stage0_11001          |       and|   0|  0|   2|           1|           1|
    |ap_block_state13_pp0_stage0_iter1  |       and|   0|  0|   2|           1|           1|
    |icmp_ln878_fu_184_p2               |      icmp|   0|  0|  18|          32|          32|
    |ap_block_state1                    |        or|   0|  0|   2|           1|           1|
    |ap_enable_pp0                      |       xor|   0|  0|   2|           1|           2|
    |ap_enable_reg_pp0_iter1            |       xor|   0|  0|   2|           2|           1|
    +-----------------------------------+----------+----+---+----+------------+------------+
    |Total                              |          |   0|  0| 138|         134|         103|
    +-----------------------------------+----------+----+---+----+------------+------------+

    * Multiplexer: 
    +----------------------------+----+-----------+-----+-----------+
    |            Name            | LUT| Input Size| Bits| Total Bits|
    +----------------------------+----+-----------+-----+-----------+
    |ap_NS_fsm                   |  65|         14|    1|         14|
    |ap_done                     |   9|          2|    1|          2|
    |ap_enable_reg_pp0_iter1     |   9|          2|    1|          2|
    |ap_enable_reg_pp0_iter2     |   9|          2|    1|          2|
    |ap_phi_mux_x_phi_fu_126_p4  |   9|          2|   32|         64|
    |dst_blk_n_AR                |   9|          2|    1|          2|
    |dst_blk_n_R                 |   9|          2|    1|          2|
    |dstin_blk_n                 |   9|          2|    1|          2|
    |frame_size_blk_n            |   9|          2|    1|          2|
    |mapchip_draw_xsize_blk_n    |   9|          2|    1|          2|
    |x_reg_122                   |   9|          2|   32|         64|
    |y_blk_n                     |   9|          2|    1|          2|
    +----------------------------+----+-----------+-----+-----------+
    |Total                       | 164|         36|   74|        160|
    +----------------------------+----+-----------+-----+-----------+

    * Register: 
    +----------------------------------+----+----+-----+-----------+
    |               Name               | FF | LUT| Bits| Const Bits|
    +----------------------------------+----+----+-----+-----------+
    |add_ln82_reg_240                  |  32|   0|   32|          0|
    |ap_CS_fsm                         |  13|   0|   13|          0|
    |ap_done_reg                       |   1|   0|    1|          0|
    |ap_enable_reg_pp0_iter0           |   1|   0|    1|          0|
    |ap_enable_reg_pp0_iter1           |   1|   0|    1|          0|
    |ap_enable_reg_pp0_iter2           |   1|   0|    1|          0|
    |dst_addr_reg_234                  |  64|   0|   64|          0|
    |dstin_read_reg_214                |  64|   0|   64|          0|
    |frame_size_read_reg_209           |  32|   0|   32|          0|
    |icmp_ln878_reg_245                |   1|   0|    1|          0|
    |icmp_ln878_reg_245_pp0_iter1_reg  |   1|   0|    1|          0|
    |mapchip_draw_xsize_read_reg_198   |  32|   0|   32|          0|
    |mul_i_i70_i_reg_229               |  62|   0|   62|          0|
    |trunc_ln324_reg_249               |  24|   0|   24|          0|
    |x_reg_122                         |  32|   0|   32|          0|
    |x_reg_122_pp0_iter1_reg           |  32|   0|   32|          0|
    |y_read_reg_204                    |  32|   0|   32|          0|
    +----------------------------------+----+----+-----+-----------+
    |Total                             | 425|   0|  425|          0|
    +----------------------------------+----+----+-----+-----------+



================================================================
== Interface
================================================================
* Summary: 
+----------------------------+-----+-----+------------+--------------------+--------------+
|          RTL Ports         | Dir | Bits|  Protocol  |    Source Object   |    C Type    |
+----------------------------+-----+-----+------------+--------------------+--------------+
|ap_clk                      |   in|    1|  ap_ctrl_hs|     dstin_loop_proc|  return value|
|ap_rst                      |   in|    1|  ap_ctrl_hs|     dstin_loop_proc|  return value|
|ap_start                    |   in|    1|  ap_ctrl_hs|     dstin_loop_proc|  return value|
|ap_done                     |  out|    1|  ap_ctrl_hs|     dstin_loop_proc|  return value|
|ap_continue                 |   in|    1|  ap_ctrl_hs|     dstin_loop_proc|  return value|
|ap_idle                     |  out|    1|  ap_ctrl_hs|     dstin_loop_proc|  return value|
|ap_ready                    |  out|    1|  ap_ctrl_hs|     dstin_loop_proc|  return value|
|mapchip_draw_xsize_dout     |   in|   32|     ap_fifo|  mapchip_draw_xsize|       pointer|
|mapchip_draw_xsize_empty_n  |   in|    1|     ap_fifo|  mapchip_draw_xsize|       pointer|
|mapchip_draw_xsize_read     |  out|    1|     ap_fifo|  mapchip_draw_xsize|       pointer|
|y_dout                      |   in|   32|     ap_fifo|                   y|       pointer|
|y_empty_n                   |   in|    1|     ap_fifo|                   y|       pointer|
|y_read                      |  out|    1|     ap_fifo|                   y|       pointer|
|frame_size_dout             |   in|   32|     ap_fifo|          frame_size|       pointer|
|frame_size_empty_n          |   in|    1|     ap_fifo|          frame_size|       pointer|
|frame_size_read             |  out|    1|     ap_fifo|          frame_size|       pointer|
|dstin_dout                  |   in|   64|     ap_fifo|               dstin|       pointer|
|dstin_empty_n               |   in|    1|     ap_fifo|               dstin|       pointer|
|dstin_read                  |  out|    1|     ap_fifo|               dstin|       pointer|
|m_axi_dst_AWVALID           |  out|    1|       m_axi|                 dst|       pointer|
|m_axi_dst_AWREADY           |   in|    1|       m_axi|                 dst|       pointer|
|m_axi_dst_AWADDR            |  out|   64|       m_axi|                 dst|       pointer|
|m_axi_dst_AWID              |  out|    1|       m_axi|                 dst|       pointer|
|m_axi_dst_AWLEN             |  out|   32|       m_axi|                 dst|       pointer|
|m_axi_dst_AWSIZE            |  out|    3|       m_axi|                 dst|       pointer|
|m_axi_dst_AWBURST           |  out|    2|       m_axi|                 dst|       pointer|
|m_axi_dst_AWLOCK            |  out|    2|       m_axi|                 dst|       pointer|
|m_axi_dst_AWCACHE           |  out|    4|       m_axi|                 dst|       pointer|
|m_axi_dst_AWPROT            |  out|    3|       m_axi|                 dst|       pointer|
|m_axi_dst_AWQOS             |  out|    4|       m_axi|                 dst|       pointer|
|m_axi_dst_AWREGION          |  out|    4|       m_axi|                 dst|       pointer|
|m_axi_dst_AWUSER            |  out|    1|       m_axi|                 dst|       pointer|
|m_axi_dst_WVALID            |  out|    1|       m_axi|                 dst|       pointer|
|m_axi_dst_WREADY            |   in|    1|       m_axi|                 dst|       pointer|
|m_axi_dst_WDATA             |  out|   32|       m_axi|                 dst|       pointer|
|m_axi_dst_WSTRB             |  out|    4|       m_axi|                 dst|       pointer|
|m_axi_dst_WLAST             |  out|    1|       m_axi|                 dst|       pointer|
|m_axi_dst_WID               |  out|    1|       m_axi|                 dst|       pointer|
|m_axi_dst_WUSER             |  out|    1|       m_axi|                 dst|       pointer|
|m_axi_dst_ARVALID           |  out|    1|       m_axi|                 dst|       pointer|
|m_axi_dst_ARREADY           |   in|    1|       m_axi|                 dst|       pointer|
|m_axi_dst_ARADDR            |  out|   64|       m_axi|                 dst|       pointer|
|m_axi_dst_ARID              |  out|    1|       m_axi|                 dst|       pointer|
|m_axi_dst_ARLEN             |  out|   32|       m_axi|                 dst|       pointer|
|m_axi_dst_ARSIZE            |  out|    3|       m_axi|                 dst|       pointer|
|m_axi_dst_ARBURST           |  out|    2|       m_axi|                 dst|       pointer|
|m_axi_dst_ARLOCK            |  out|    2|       m_axi|                 dst|       pointer|
|m_axi_dst_ARCACHE           |  out|    4|       m_axi|                 dst|       pointer|
|m_axi_dst_ARPROT            |  out|    3|       m_axi|                 dst|       pointer|
|m_axi_dst_ARQOS             |  out|    4|       m_axi|                 dst|       pointer|
|m_axi_dst_ARREGION          |  out|    4|       m_axi|                 dst|       pointer|
|m_axi_dst_ARUSER            |  out|    1|       m_axi|                 dst|       pointer|
|m_axi_dst_RVALID            |   in|    1|       m_axi|                 dst|       pointer|
|m_axi_dst_RREADY            |  out|    1|       m_axi|                 dst|       pointer|
|m_axi_dst_RDATA             |   in|   32|       m_axi|                 dst|       pointer|
|m_axi_dst_RLAST             |   in|    1|       m_axi|                 dst|       pointer|
|m_axi_dst_RID               |   in|    1|       m_axi|                 dst|       pointer|
|m_axi_dst_RUSER             |   in|    1|       m_axi|                 dst|       pointer|
|m_axi_dst_RRESP             |   in|    2|       m_axi|                 dst|       pointer|
|m_axi_dst_BVALID            |   in|    1|       m_axi|                 dst|       pointer|
|m_axi_dst_BREADY            |  out|    1|       m_axi|                 dst|       pointer|
|m_axi_dst_BRESP             |   in|    2|       m_axi|                 dst|       pointer|
|m_axi_dst_BID               |   in|    1|       m_axi|                 dst|       pointer|
|m_axi_dst_BUSER             |   in|    1|       m_axi|                 dst|       pointer|
|dst_V2_address0             |  out|   10|   ap_memory|              dst_V2|         array|
|dst_V2_ce0                  |  out|    1|   ap_memory|              dst_V2|         array|
|dst_V2_we0                  |  out|    1|   ap_memory|              dst_V2|         array|
|dst_V2_d0                   |  out|   24|   ap_memory|              dst_V2|         array|
+----------------------------+-----+-----+------------+--------------------+--------------+

